Archive member included to satisfy reference by file (symbol)

/opt/blocksds/core/libs/libnds/lib/libnds9.a(mpu_setup.s.o)
                              /opt/blocksds/core/sys/crts/ds_arm9_crt0.o (__libnds_mpu_setup)
/opt/blocksds/core/libs/libnds/lib/libnds9.a(cp15.s.o)
                              /opt/blocksds/core/libs/libnds/lib/libnds9.a(mpu_setup.s.o) (CP15_FlushICache)
/opt/blocksds/core/libs/libnds/lib/libnds9.a(memset.s.o)
                              build/LaRosaDelsVents/source/ECS/EntityManager.cpp.o (memset)
/opt/blocksds/core/libs/libnds/lib/libnds9.a(crt0_argv.c.o)
                              /opt/blocksds/core/sys/crts/ds_arm9_crt0.o (build_argv)
/opt/blocksds/core/libs/libnds/lib/libnds9.a(initSystem.c.o)
                              /opt/blocksds/core/sys/crts/ds_arm9_crt0.o (__debugger_unit)
/opt/blocksds/core/libs/libnds/lib/libnds9.a(keys.c.o)
                              build/LaRosaDelsVents/source/main.cpp.o (scanKeys)
/opt/blocksds/core/libs/libnds/lib/libnds9.a(securearea.c.o)
                              /opt/blocksds/core/sys/crts/ds_arm9_crt0.o (__secure_area__)
/opt/blocksds/core/libs/libnds/lib/libnds9.a(system.c.o)
                              /opt/blocksds/core/libs/libnds/lib/libnds9.a(initSystem.c.o) (systemValueHandler)
/opt/blocksds/core/libs/libnds/lib/libnds9.a(exceptions.c.o)
                              /opt/blocksds/core/libs/libnds/lib/libnds9.a(system.c.o) (exceptionStatePrint)
/opt/blocksds/core/libs/libnds/lib/libnds9.a(console.c.o)
                              /opt/blocksds/core/libs/libnds/lib/libnds9.a(exceptions.c.o) (consolePrintChar)
/opt/blocksds/core/libs/libnds/lib/libnds9.a(sassert.c.o)
                              /opt/blocksds/core/libs/libnds/lib/libnds9.a(system.c.o) (__sassert)
/opt/blocksds/core/libs/libnds/lib/libnds9.a(debugprint.c.o)
                              /opt/blocksds/core/libs/libnds/lib/libnds9.a(console.c.o) (nocash_putc_buffered)
/opt/blocksds/core/libs/libnds/lib/libnds9.a(sbrk.c.o)
                              /opt/blocksds/core/sys/crts/ds_arm9_crt0.o (fake_heap_start)
/opt/blocksds/core/libs/libnds/lib/libnds9.a(exit.c.o)
                              /opt/blocksds/core/sys/crts/ds_arm9_crt0.o (__libnds_exit)
/opt/blocksds/core/libs/libnds/lib/libnds9.a(heapfuncs.c.o)
                              /opt/blocksds/core/libs/libnds/lib/libnds9.a(initSystem.c.o) (reduceHeapSize)
/opt/blocksds/core/libs/libnds/lib/libnds9.a(fifosystem.c.o)
                              /opt/blocksds/core/libs/libnds/lib/libnds9.a(system.c.o) (fifoSendValue32)
/opt/blocksds/core/libs/libnds/lib/libnds9.a(interrupts.c.o)
                              /opt/blocksds/core/libs/libnds/lib/libnds9.a(fifosystem.c.o) (irqSet)
/opt/blocksds/core/libs/libnds/lib/libnds9.a(threads.c.o)
                              /opt/blocksds/core/libs/libnds/lib/libnds9.a(fifosystem.c.o) (cothread_yield_signal)
/opt/blocksds/core/libs/libnds/lib/libnds9.a(swiIntrWait.c.o)
                              /opt/blocksds/core/libs/libnds/lib/libnds9.a(system.c.o) (swiIntrWait)
/opt/blocksds/core/libs/libnds/lib/libnds9.a(exceptions.c.o)
                              /opt/blocksds/core/libs/libnds/lib/libnds9.a(exceptions.c.o) (setExceptionHandler)
/opt/blocksds/core/libs/libnds/lib/libnds9.a(default_font.png.o)
                              /opt/blocksds/core/libs/libnds/lib/libnds9.a(console.c.o) (default_fontTiles)
/opt/blocksds/core/libs/libnds/lib/libnds9.a(cpu_clock.s.o)
                              /opt/blocksds/core/libs/libnds/lib/libnds9.a(initSystem.c.o) (setCpuClock)
/opt/blocksds/core/libs/libnds/lib/libnds9.a(debugprint.s.o)
                              /opt/blocksds/core/libs/libnds/lib/libnds9.a(debugprint.c.o) (nocashWrite)
/opt/blocksds/core/libs/libnds/lib/libnds9.a(interruptDispatcher.s.o)
                              /opt/blocksds/core/libs/libnds/lib/libnds9.a(interrupts.c.o) (IntrMain)
/opt/blocksds/core/libs/libnds/lib/libnds9.a(coroutine.s.o)
                              /opt/blocksds/core/libs/libnds/lib/libnds9.a(threads.c.o) (__ndsabi_coro_resume)
/opt/blocksds/core/libs/libnds/lib/libnds9.a(memcpy.s.o)
                              /opt/blocksds/core/libs/libnds/lib/libnds9.a(keys.c.o) (memcpy)
/opt/blocksds/core/libs/libnds/lib/libnds9.a(aeabi_read_tp.s.o)
                              /opt/blocksds/core/libs/libnds/lib/libnds9.a(sbrk.c.o) (__aeabi_read_tp)
/opt/blocksds/core/libs/libnds/lib/libnds9.a(dma.s.o)
                              /opt/blocksds/core/libs/libnds/lib/libnds9.a(initSystem.c.o) (dmaSetParams)
/opt/blocksds/core/libs/libnds/lib/libnds9.a(cpu.s.o)
                              /opt/blocksds/core/libs/libnds/lib/libnds9.a(exceptions.c.o) (getCPSR)
/opt/blocksds/core/libs/libnds/lib/libnds9.a(exceptionHandler.s.o)
                              /opt/blocksds/core/libs/libnds/lib/libnds9.a(exceptions.c.o) (enterException)
/opt/blocksds/core/libs/libnds/lib/libnds9.a(iob.c.o)
[...]
Memory Configuration

Name             Origin             Length             Attributes
ewram            0x02000000         0x00380000
dtcm             0x02ff0000         0x00004000
itcm             0x01000000         0x00008000
*default*        0x00000000         0xffffffff

Linker script and memory map

                0x00000000                        PROVIDE (__dtcm_data_size = 0x0)
                0x00000001                        ASSERT (((__dtcm_data_size & 0x3) == 0x0), __dtcm_data_size must be a multiple of 4)
                0x00004000                        PROVIDE (__dldi_size = 0x4000)
                0x00000040                        PROVIDE (__dtcm_reserved_size = 0x40)
                0x00000001                        ASSERT (((__dtcm_reserved_size & 0x3) == 0x0), __dtcm_reserved_size must be a multiple of 4)
                0x00000100                        PROVIDE (__svc_stack_size = 0x100)
                0x00000001                        ASSERT (((__svc_stack_size & 0x3) == 0x0), __svc_stack_size must be a multiple of 4)
                0x00000100                        PROVIDE (__irq_stack_size = 0x100)
                0x00000001                        ASSERT (((__irq_stack_size & 0x3) == 0x0), __irq_stack_size must be a multiple of 4)
                0x00000000                        PROVIDE (__usr_stack_size = 0x0)
                0x00000001                        ASSERT (((__usr_stack_size & 0x3) == 0x0), __usr_stack_size must be a multiple of 4)
                0x02380000                        __ewram_end = (ORIGIN (ewram) + LENGTH (ewram))
                0x02380000                        __eheap_end = (ORIGIN (ewram) + LENGTH (ewram))
                0x02ff0000                        __dtcm_start = ORIGIN (dtcm)
                0x02ff4000                        __dtcm_top = (ORIGIN (dtcm) + LENGTH (dtcm))
                0x02ff3ff8                        __irq_flags = (__dtcm_top - 0x8)
                0x02ff3ffc                        __irq_vector = (__dtcm_top - 0x4)
                0x02ff3fc0                        __sp_svc = (__dtcm_top - __dtcm_reserved_size)
                0x02ff3ec0                        __sp_irq = (__sp_svc - __svc_stack_size)
                0x02ff3dc0                        __sp_usr = ((__sp_irq - __irq_stack_size) - __dtcm_data_size)
                0x02ff0000                        __dtcm_data_start = (__dtcm_data_size > 0x0)?__sp_usr:ORIGIN (dtcm)
                0x02ff3dc0                        __dtcm_data_top = (__dtcm_data_size > 0x0)?(__sp_irq - __irq_stack_size):(__sp_usr - __usr_stack_size)
                0x0000000e                        __dldi_log2_size = (LOG2CEIL ((__dldi_size + 0x1)) - 0x1)

.secure         0x02000000      0x800
 *(.secure)
 .secure        0x02000000      0x800 /opt/blocksds/core/libs/libnds/lib/libnds9.a(securearea.c.o)
                0x02000000                __secure_area__

.crt0           0x02000800      0x2d4
                0x02000800                        __text_start = .
 *(.crt0)
 .crt0          0x02000800      0x2d4 /opt/blocksds/core/sys/crts/ds_arm9_crt0.o
                0x02000800                _start
                0x02000ad4                        . = ALIGN (0x4)

.dldi           0x02000ad4        0x0
                0x02000ad4                        __dldi_start = .
 *(.dldi)
                0x02000ad4                        . = ALIGN (0x4)
                0x02000ad4                        __dldi_data_end = .
                0x02000ad4                        __dldi_end = (__dldi_data_end > __dldi_start)?(__dldi_start + __dldi_size):__dldi_start
                0x02000ad4                        . = __dldi_end
                0x02000ad4                        . = ALIGN (0x4)

.plt
 *(.plt)

.init           0x02000ad4        0x8
 *(SORT_NONE(.init))
 .init          0x02000ad4        0x8 /opt/wonderful/toolchain/gcc-arm-none-eabi/lib/gcc/arm-none-eabi/15.2.1/thumb/arm946e-s/crtn.o

.text           0x02000ae0     0x4b48
 *(EXCLUDE_FILE(*.twl* *.itcm*) .text)
 .text          0x02000ae0        0xe /opt/wonderful/toolchain/gcc-arm-none-eabi/lib/gcc/arm-none-eabi/15.2.1/../../../../arm-none-eabi/lib/thumb/arm946e-s/libc.a(strlen.S.o)
                0x02000ae0                strlen
 *fill*         0x02000aee        0x2 ff
 .text          0x02000af0       0x14 /opt/wonderful/toolchain/gcc-arm-none-eabi/lib/gcc/arm-none-eabi/15.2.1/thumb/arm946e-s/libgcc.a(_thumb1_case_uqi.o)
                0x02000af0                __gnu_thumb1_case_uqi
 .text          0x02000b04       0x14 /opt/wonderful/toolchain/gcc-arm-none-eabi/lib/gcc/arm-none-eabi/15.2.1/thumb/arm946e-s/libgcc.a(_thumb1_case_uhi.o)
                0x02000b04                __gnu_thumb1_case_uhi
 .text          0x02000b18      0x214 /opt/wonderful/toolchain/gcc-arm-none-eabi/lib/gcc/arm-none-eabi/15.2.1/thumb/arm946e-s/libgcc.a(_udivsi3.o)
                0x02000b18                __udivsi3
                0x02000b18                __aeabi_uidiv
                0x02000d0c                __aeabi_uidivmod
 .text          0x02000d2c      0x248 /opt/wonderful/toolchain/gcc-arm-none-eabi/lib/gcc/arm-none-eabi/15.2.1/thumb/arm946e-s/libgcc.a(_divsi3.o)
                0x02000d2c                __aeabi_idiv
                0x02000d2c                __divsi3
                0x02000f54                __aeabi_idivmod
 .text          0x02000f74        0x4 /opt/wonderful/toolchain/gcc-arm-none-eabi/lib/gcc/arm-none-eabi/15.2.1/thumb/arm946e-s/libgcc.a(_dvmd_tls.o)
                0x02000f74                __aeabi_ldiv0
                0x02000f74                __aeabi_idiv0
 .text          0x02000f78       0x18 /opt/wonderful/toolchain/gcc-arm-none-eabi/lib/gcc/arm-none-eabi/15.2.1/thumb/arm946e-s/libgcc.a(_lshrdi3.o)
                0x02000f78                __aeabi_llsr
                0x02000f78                __lshrdi3
 .text          0x02000f90       0x1c /opt/wonderful/toolchain/gcc-arm-none-eabi/lib/gcc/arm-none-eabi/15.2.1/thumb/arm946e-s/libgcc.a(_ashrdi3.o)
                0x02000f90                __ashrdi3
                0x02000f90                __aeabi_lasr
 .text          0x02000fac       0x18 /opt/wonderful/toolchain/gcc-arm-none-eabi/lib/gcc/arm-none-eabi/15.2.1/thumb/arm946e-s/libgcc.a(_ashldi3.o)
                0x02000fac                __ashldi3
                0x02000fac                __aeabi_llsl
 .text          0x02000fc4        0x8 /opt/wonderful/toolchain/gcc-arm-none-eabi/lib/gcc/arm-none-eabi/15.2.1/thumb/arm946e-s/libgcc.a(_clzsi2.o)
                0x02000fc4                __clzsi2
 .text          0x02000fcc       0x3c /opt/wonderful/toolchain/gcc-arm-none-eabi/lib/gcc/arm-none-eabi/15.2.1/thumb/arm946e-s/libgcc.a(_aeabi_uldivmod.o)
                0x02000fcc                __aeabi_uldivmod
 .text          0x02001008      0x190 /opt/wonderful/toolchain/gcc-arm-none-eabi/lib/gcc/arm-none-eabi/15.2.1/thumb/arm946e-s/libgcc.a(_udivmoddi4.o)
                0x02001008                __udivmoddi4
 .text          0x02001198       0x14 /opt/wonderful/toolchain/gcc-arm-none-eabi/lib/gcc/arm-none-eabi/15.2.1/thumb/arm946e-s/libgcc.a(muldi3.o)
                0x02001198                __aeabi_lmul
                0x02001198                __muldi3
 .text          0x020011ac       0x14 /opt/wonderful/toolchain/gcc-arm-none-eabi/lib/gcc/arm-none-eabi/15.2.1/thumb/arm946e-s/libgcc.a(_clzdi2.o)
                0x020011ac                __clzdi2
 *(EXCLUDE_FILE(*.twl* *.itcm*) .stub)
 *(EXCLUDE_FILE(*.twl* *.itcm*) .text.*)
 .text._ZN3ecs13EntityManagerC2Ev
                0x020011c0       0x48 build/LaRosaDelsVents/source/ECS/EntityManager.cpp.o
                0x020011c0                ecs::EntityManager::EntityManager()
                0x020011c0                ecs::EntityManager::EntityManager()
 .text._ZN3ecs13EntityManager6createEv
                0x02001208       0x2c build/LaRosaDelsVents/source/ECS/EntityManager.cpp.o
                0x02001208                ecs::EntityManager::create()
 .text._ZN3ecs13EntityManager7destroyEt
                0x02001234       0x2c build/LaRosaDelsVents/source/ECS/EntityManager.cpp.o
                0x02001234                ecs::EntityManager::destroy(unsigned short)
 .text.startup.main
                0x02001260       0xe4 build/LaRosaDelsVents/source/main.cpp.o
                0x02001260                main
 .text.__libnds_mpu_setup
                0x02001344      0x1c4 /opt/blocksds/core/libs/libnds/lib/libnds9.a(mpu_setup.s.o)
                0x02001344                __libnds_mpu_setup
 .text.CP15_MPUDisable
                0x02001508       0x3c /opt/blocksds/core/libs/libnds/lib/libnds9.a(mpu_setup.s.o)
                0x02001508                CP15_MPUDisable
 .text.memUncached
                0x02001544       0x20 /opt/blocksds/core/libs/libnds/lib/libnds9.a(mpu_setup.s.o)
                0x02001544                memUncached
 .text.CP15_FlushICache
                0x02001564        0xc /opt/blocksds/core/libs/libnds/lib/libnds9.a(cp15.s.o)
                0x02001564                CP15_FlushICache
 .text.CP15_FlushDCache
                0x02001570        0xc /opt/blocksds/core/libs/libnds/lib/libnds9.a(cp15.s.o)
                0x02001570                CP15_FlushDCache
 .text.CP15_CleanAndFlushDCache
                0x0200157c       0x34 /opt/blocksds/core/libs/libnds/lib/libnds9.a(cp15.s.o)
                0x0200157c                CP15_CleanAndFlushDCache
 .text.__aeabi_memset
                0x020015b0       0x9c /opt/blocksds/core/libs/libnds/lib/libnds9.a(memset.s.o)
                0x020015b0                __aeabi_memset
                0x020015d4                __aeabi_memset8
                0x020015d4                __aeabi_memset4
                0x020015e0                __ndsabi_wordset4
                0x020015e4                __ndsabi_lwordset4
 .text.__ndsabi_memset1
                0x0200164c       0x10 /opt/blocksds/core/libs/libnds/lib/libnds9.a(memset.s.o)
                0x0200164c                __ndsabi_memset1
 .text.memset   0x0200165c       0x1c /opt/blocksds/core/libs/libnds/lib/libnds9.a(memset.s.o)
                0x0200165c                memset
 .text.build_argv
                0x02001678       0x58 /opt/blocksds/core/libs/libnds/lib/libnds9.a(crt0_argv.c.o)
                0x02001678                build_argv
 .text.initSystem
                0x020016d0      0x130 /opt/blocksds/core/libs/libnds/lib/libnds9.a(initSystem.c.o)
                0x020016d0                initSystem
 .text.scanKeys
                0x02001800       0xcc /opt/blocksds/core/libs/libnds/lib/libnds9.a(keys.c.o)
                0x02001800                scanKeys
 .text.keysHeld
                0x020018cc        0xc /opt/blocksds/core/libs/libnds/lib/libnds9.a(keys.c.o)
                0x020018cc                keysHeld
 .text.keysDown
                0x020018d8        0xc /opt/blocksds/core/libs/libnds/lib/libnds9.a(keys.c.o)
                0x020018d8                keysDown
 .text.setTransferInputData
                0x020018e4       0x1c /opt/blocksds/core/libs/libnds/lib/libnds9.a(keys.c.o)
                0x020018e4                setTransferInputData
 .text.systemValueHandler
                0x02001900       0xc4 /opt/blocksds/core/libs/libnds/lib/libnds9.a(system.c.o)
                0x02001900                systemValueHandler
 .text.systemMsgHandler
                0x020019c4       0x2c /opt/blocksds/core/libs/libnds/lib/libnds9.a(system.c.o)
                0x020019c4                systemMsgHandler
 .text.powerOn  0x020019f0       0x2c /opt/blocksds/core/libs/libnds/lib/libnds9.a(system.c.o)
                0x020019f0                powerOn
 .text.releaseCrashHandler
                0x02001a1c       0x7c /opt/blocksds/core/libs/libnds/lib/libnds9.a(exceptions.c.o)
 .text.exceptionStatePrint
                0x02001a98       0xf4 /opt/blocksds/core/libs/libnds/lib/libnds9.a(exceptions.c.o)
                0x02001a98                exceptionStatePrint
 .text.releaseExceptionHandler
                0x02001b8c       0x10 /opt/blocksds/core/libs/libnds/lib/libnds9.a(exceptions.c.o)
                0x02001b8c                releaseExceptionHandler
 .text.newRow   0x02001b9c       0x88 /opt/blocksds/core/libs/libnds/lib/libnds9.a(console.c.o)
 .text.consolePrintChar.part.0
                0x02001c24      0x100 /opt/blocksds/core/libs/libnds/lib/libnds9.a(console.c.o)
 .text.consolePrintChar
                0x02001d24       0x2c /opt/blocksds/core/libs/libnds/lib/libnds9.a(console.c.o)
                0x02001d24                consolePrintChar
 .text.con_write
                0x02001d50      0x330 /opt/blocksds/core/libs/libnds/lib/libnds9.a(console.c.o)
 .text.consoleLoadFont
                0x02002080      0x24c /opt/blocksds/core/libs/libnds/lib/libnds9.a(console.c.o)
                0x02002080                consoleLoadFont
 .text.consoleInitEx
                0x020022cc      0x19c /opt/blocksds/core/libs/libnds/lib/libnds9.a(console.c.o)
                0x020022cc                consoleInitEx
 .text.consoleDemoInit
                0x02002468       0x48 /opt/blocksds/core/libs/libnds/lib/libnds9.a(console.c.o)
                0x02002468                consoleDemoInit
 .text.consoleSetCursor
                0x020024b0       0x24 /opt/blocksds/core/libs/libnds/lib/libnds9.a(console.c.o)
                0x020024b0                consoleSetCursor
 .text.consoleSetColor
                0x020024d4       0x18 /opt/blocksds/core/libs/libnds/lib/libnds9.a(console.c.o)
                0x020024d4                consoleSetColor
 .text.consoleArm7Flush
                0x020024ec       0x90 /opt/blocksds/core/libs/libnds/lib/libnds9.a(console.c.o)
                0x020024ec                consoleArm7Flush
 .text.__sassert
                0x0200257c       0x90 /opt/blocksds/core/libs/libnds/lib/libnds9.a(sassert.c.o)
                0x0200257c                __sassert
 .text.sbrk     0x0200260c       0x44 /opt/blocksds/core/libs/libnds/lib/libnds9.a(sbrk.c.o)
                0x0200260c                sbrk
 .text.systemErrorExit
                0x02002650        0x4 /opt/blocksds/core/libs/libnds/lib/libnds9.a(exit.c.o)
                0x02002650                systemErrorExit
 .text.__libnds_exit
                0x02002654        0x8 /opt/blocksds/core/libs/libnds/lib/libnds9.a(exit.c.o)
                0x02002654                __libnds_exit
 .text._exit    0x0200265c       0x88 /opt/blocksds/core/libs/libnds/lib/libnds9.a(exit.c.o)
                0x0200265c                _exit
 .text.reduceHeapSize
                0x020026e4       0x2c /opt/blocksds/core/libs/libnds/lib/libnds9.a(heapfuncs.c.o)
                0x020026e4                reduceHeapSize
 .text.fifo_buffer_wait_block
                0x02002710       0x74 /opt/blocksds/core/libs/libnds/lib/libnds9.a(fifosystem.c.o)
 .text.fifoFillTxFifoFromBuffer
                0x02002784       0xa0 /opt/blocksds/core/libs/libnds/lib/libnds9.a(fifosystem.c.o)
 .text.fifoInternalSendInterrupt
                0x02002824        0x8 /opt/blocksds/core/libs/libnds/lib/libnds9.a(fifosystem.c.o)
 .text.fifoInternalSend
                0x0200282c       0xd8 /opt/blocksds/core/libs/libnds/lib/libnds9.a(fifosystem.c.o)
 .text.fifoSendValue32
                0x02002904       0x3c /opt/blocksds/core/libs/libnds/lib/libnds9.a(fifosystem.c.o)
                0x02002904                fifoSendValue32
 .text.fifoGetDatamsg
                0x02002940       0xe0 /opt/blocksds/core/libs/libnds/lib/libnds9.a(fifosystem.c.o)
                0x02002940                fifoGetDatamsg
 .text.fifoReadRxFifoAndProcessBuffer
                0x02002a20      0x344 /opt/blocksds/core/libs/libnds/lib/libnds9.a(fifosystem.c.o)
 .text.fifoGetValue32
                0x02002d64       0x7c /opt/blocksds/core/libs/libnds/lib/libnds9.a(fifosystem.c.o)
                0x02002d64                fifoGetValue32
 .text.fifoInternalRecvInterrupt
                0x02002de0        0x8 /opt/blocksds/core/libs/libnds/lib/libnds9.a(fifosystem.c.o)
 .text.fifoSetValue32Handler
                0x02002de8       0x80 /opt/blocksds/core/libs/libnds/lib/libnds9.a(fifosystem.c.o)
                0x02002de8                fifoSetValue32Handler
 .text.fifoSetDatamsgHandler
                0x02002e68       0xa8 /opt/blocksds/core/libs/libnds/lib/libnds9.a(fifosystem.c.o)
                0x02002e68                fifoSetDatamsgHandler
 .text.fifoInit
                0x02002f10      0x138 /opt/blocksds/core/libs/libnds/lib/libnds9.a(fifosystem.c.o)
                0x02002f10                fifoInit
 .text.irqSet   0x02003048       0x90 /opt/blocksds/core/libs/libnds/lib/libnds9.a(interrupts.c.o)
                0x02003048                irqSet
 .text.irqInit  0x020030d8       0x44 /opt/blocksds/core/libs/libnds/lib/libnds9.a(interrupts.c.o)
                0x020030d8                irqInit
 .text.irqEnable
                0x0200311c       0x64 /opt/blocksds/core/libs/libnds/lib/libnds9.a(interrupts.c.o)
                0x0200311c                irqEnable
 .text.cothread_delete_internal
                0x02003180       0xa0 /opt/blocksds/core/libs/libnds/lib/libnds9.a(threads.c.o)
 .text.cothread_main
                0x02003220       0x18 /opt/blocksds/core/libs/libnds/lib/libnds9.a(threads.c.o)
                0x02003220                cothread_main
 .text.cothread_yield
                0x02003238       0x20 /opt/blocksds/core/libs/libnds/lib/libnds9.a(threads.c.o)
                0x02003238                cothread_yield
 .text.cothread_start
                0x02003258      0x114 /opt/blocksds/core/libs/libnds/lib/libnds9.a(threads.c.o)
                0x02003258                cothread_start
 .text.setExceptionHandler
                0x0200336c       0x18 /opt/blocksds/core/libs/libnds/lib/libnds9.a(exceptions.c.o)
                0x0200336c                setExceptionHandler
 .text.libndsCrash
                0x02003384        0xc /opt/blocksds/core/libs/libnds/lib/libnds9.a(exceptions.c.o)
                0x02003384                libndsCrash
 .text.__ndsabi_coro_resume
                0x02003390       0x18 /opt/blocksds/core/libs/libnds/lib/libnds9.a(coroutine.s.o)
                0x02003390                __ndsabi_coro_resume
 .text.__ndsabi_coro_yield
                0x020033a8       0x1c /opt/blocksds/core/libs/libnds/lib/libnds9.a(coroutine.s.o)
                0x020033a8                __ndsabi_coro_yield
 .text.__ndsabi_coro_pop_noctx
                0x020033c4       0x34 /opt/blocksds/core/libs/libnds/lib/libnds9.a(coroutine.s.o)
                0x020033c4                __ndsabi_coro_pop_noctx
 .text.__aeabi_memcpy
                0x020033f8       0xc8 /opt/blocksds/core/libs/libnds/lib/libnds9.a(memcpy.s.o)
                0x020033f8                __aeabi_memcpy
                0x02003430                __aeabi_memcpy4
                0x02003430                __aeabi_memcpy8
                0x0200349c                __ndsabi_memcpy2
 .text.__ndsabi_memcpy1
                0x020034c0       0x14 /opt/blocksds/core/libs/libnds/lib/libnds9.a(memcpy.s.o)
                0x020034c0                __ndsabi_memcpy1
 .text.memcpy   0x020034d4       0x10 /opt/blocksds/core/libs/libnds/lib/libnds9.a(memcpy.s.o)
                0x020034d4                memcpy
 .text.__aeabi_read_tp
                0x020034e4        0xc /opt/blocksds/core/libs/libnds/lib/libnds9.a(aeabi_read_tp.s.o)
                0x020034e4                __aeabi_read_tp
 .text.dmaSetParams
                0x020034f0       0x1c /opt/blocksds/core/libs/libnds/lib/libnds9.a(dma.s.o)
                0x020034f0                dmaSetParams
 .text.getCPSR  0x0200350c        0x8 /opt/blocksds/core/libs/libnds/lib/libnds9.a(cpu.s.o)
                0x0200350c                getCPSR
 .text.enterException
                0x02003514       0xd4 /opt/blocksds/core/libs/libnds/lib/libnds9.a(exceptionHandler.s.o)
                0x02003514                enterException
                0x02003588                exceptionC
                0x0200358c                exceptionStack
                0x02003590                exceptionRegisters
 .text.putc_buffered
                0x020035e8       0x94 /opt/blocksds/core/libs/libnds/lib/libnds9.a(iob.c.o)
 .text.stderr_putc_buffered
                0x0200367c       0x20 /opt/blocksds/core/libs/libnds/lib/libnds9.a(iob.c.o)
 .text.stdout_putc_buffered
                0x0200369c       0x40 /opt/blocksds/core/libs/libnds/lib/libnds9.a(iob.c.o)
 .text.setBrightness
                0x020036dc       0x40 /opt/blocksds/core/libs/libnds/lib/libnds9.a(video.c.o)
                0x020036dc                setBrightness
 .text.vramDefault
                0x0200371c       0xe4 /opt/blocksds/core/libs/libnds/lib/libnds9.a(video.c.o)
                0x0200371c                vramDefault
 .text.checkIfText
                0x02003800       0x6c /opt/blocksds/core/libs/libnds/lib/libnds9.a(background.c.o)
                0x02003800                checkIfText
 .text.bgUpdate
                0x0200386c       0xe8 /opt/blocksds/core/libs/libnds/lib/libnds9.a(background.c.o)
                0x0200386c                bgUpdate
 .text.bgInit_call
                0x02003954       0xa8 /opt/blocksds/core/libs/libnds/lib/libnds9.a(background.c.o)
                0x02003954                bgInit_call
 .text.bgInitSub_call
                0x020039fc       0xb0 /opt/blocksds/core/libs/libnds/lib/libnds9.a(background.c.o)
                0x020039fc                bgInitSub_call
 .text.__retarget_lock_acquire_recursive
                0x02003aac       0x70 /opt/blocksds/core/libs/libnds/lib/libnds9.a(locks.c.o)
                0x02003aac                __retarget_lock_acquire_recursive
 .text.__retarget_lock_release_recursive
                0x02003b1c       0x58 /opt/blocksds/core/libs/libnds/lib/libnds9.a(locks.c.o)
                0x02003b1c                __retarget_lock_release_recursive
 .text.__ndsabi_coro_make_noctx
                0x02003b74       0x28 /opt/blocksds/core/libs/libnds/lib/libnds9.a(coroutine.c.o)
                0x02003b74                __ndsabi_coro_make_noctx
 .text.sinLutLookup
                0x02003b9c       0x4c /opt/blocksds/core/libs/libnds/lib/libnds9.a(trig.c.o)
                0x02003b9c                sinLutLookup
 .text.sinLerp  0x02003be8       0x38 /opt/blocksds/core/libs/libnds/lib/libnds9.a(trig.c.o)
                0x02003be8                sinLerp
 .text.cosLerp  0x02003c20       0x44 /opt/blocksds/core/libs/libnds/lib/libnds9.a(trig.c.o)
                0x02003c20                cosLerp
 .text.malloc_trim
                0x02003c64       0x9c /opt/wonderful/toolchain/gcc-arm-none-eabi/lib/gcc/arm-none-eabi/15.2.1/../../../../arm-none-eabi/lib/thumb/arm946e-s/libc.a(malloc-free.c.o)
                0x02003c64                malloc_trim
 .text.free     0x02003d00      0x164 /opt/wonderful/toolchain/gcc-arm-none-eabi/lib/gcc/arm-none-eabi/15.2.1/../../../../arm-none-eabi/lib/thumb/arm946e-s/libc.a(malloc-free.c.o)
                0x02003d00                __malloc_free
                0x02003d00                free
 .text.__libc_init_array
                0x02003e64       0x1c /opt/wonderful/toolchain/gcc-arm-none-eabi/lib/gcc/arm-none-eabi/15.2.1/../../../../arm-none-eabi/lib/thumb/arm946e-s/libc.a(libc_misc_init.c.o)
                0x02003e64                __libc_init_array
 .text.exit     0x02003e80        0xe /opt/wonderful/toolchain/gcc-arm-none-eabi/lib/gcc/arm-none-eabi/15.2.1/../../../../arm-none-eabi/lib/thumb/arm946e-s/libc.a(libc_stdlib_pico-exit.c.o)
                0x02003e80                exit
 .text.fflush   0x02003e8e       0x10 /opt/wonderful/toolchain/gcc-arm-none-eabi/lib/gcc/arm-none-eabi/15.2.1/../../../../arm-none-eabi/lib/thumb/arm946e-s/libc.a(libc_tinystdio_fflush.c.o)
                0x02003e8e                fflush
 *fill*         0x02003e9e        0x2 ff
 .text.printf   0x02003ea0       0x20 /opt/wonderful/toolchain/gcc-arm-none-eabi/lib/gcc/arm-none-eabi/15.2.1/../../../../arm-none-eabi/lib/thumb/arm946e-s/libc.a(libc_tinystdio_printf.c.o)
                0x02003ea0                printf
 .text.putchar  0x02003ec0       0x10 /opt/wonderful/toolchain/gcc-arm-none-eabi/lib/gcc/arm-none-eabi/15.2.1/../../../../arm-none-eabi/lib/thumb/arm946e-s/libc.a(libc_tinystdio_putchar.c.o)
                0x02003ec0                putchar
                0x02003ec0                putchar_unlocked
 .text.puts     0x02003ed0       0x44 /opt/wonderful/toolchain/gcc-arm-none-eabi/lib/gcc/arm-none-eabi/15.2.1/../../../../arm-none-eabi/lib/thumb/arm946e-s/libc.a(libc_tinystdio_puts.c.o)
                0x02003ed0                puts
 .text.setvbuf  0x02003f14       0x18 /opt/wonderful/toolchain/gcc-arm-none-eabi/lib/gcc/arm-none-eabi/15.2.1/../../../../arm-none-eabi/lib/thumb/arm946e-s/libc.a(libc_tinystdio_setvbuf.c.o)
                0x02003f14                setvbuf
 .text.__ultoa_invert
                0x02003f2c       0x52 /opt/wonderful/toolchain/gcc-arm-none-eabi/lib/gcc/arm-none-eabi/15.2.1/../../../../arm-none-eabi/lib/thumb/arm946e-s/libc.a(libc_tinystdio_vfprintf.c.o)
 *fill*         0x02003f7e        0x2 ff
 .text.skip_to_arg
                0x02003f80      0x13c /opt/wonderful/toolchain/gcc-arm-none-eabi/lib/gcc/arm-none-eabi/15.2.1/../../../../arm-none-eabi/lib/thumb/arm946e-s/libc.a(libc_tinystdio_vfprintf.c.o)
 .text.vfprintf
                0x020040bc      0x9c4 /opt/wonderful/toolchain/gcc-arm-none-eabi/lib/gcc/arm-none-eabi/15.2.1/../../../../arm-none-eabi/lib/thumb/arm946e-s/libc.a(libc_tinystdio_vfprintf.c.o)
                0x020040bc                __d_vfprintf
                0x020040bc                vfprintf
 .text.vprintf  0x02004a80       0x14 /opt/wonderful/toolchain/gcc-arm-none-eabi/lib/gcc/arm-none-eabi/15.2.1/../../../../arm-none-eabi/lib/thumb/arm946e-s/libc.a(libc_tinystdio_vprintf.c.o)
                0x02004a80                vprintf
 .text.mulShiftAll64
                0x02004a94      0x202 /opt/wonderful/toolchain/gcc-arm-none-eabi/lib/gcc/arm-none-eabi/15.2.1/../../../../arm-none-eabi/lib/thumb/arm946e-s/libc.a(libc_tinystdio_dtoa_ryu.c.o)
 *fill*         0x02004c96        0x2 ff
 .text.div10    0x02004c98       0x28 /opt/wonderful/toolchain/gcc-arm-none-eabi/lib/gcc/arm-none-eabi/15.2.1/../../../../arm-none-eabi/lib/thumb/arm946e-s/libc.a(libc_tinystdio_dtoa_ryu.c.o)
 .text.__dtoa_engine
                0x02004cc0      0x4b8 /opt/wonderful/toolchain/gcc-arm-none-eabi/lib/gcc/arm-none-eabi/15.2.1/../../../../arm-none-eabi/lib/thumb/arm946e-s/libc.a(libc_tinystdio_dtoa_ryu.c.o)
                0x02004cc0                __dtoa_engine
 .text.__log10Pow2
                0x02005178        0xc /opt/wonderful/toolchain/gcc-arm-none-eabi/lib/gcc/arm-none-eabi/15.2.1/../../../../arm-none-eabi/lib/thumb/arm946e-s/libc.a(libc_tinystdio_ryu_log10.c.o)
                0x02005178                __log10Pow2
 .text.__log10Pow5
                0x02005184        0xc /opt/wonderful/toolchain/gcc-arm-none-eabi/lib/gcc/arm-none-eabi/15.2.1/../../../../arm-none-eabi/lib/thumb/arm946e-s/libc.a(libc_tinystdio_ryu_log10.c.o)
                0x02005184                __log10Pow5
 .text.__pow5bits
                0x02005190       0x10 /opt/wonderful/toolchain/gcc-arm-none-eabi/lib/gcc/arm-none-eabi/15.2.1/../../../../arm-none-eabi/lib/thumb/arm946e-s/libc.a(libc_tinystdio_ryu_pow5bits.c.o)
                0x02005190                __pow5bits
 .text.__pow5Factor
                0x020051a0       0x2c /opt/wonderful/toolchain/gcc-arm-none-eabi/lib/gcc/arm-none-eabi/15.2.1/../../../../arm-none-eabi/lib/thumb/arm946e-s/libc.a(libc_tinystdio_ryu_table.c.o)
                0x020051a0                __pow5Factor
 .text.__double_computePow5
                0x020051cc      0x100 /opt/wonderful/toolchain/gcc-arm-none-eabi/lib/gcc/arm-none-eabi/15.2.1/../../../../arm-none-eabi/lib/thumb/arm946e-s/libc.a(libc_tinystdio_ryu_table.c.o)
                0x020051cc                __double_computePow5
 .text.__double_computeInvPow5
                0x020052cc       0xfc /opt/wonderful/toolchain/gcc-arm-none-eabi/lib/gcc/arm-none-eabi/15.2.1/../../../../arm-none-eabi/lib/thumb/arm946e-s/libc.a(libc_tinystdio_ryu_table.c.o)
                0x020052cc                __double_computeInvPow5
 .text.__umul128
                0x020053c8       0x6c /opt/wonderful/toolchain/gcc-arm-none-eabi/lib/gcc/arm-none-eabi/15.2.1/../../../../arm-none-eabi/lib/thumb/arm946e-s/libc.a(libc_tinystdio_ryu_umul128.c.o)
                0x020053c8                __umul128
 .text.__shiftright128
                0x02005434       0x28 /opt/wonderful/toolchain/gcc-arm-none-eabi/lib/gcc/arm-none-eabi/15.2.1/../../../../arm-none-eabi/lib/thumb/arm946e-s/libc.a(libc_tinystdio_ryu_umul128.c.o)
                0x02005434                __shiftright128
 .text.__libc_fini_array
                0x0200545c       0x1c /opt/wonderful/toolchain/gcc-arm-none-eabi/lib/gcc/arm-none-eabi/15.2.1/../../../../arm-none-eabi/lib/thumb/arm946e-s/libc.a(libc_misc_fini.c.o)
                0x0200545c                __libc_fini_array
 .text.strnlen  0x02005478       0x16 /opt/wonderful/toolchain/gcc-arm-none-eabi/lib/gcc/arm-none-eabi/15.2.1/../../../../arm-none-eabi/lib/thumb/arm946e-s/libc.a(libc_string_strnlen.c.o)
                0x02005478                strnlen
 *fill*         0x0200548e        0x2 ff
 .text.__dtox_engine
                0x02005490      0x128 /opt/wonderful/toolchain/gcc-arm-none-eabi/lib/gcc/arm-none-eabi/15.2.1/../../../../arm-none-eabi/lib/thumb/arm946e-s/libc.a(libc_tinystdio_dtox_engine.c.o)
                0x02005490                __dtox_engine
 .text.putc     0x020055b8       0x2c /opt/wonderful/toolchain/gcc-arm-none-eabi/lib/gcc/arm-none-eabi/15.2.1/../../../../arm-none-eabi/lib/thumb/arm946e-s/libc.a(libc_tinystdio_fputc.c.o)
                0x020055b8                putc_unlocked
                0x020055b8                putc
                0x020055b8                fputc
 *fill*         0x020055e4        0x4 ff
 .text.putc.__stub
                0x020055e8       0x40 linker stubs
 *(EXCLUDE_FILE(*.twl*) .gnu.warning)
 *(EXCLUDE_FILE(*.twl*) .gnu.linkonce.t*)
 *(.glue_7)
 .glue_7        0x02005628        0x0 linker stubs
 *(.glue_7t)
 .glue_7t       0x02005628        0x0 linker stubs
                0x02005628                        . = ALIGN (0x4)

.vfp11_veneer   0x02005628        0x0
 .vfp11_veneer  0x02005628        0x0 linker stubs

.v4_bx          0x02005628        0x0
 .v4_bx         0x02005628        0x0 linker stubs

.iplt           0x02005628        0x0
 .iplt          0x02005628        0x0 /opt/blocksds/core/sys/crts/ds_arm9_crt0.o

.fini           0x02005628        0x8
 *(.fini)
 .fini          0x02005628        0x8 /opt/wonderful/toolchain/gcc-arm-none-eabi/lib/gcc/arm-none-eabi/15.2.1/thumb/arm946e-s/crtn.o
                0x02005630                        __text_end = .

.rodata         0x02005630      0xb84
 *(EXCLUDE_FILE(*.twl*) .rodata)
 .rodata        0x02005630       0x40 /opt/blocksds/core/libs/libnds/lib/libnds9.a(exceptions.c.o)
 .rodata        0x02005670      0x340 /opt/wonderful/toolchain/gcc-arm-none-eabi/lib/gcc/arm-none-eabi/15.2.1/../../../../arm-none-eabi/lib/thumb/arm946e-s/libc.a(libc_tinystdio_ryu_table.c.o)
 *all.rodata*(*)
 *(EXCLUDE_FILE(*.twl*) .roda)
 *(EXCLUDE_FILE(*.twl*) .rodata.*)
 .rodata.main.str1.4
                0x020059b0      0x241 build/LaRosaDelsVents/source/main.cpp.o
                                 0xaf (size before relaxing)
 .rodata.systemValueHandler.str1.4
                0x02005bf1        0x0 /opt/blocksds/core/libs/libnds/lib/libnds9.a(system.c.o)
                                 0x2b (size before relaxing)
 *fill*         0x02005bf1        0x3 ff
 .rodata.systemValueHandler
                0x02005bf4       0x10 /opt/blocksds/core/libs/libnds/lib/libnds9.a(system.c.o)
 .rodata.releaseCrashHandler.str1.4
                0x02005c04        0x0 /opt/blocksds/core/libs/libnds/lib/libnds9.a(exceptions.c.o)
                                 0x33 (size before relaxing)
 .rodata.exceptionStatePrint.str1.4
                0x02005c04        0x0 /opt/blocksds/core/libs/libnds/lib/libnds9.a(exceptions.c.o)
                                 0x58 (size before relaxing)
 .rodata.str1.4
                0x02005c04        0x0 /opt/blocksds/core/libs/libnds/lib/libnds9.a(exceptions.c.o)
                                 0x40 (size before relaxing)
 .rodata.con_write
                0x02005c04      0x118 /opt/blocksds/core/libs/libnds/lib/libnds9.a(console.c.o)
 .rodata.__sassert.str1.4
                0x02005d1c        0x0 /opt/blocksds/core/libs/libnds/lib/libnds9.a(sassert.c.o)
                                 0x73 (size before relaxing)
 .rodata.fifoReadRxFifoAndProcessBuffer.str1.4
                0x02005d1c        0x0 /opt/blocksds/core/libs/libnds/lib/libnds9.a(fifosystem.c.o)
                                 0x15 (size before relaxing)
 .rodata.__func__.0
                0x02005d1c       0x19 /opt/blocksds/core/libs/libnds/lib/libnds9.a(threads.c.o)
 *fill*         0x02005d35        0x3 ff
 .rodata.default_fontTiles
                0x02005d38      0x300 /opt/blocksds/core/libs/libnds/lib/libnds9.a(default_font.png.o)
                0x02005d38                default_fontTiles
 .rodata.stderr
                0x02006038        0x4 /opt/blocksds/core/libs/libnds/lib/libnds9.a(iob.c.o)
                0x02006038                stderr
 .rodata.stdout
                0x0200603c        0x4 /opt/blocksds/core/libs/libnds/lib/libnds9.a(iob.c.o)
                0x0200603c                stdout
 .rodata.bgTransform
                0x02006040       0x20 /opt/blocksds/core/libs/libnds/lib/libnds9.a(background.c.o)
                0x02006040                bgTransform
 .rodata.bgScrollTable
                0x02006060       0x20 /opt/blocksds/core/libs/libnds/lib/libnds9.a(background.c.o)
                0x02006060                bgScrollTable
 .rodata.bgControl
                0x02006080       0x20 /opt/blocksds/core/libs/libnds/lib/libnds9.a(background.c.o)
                0x02006080                bgControl
 .rodata.__retarget_lock_release_recursive.str1.4
                0x020060a0        0x0 /opt/blocksds/core/libs/libnds/lib/libnds9.a(locks.c.o)
                                  0xd (size before relaxing)
 .rodata.SIN_LUT
                0x020060a0      0x102 /opt/blocksds/core/libs/libnds/lib/libnds9.a(trig.c.o)
                0x020060a0                SIN_LUT
 .rodata.str1.1
                0x020061a2        0xf /opt/wonderful/toolchain/gcc-arm-none-eabi/lib/gcc/arm-none-eabi/15.2.1/../../../../arm-none-eabi/lib/thumb/arm946e-s/libc.a(libc_tinystdio_vfprintf.c.o)
 *(EXCLUDE_FILE(*.twl*) .gnu.linkonce.r*)
                0x020061b4                        . = ALIGN (0x4)
 *fill*         0x020061b1        0x3 ff

.ARM.extab
 *(.ARM.extab* .gnu.linkonce.armextab.*)
                0x020061b4                        __exidx_start = .

ARM.exidx       0x020061b4        0x8
 *(.ARM.exidx* .gnu.linkonce.armexidx.*)
 .ARM.exidx     0x020061b4        0x8 /opt/wonderful/toolchain/gcc-arm-none-eabi/lib/gcc/arm-none-eabi/15.2.1/thumb/arm946e-s/libgcc.a(_udivmoddi4.o)
                0x020061bc                        __exidx_end = .
                0x020061bc                        . = ALIGN (0x4)

.init_array     0x020061bc        0x0
                [!provide]                        PROVIDE (__preinit_array_start = .)
                0x020061bc                        PROVIDE (__bothinit_array_start = .)
 *(.preinit_array)
                [!provide]                        PROVIDE (__preinit_array_end = .)
                [!provide]                        PROVIDE (__init_array_start = .)
 *(SORT_BY_INIT_PRIORITY(.init_array.*) SORT_BY_INIT_PRIORITY(.ctors.*))
 *(.init_array EXCLUDE_FILE(*crtend?.o *crtend.o *crtbegin?.o *crtbegin.o) .ctors)
                [!provide]                        PROVIDE (__init_array_end = .)
                0x020061bc                        PROVIDE (__bothinit_array_end = .)

.fini_array     0x020061bc        0x0
                0x020061bc                        PROVIDE (__fini_array_start = .)
 *(SORT_BY_INIT_PRIORITY(.fini_array.*) SORT_BY_INIT_PRIORITY(.dtors.*))
 *(.fini_array EXCLUDE_FILE(*crtend?.o *crtend.o *crtbegin?.o *crtbegin.o) .dtors)
 *(.fini_array*)
                0x020061bc                        PROVIDE (__fini_array_end = .)

.ctors          0x020061bc        0x0
 *crtbegin.o(.ctors)
 *crtbegin?.o(.ctors)
 *(EXCLUDE_FILE(*crtend?.o *crtend.o) .ctors)
 *(SORT_BY_NAME(.ctors.*))
 *(.ctors)
                0x020061bc                        . = ALIGN (0x4)

.dtors          0x020061bc        0x0
 *crtbegin.o(.dtors)
 *crtbegin?.o(.dtors)
 *(EXCLUDE_FILE(*crtend?.o *crtend.o) .dtors)
 *(SORT_BY_NAME(.dtors.*))
 *(.dtors)
                0x020061bc                        . = ALIGN (0x4)

.eh_frame       0x020061bc        0x4
 *(.eh_frame)
 .eh_frame      0x020061bc        0x4 /opt/wonderful/toolchain/gcc-arm-none-eabi/lib/gcc/arm-none-eabi/15.2.1/thumb/arm946e-s/crtend.o
                0x020061c0                        . = ALIGN (0x4)

.rel.dyn        0x020061c0        0x0
 .rel.iplt      0x020061c0        0x0 /opt/blocksds/core/sys/crts/ds_arm9_crt0.o

.gcc_except_table
                0x020061c0        0x0
 *(.gcc_except_table .gcc_except_table.*)
                0x020061c0                        . = ALIGN (0x4)

.got            0x020061c0       0x10
 *(.got.plt)
 .got.plt       0x020061c0        0xc /opt/blocksds/core/sys/crts/ds_arm9_crt0.o
                0x020061c0                _GLOBAL_OFFSET_TABLE_
 *(.got)
 .got           0x020061cc        0x4 /opt/blocksds/core/sys/crts/ds_arm9_crt0.o
 *(.rel.got)
 .rel.got       0x020061d0        0x0 /opt/blocksds/core/sys/crts/ds_arm9_crt0.o

.ewram          0x020061d0        0x0
                0x020061d0                        __ewram_start = ABSOLUTE (.)
 *(.ewram)
 *ewram.*(.text)
                0x020061d0                        . = ALIGN (0x4)

.data           0x020061d0      0x468
                0x020061d0                        __data_start = ABSOLUTE (.)
 *(EXCLUDE_FILE(*.twl*) .data)
 .data          0x020061d0       0x28 /opt/blocksds/core/libs/libnds/lib/libnds9.a(mpu_setup.s.o)
 .data          0x020061f8      0x410 /opt/wonderful/toolchain/gcc-arm-none-eabi/lib/gcc/arm-none-eabi/15.2.1/../../../../arm-none-eabi/lib/thumb/arm946e-s/libc.a(malloc-malloc.c.o)
                0x020061f8                __malloc_sbrk_base
                0x020061fc                __malloc_trim_threshold
                0x02006200                __malloc_av_
 *(EXCLUDE_FILE(*.twl*) .data.*)
 .data.count    0x02006608        0x1 /opt/blocksds/core/libs/libnds/lib/libnds9.a(keys.c.o)
 .data.repeat   0x02006609        0x1 /opt/blocksds/core/libs/libnds/lib/libnds9.a(keys.c.o)
 .data.delay    0x0200660a        0x1 /opt/blocksds/core/libs/libnds/lib/libnds9.a(keys.c.o)
 *fill*         0x0200660b        0x1 ff
 .data.latchedArm7Buttons
                0x0200660c        0x2 /opt/blocksds/core/libs/libnds/lib/libnds9.a(keys.c.o)
 .data.receivedArm7Buttons
                0x0200660e        0x2 /opt/blocksds/core/libs/libnds/lib/libnds9.a(keys.c.o)
 .data.firstConsoleInit.0
                0x02006610        0x1 /opt/blocksds/core/libs/libnds/lib/libnds9.a(console.c.o)
 *fill*         0x02006611        0x3 ff
 .data.currentConsole
                0x02006614        0x4 /opt/blocksds/core/libs/libnds/lib/libnds9.a(console.c.o)
 .data.__stderr
                0x02006618       0x10 /opt/blocksds/core/libs/libnds/lib/libnds9.a(iob.c.o)
 .data.__stdout
                0x02006628       0x10 /opt/blocksds/core/libs/libnds/lib/libnds9.a(iob.c.o)
 *(EXCLUDE_FILE(*.twl*) .gnu.linkonce.d*)
                0x02006638                        . = ALIGN (0x4)

.igot.plt       0x02006638        0x0
 .igot.plt      0x02006638        0x0 /opt/blocksds/core/sys/crts/ds_arm9_crt0.o

.tdata          0x02006638        0x0
                0x02006638                        __tdata_start = ABSOLUTE (.)
 *(.tdata .tdata.* .gnu.linkonce.td.*)
                0x02006638                        . = ALIGN (0x4)
                0x02006638                        __tdata_end = ABSOLUTE (.)
                0x02006638                        __data_end = .
                0x00000000                        __tdata_size = (__tdata_end - __tdata_start)

.tbss           0x02006638        0x4
                0x02006638                        __tbss_start = ABSOLUTE (.)
 *(.tbss .tbss.* .gnu.linkonce.tb.*)
 .tbss          0x02006638        0x4 /opt/wonderful/toolchain/gcc-arm-none-eabi/lib/gcc/arm-none-eabi/15.2.1/../../../../arm-none-eabi/lib/thumb/arm946e-s/libc.a(libc_errno_errno.c.o)
                0x02006638                errno
 *(.tcommon)
                0x0200663c                        . = ALIGN (0x4)
                0x0200663c                        __tbss_end = ABSOLUTE (.)
                0x00000004                        __tbss_size = (__tbss_end - __tbss_start)
                0x02006638                        __bss_vma = .

.dtcm           0x02ff0000        0x0 load address 0x02006638
                0x02006638                        __dtcm_lma = LOADADDR (.dtcm)
 *(.dtcm)
 *(.dtcm.*)
                0x02ff0000                        . = ALIGN (0x4)
                0x02ff0000                        __dtcm_end = ABSOLUTE (.)

.itcm           0x01000000      0x458 load address 0x02006638
                0x02006638                        __itcm_lma = LOADADDR (.itcm)
                0x01000000                        __itcm_start = ABSOLUTE (.)
 *(.vectors .vectors.*)
 *(.itcm)
 *(.itcm.*)
 .itcm.data     0x01000000       0x80 /opt/blocksds/core/libs/libnds/lib/libnds9.a(interrupts.c.o)
                0x01000000                irqTable
 .itcm.text     0x01000080       0xc0 /opt/blocksds/core/libs/libnds/lib/libnds9.a(threads.c.o)
                0x01000080                cothread_yield_signal
                0x010000c8                cothread_send_signal
 .itcm.data     0x01000140        0x4 /opt/blocksds/core/libs/libnds/lib/libnds9.a(threads.c.o)
                0x01000140                __tls
 .itcm.bss      0x01000144       0x8c /opt/blocksds/core/libs/libnds/lib/libnds9.a(threads.c.o)
                0x01000144                cothread_threads_waiting_count
                0x01000148                cothread_threads_count
                0x0100014c                cothread_list_signal
                0x01000150                cothread_list_irq
 .itcm.text     0x010001d0       0x90 /opt/blocksds/core/libs/libnds/lib/libnds9.a(swiIntrWait.c.o)
                0x010001d0                swiIntrWait
                0x01000254                swiWaitForVBlank
 .itcm.setCpuClock
                0x01000260       0x50 /opt/blocksds/core/libs/libnds/lib/libnds9.a(cpu_clock.s.o)
                0x01000260                setCpuClock
 .itcm.IntrMain
                0x010002b0      0x110 /opt/blocksds/core/libs/libnds/lib/libnds9.a(interruptDispatcher.s.o)
                0x010002b0                IntrMain
                0x010003bc                irq_nesting_level
 .itcm.text     0x010003c0       0x8c /opt/blocksds/core/libs/libnds/lib/libnds9.a(cache.c.o)
                0x010003c0                CP15_CleanAndFlushDCacheRange
                0x010003f4                CP15_FlushDCacheRange
                0x01000420                CP15_FlushICacheRange
 *fill*         0x0100044c        0x4 ff
 .itcm.text.__stub
                0x01000450        0x8 linker stubs
 *.itcm*(.text .stub .text.*)
                0x01000458                        . = ALIGN (0x4)
                0x01000458                        __itcm_end = ABSOLUTE (.)

.sbss           0x02ff0000        0x0
                0x02ff0000                        __sbss_start = ABSOLUTE (.)
                0x02ff0000                        __sbss_start__ = ABSOLUTE (.)
 *(.sbss)
 *(.sbss.*)
                0x02ff0000                        . = ALIGN (0x4)
                0x02ff0000                        __sbss_end = ABSOLUTE (.)

.bss            0x02006638      0xcc8
                0x02006638                        __bss_start = ABSOLUTE (.)
                0x02006638                        __bss_start__ = ABSOLUTE (.)
 *(EXCLUDE_FILE(*.twl*) .dynbss)
 *(EXCLUDE_FILE(*.twl*) .gnu.linkonce.b*)
 *(EXCLUDE_FILE(*.twl*) .bss*)
 .bss.punixTime
                0x02006638        0x4 /opt/blocksds/core/libs/libnds/lib/libnds9.a(initSystem.c.o)
                0x02006638                punixTime
 .bss.__debugger_unit
                0x0200663c        0x1 /opt/blocksds/core/libs/libnds/lib/libnds9.a(initSystem.c.o)
                0x0200663c                __debugger_unit
 .bss.__dsimode
                0x0200663d        0x1 /opt/blocksds/core/libs/libnds/lib/libnds9.a(initSystem.c.o)
                0x0200663d                __dsimode
 .bss.keysrepeat
                0x0200663e        0x2 /opt/blocksds/core/libs/libnds/lib/libnds9.a(keys.c.o)
 .bss.keysup    0x02006640        0x2 /opt/blocksds/core/libs/libnds/lib/libnds9.a(keys.c.o)
 .bss.keysdown  0x02006642        0x2 /opt/blocksds/core/libs/libnds/lib/libnds9.a(keys.c.o)
 .bss.keys      0x02006644        0x2 /opt/blocksds/core/libs/libnds/lib/libnds9.a(keys.c.o)
 *fill*         0x02006646        0x2 
 .bss.latchedTouchPosition
                0x02006648        0xc /opt/blocksds/core/libs/libnds/lib/libnds9.a(keys.c.o)
 .bss.receivedTouchPosition
                0x02006654        0xc /opt/blocksds/core/libs/libnds/lib/libnds9.a(keys.c.o)
 .bss.SDcallback
                0x02006660        0x4 /opt/blocksds/core/libs/libnds/lib/libnds9.a(system.c.o)
 .bss.arm7console
                0x02006664        0x4 /opt/blocksds/core/libs/libnds/lib/libnds9.a(console.c.o)
 .bss.arm7con   0x02006668        0x4 /opt/blocksds/core/libs/libnds/lib/libnds9.a(console.c.o)
 .bss.libnds_stderr_write
                0x0200666c        0x4 /opt/blocksds/core/libs/libnds/lib/libnds9.a(console.c.o)
                0x0200666c                libnds_stderr_write
 .bss.libnds_stdout_write
                0x02006670        0x4 /opt/blocksds/core/libs/libnds/lib/libnds9.a(console.c.o)
                0x02006670                libnds_stdout_write
 .bss.currentCopy
                0x02006674       0x40 /opt/blocksds/core/libs/libnds/lib/libnds9.a(console.c.o)
 .bss.heap_start
                0x020066b4        0x4 /opt/blocksds/core/libs/libnds/lib/libnds9.a(sbrk.c.o)
 .bss.fake_heap_start
                0x020066b8        0x4 /opt/blocksds/core/libs/libnds/lib/libnds9.a(sbrk.c.o)
                0x020066b8                fake_heap_start
 .bss.fake_heap_end
                0x020066bc        0x4 /opt/blocksds/core/libs/libnds/lib/libnds9.a(sbrk.c.o)
                0x020066bc                fake_heap_end
 .bss.fifo_rx_processing
                0x020066c0        0x1 /opt/blocksds/core/libs/libnds/lib/libnds9.a(fifosystem.c.o)
 *fill*         0x020066c1        0x3 
 .bss.fifo_datamsg_data
                0x020066c4       0x40 /opt/blocksds/core/libs/libnds/lib/libnds9.a(fifosystem.c.o)
 .bss.fifo_value32_data
                0x02006704       0x40 /opt/blocksds/core/libs/libnds/lib/libnds9.a(fifosystem.c.o)
 .bss.fifo_address_data
                0x02006744       0x40 /opt/blocksds/core/libs/libnds/lib/libnds9.a(fifosystem.c.o)
 .bss.fifo_datamsg_func
                0x02006784       0x40 /opt/blocksds/core/libs/libnds/lib/libnds9.a(fifosystem.c.o)
 .bss.fifo_value32_func
                0x020067c4       0x40 /opt/blocksds/core/libs/libnds/lib/libnds9.a(fifosystem.c.o)
 .bss.fifo_address_func
                0x02006804       0x40 /opt/blocksds/core/libs/libnds/lib/libnds9.a(fifosystem.c.o)
 .bss.fifo_rx_queue
                0x02006844        0x4 /opt/blocksds/core/libs/libnds/lib/libnds9.a(fifosystem.c.o)
 .bss.fifo_tx_queue
                0x02006848        0x4 /opt/blocksds/core/libs/libnds/lib/libnds9.a(fifosystem.c.o)
 .bss.fifo_free_queue
                0x0200684c        0x4 /opt/blocksds/core/libs/libnds/lib/libnds9.a(fifosystem.c.o)
 .bss.fifo_value32_queue
                0x02006850       0x40 /opt/blocksds/core/libs/libnds/lib/libnds9.a(fifosystem.c.o)
 .bss.fifo_data_queue
                0x02006890       0x40 /opt/blocksds/core/libs/libnds/lib/libnds9.a(fifosystem.c.o)
 .bss.fifo_address_queue
                0x020068d0       0x40 /opt/blocksds/core/libs/libnds/lib/libnds9.a(fifosystem.c.o)
 .bss.global_pool_free_words
                0x02006910        0x4 /opt/blocksds/core/libs/libnds/lib/libnds9.a(fifosystem.c.o)
 .bss.global_fifo_pool
                0x02006914      0x800 /opt/blocksds/core/libs/libnds/lib/libnds9.a(fifosystem.c.o)
 .bss.main_args
                0x02007114        0x8 /opt/blocksds/core/libs/libnds/lib/libnds9.a(threads.c.o)
 .bss.cothread_list
                0x0200711c       0x20 /opt/blocksds/core/libs/libnds/lib/libnds9.a(threads.c.o)
 .bss.cothread_active_thread
                0x0200713c        0x4 /opt/blocksds/core/libs/libnds/lib/libnds9.a(threads.c.o)
 .bss.free_fn   0x02007140        0x4 /opt/blocksds/core/libs/libnds/lib/libnds9.a(threads.c.o)
 .bss.exceptionMsg
                0x02007144        0x4 /opt/blocksds/core/libs/libnds/lib/libnds9.a(exceptions.c.o)
                0x02007144                exceptionMsg
 .bss.stderr_buf_len
                0x02007148        0x2 /opt/blocksds/core/libs/libnds/lib/libnds9.a(iob.c.o)
 .bss.stdout_buf_len
                0x0200714a        0x2 /opt/blocksds/core/libs/libnds/lib/libnds9.a(iob.c.o)
 .bss.stderr_buf
                0x0200714c       0x11 /opt/blocksds/core/libs/libnds/lib/libnds9.a(iob.c.o)
 *fill*         0x0200715d        0x3 
 .bss.stdout_buf
                0x02007160       0x11 /opt/blocksds/core/libs/libnds/lib/libnds9.a(iob.c.o)
 *fill*         0x02007171        0x3 
 .bss.bgIsTextLut
                0x02007174        0x8 /opt/blocksds/core/libs/libnds/lib/libnds9.a(background.c.o)
                0x02007174                bgIsTextLut
 .bss.bgState   0x0200717c      0x140 /opt/blocksds/core/libs/libnds/lib/libnds9.a(background.c.o)
                0x0200717c                bgState
 .bss.__lock___libc_recursive_mutex
                0x020072bc       0x10 /opt/blocksds/core/libs/libnds/lib/libnds9.a(locks.c.o)
                0x020072bc                __lock___libc_recursive_mutex
 .bss           0x020072cc       0x34 /opt/wonderful/toolchain/gcc-arm-none-eabi/lib/gcc/arm-none-eabi/15.2.1/../../../../arm-none-eabi/lib/thumb/arm946e-s/libc.a(malloc-malloc.c.o)
                0x020072cc                __malloc_top_pad
                0x020072d0                __malloc_current_mallinfo
                0x020072f8                __malloc_max_sbrked_mem
                0x020072fc                __malloc_max_total_mem
 *(EXCLUDE_FILE(*.twl*) COMMON)
                0x02007300                        . = ALIGN (0x4)
                0x02007300                        __bss_end__ = ABSOLUTE (.)

.noinit         0x02007300        0x0
                0x02007300                        __noinit_start = ABSOLUTE (.)
 *(EXCLUDE_FILE(*.twl*) .noinit)
 *(EXCLUDE_FILE(*.twl*) .noinit.*)
 *(EXCLUDE_FILE(*.twl*) .gnu.linkonce.n.*)
                0x02007300                        . = ALIGN (0x4)
                0x02007300                        __noinit_end = ABSOLUTE (.)

.tls            0x02007300        0x4
                0x02007300                        __tls_start = ABSOLUTE (.)
                0x02007304                        . = ((. + __tdata_size) + __tbss_size)
 *fill*         0x02007300        0x4 
                0x02007304                        __tls_end = ABSOLUTE (.)
                0x02007304                        __end__ = ABSOLUTE (.)
                0x00000004                        __tls_size = (__tls_end - __tls_start)

.twl            0x02007304        0x0 load address 0x02400000
                0x02400000                        __arm9i_lma__ = LOADADDR (.twl)
                0x02007304                        __arm9i_start__ = ABSOLUTE (.)
 *(.twl)
 *(.twl.text .twl.text.*)
 *(.twl.rodata .twl.rodata.*)
 *(.twl.data .twl.data.*)
 *.twl*(.text .stub .text.* .gnu.linkonce.t.*)
 *.twl*(.rodata)
 *.twl*(.roda)
 *.twl*(.rodata.*)
 *.twl*(.data)
 *.twl*(.data.*)
 *.twl*(.gnu.linkonce.d*)
                0x02007304                        __arm9i_end__ = ABSOLUTE (.)

.twl_bss        0x02007304        0x0
                0x02007304                        __twl_bss_start__ = ABSOLUTE (.)
 *(.twl_bss .twl_bss.*)
 *(.twl.bss .twl.bss.*)
 *.twl*(.dynbss)
 *.twl*(.gnu.linkonce.b*)
 *.twl*(.bss*)
 *.twl*(COMMON)
                0x02007304                        . = ALIGN (0x4)
                0x02007304                        __twl_bss_end__ = ABSOLUTE (.)

.twl_noinit     0x02007304        0x0
                0x02007304                        __twl_noinit_start__ = ABSOLUTE (.)
 *(.twl_noinit .twl_noinit.*)
 *(.twl.noinit .twl.noinit.*)
 *.twl*(.noinit)
 *.twl*(.noinit.*)
 *.twl*(.gnu.linkonce.n.*)
                0x02007304                        . = ALIGN (0x4)
                0x02007304                        __twl_noinit_end__ = ABSOLUTE (.)
                0x02007304                        __twl_end__ = ABSOLUTE (.)
                0x00000458                        __itcm_size = (__itcm_end - __itcm_start)
                0x00000000                        __dtcm_size = (__dtcm_end - __dtcm_data_start)
                0x00000000                        __arm9i_size__ = (__arm9i_end__ - __arm9i_start__)
                0x00000cc8                        __bss_size__ = (__bss_end__ - __bss_start__)
                0x00000000                        __sbss_size = (__sbss_end - __sbss_start)
                0x00000000                        __twl_bss_size__ = (__twl_bss_end__ - __twl_bss_start__)

.stab
 *(.stab)

.stabstr
 *(.stabstr)

.stab.excl
 *(.stab.excl)

.stab.exclstr
 *(.stab.exclstr)

.stab.index
 *(.stab.index)

.stab.indexstr
 *(.stab.indexstr)

.comment        0x00000000       0x2b
 *(.comment)
 .comment       0x00000000       0x2b build/LaRosaDelsVents/source/ECS/EntityManager.cpp.o
                                 0x2c (size before relaxing)
 .comment       0x0000002b        0x0 build/LaRosaDelsVents/source/main.cpp.o
                                 0x2c (size before relaxing)
 .comment       0x0000002b        0x0 /opt/blocksds/core/libs/libnds/lib/libnds9.a(crt0_argv.c.o)
                                 0x2c (size before relaxing)
 .comment       0x0000002b        0x0 /opt/blocksds/core/libs/libnds/lib/libnds9.a(initSystem.c.o)
                                 0x2c (size before relaxing)
 .comment       0x0000002b        0x0 /opt/blocksds/core/libs/libnds/lib/libnds9.a(keys.c.o)
                                 0x2c (size before relaxing)
 .comment       0x0000002b        0x0 /opt/blocksds/core/libs/libnds/lib/libnds9.a(securearea.c.o)
                                 0x2c (size before relaxing)
 .comment       0x0000002b        0x0 /opt/blocksds/core/libs/libnds/lib/libnds9.a(system.c.o)
                                 0x2c (size before relaxing)
 .comment       0x0000002b        0x0 /opt/blocksds/core/libs/libnds/lib/libnds9.a(exceptions.c.o)
                                 0x2c (size before relaxing)
 .comment       0x0000002b        0x0 /opt/blocksds/core/libs/libnds/lib/libnds9.a(console.c.o)
                                 0x2c (size before relaxing)
 .comment       0x0000002b        0x0 /opt/blocksds/core/libs/libnds/lib/libnds9.a(sassert.c.o)
                                 0x2c (size before relaxing)
 .comment       0x0000002b        0x0 /opt/blocksds/core/libs/libnds/lib/libnds9.a(sbrk.c.o)
                                 0x2c (size before relaxing)
 .comment       0x0000002b        0x0 /opt/blocksds/core/libs/libnds/lib/libnds9.a(exit.c.o)
                                 0x2c (size before relaxing)
 .comment       0x0000002b        0x0 /opt/blocksds/core/libs/libnds/lib/libnds9.a(heapfuncs.c.o)
                                 0x2c (size before relaxing)
 .comment       0x0000002b        0x0 /opt/blocksds/core/libs/libnds/lib/libnds9.a(fifosystem.c.o)
                                 0x2c (size before relaxing)
 .comment       0x0000002b        0x0 /opt/blocksds/core/libs/libnds/lib/libnds9.a(interrupts.c.o)
                                 0x2c (size before relaxing)
 .comment       0x0000002b        0x0 /opt/blocksds/core/libs/libnds/lib/libnds9.a(threads.c.o)
                                 0x2c (size before relaxing)
 .comment       0x0000002b        0x0 /opt/blocksds/core/libs/libnds/lib/libnds9.a(swiIntrWait.c.o)
                                 0x2c (size before relaxing)
 .comment       0x0000002b        0x0 /opt/blocksds/core/libs/libnds/lib/libnds9.a(exceptions.c.o)
                                 0x2c (size before relaxing)
 .comment       0x0000002b        0x0 /opt/blocksds/core/libs/libnds/lib/libnds9.a(default_font.png.o)
                                 0x2c (size before relaxing)
 .comment       0x0000002b        0x0 /opt/blocksds/core/libs/libnds/lib/libnds9.a(iob.c.o)
                                 0x2c (size before relaxing)
 .comment       0x0000002b        0x0 /opt/blocksds/core/libs/libnds/lib/libnds9.a(video.c.o)
                                 0x2c (size before relaxing)
 .comment       0x0000002b        0x0 /opt/blocksds/core/libs/libnds/lib/libnds9.a(background.c.o)
                                 0x2c (size before relaxing)
 .comment       0x0000002b        0x0 /opt/blocksds/core/libs/libnds/lib/libnds9.a(cache.c.o)
                                 0x2c (size before relaxing)
 .comment       0x0000002b        0x0 /opt/blocksds/core/libs/libnds/lib/libnds9.a(locks.c.o)
                                 0x2c (size before relaxing)
 .comment       0x0000002b        0x0 /opt/blocksds/core/libs/libnds/lib/libnds9.a(coroutine.c.o)
                                 0x2c (size before relaxing)
 .comment       0x0000002b        0x0 /opt/blocksds/core/libs/libnds/lib/libnds9.a(trig.c.o)
                                 0x2c (size before relaxing)
 .comment       0x0000002b        0x0 /opt/wonderful/toolchain/gcc-arm-none-eabi/lib/gcc/arm-none-eabi/15.2.1/../../../../arm-none-eabi/lib/thumb/arm946e-s/libc.a(malloc-free.c.o)
                                 0x2c (size before relaxing)
 .comment       0x0000002b        0x0 /opt/wonderful/toolchain/gcc-arm-none-eabi/lib/gcc/arm-none-eabi/15.2.1/../../../../arm-none-eabi/lib/thumb/arm946e-s/libc.a(malloc-malloc.c.o)
                                 0x2c (size before relaxing)
 .comment       0x0000002b        0x0 /opt/wonderful/toolchain/gcc-arm-none-eabi/lib/gcc/arm-none-eabi/15.2.1/../../../../arm-none-eabi/lib/thumb/arm946e-s/libc.a(libc_errno_errno.c.o)
                                 0x2c (size before relaxing)
 .comment       0x0000002b        0x0 /opt/wonderful/toolchain/gcc-arm-none-eabi/lib/gcc/arm-none-eabi/15.2.1/../../../../arm-none-eabi/lib/thumb/arm946e-s/libc.a(libc_misc_init.c.o)
                                 0x2c (size before relaxing)
 .comment       0x0000002b        0x0 /opt/wonderful/toolchain/gcc-arm-none-eabi/lib/gcc/arm-none-eabi/15.2.1/../../../../arm-none-eabi/lib/thumb/arm946e-s/libc.a(libc_stdlib_pico-exit.c.o)
                                 0x2c (size before relaxing)
 .comment       0x0000002b        0x0 /opt/wonderful/toolchain/gcc-arm-none-eabi/lib/gcc/arm-none-eabi/15.2.1/../../../../arm-none-eabi/lib/thumb/arm946e-s/libc.a(libc_tinystdio_fflush.c.o)
                                 0x2c (size before relaxing)
 .comment       0x0000002b        0x0 /opt/wonderful/toolchain/gcc-arm-none-eabi/lib/gcc/arm-none-eabi/15.2.1/../../../../arm-none-eabi/lib/thumb/arm946e-s/libc.a(libc_tinystdio_printf.c.o)
                                 0x2c (size before relaxing)
 .comment       0x0000002b        0x0 /opt/wonderful/toolchain/gcc-arm-none-eabi/lib/gcc/arm-none-eabi/15.2.1/../../../../arm-none-eabi/lib/thumb/arm946e-s/libc.a(libc_tinystdio_putchar.c.o)
                                 0x2c (size before relaxing)
 .comment       0x0000002b        0x0 /opt/wonderful/toolchain/gcc-arm-none-eabi/lib/gcc/arm-none-eabi/15.2.1/../../../../arm-none-eabi/lib/thumb/arm946e-s/libc.a(libc_tinystdio_puts.c.o)
                                 0x2c (size before relaxing)
 .comment       0x0000002b        0x0 /opt/wonderful/toolchain/gcc-arm-none-eabi/lib/gcc/arm-none-eabi/15.2.1/../../../../arm-none-eabi/lib/thumb/arm946e-s/libc.a(libc_tinystdio_setvbuf.c.o)
                                 0x2c (size before relaxing)
 .comment       0x0000002b        0x0 /opt/wonderful/toolchain/gcc-arm-none-eabi/lib/gcc/arm-none-eabi/15.2.1/../../../../arm-none-eabi/lib/thumb/arm946e-s/libc.a(libc_tinystdio_vfprintf.c.o)
                                 0x2c (size before relaxing)
 .comment       0x0000002b        0x0 /opt/wonderful/toolchain/gcc-arm-none-eabi/lib/gcc/arm-none-eabi/15.2.1/../../../../arm-none-eabi/lib/thumb/arm946e-s/libc.a(libc_tinystdio_vprintf.c.o)
                                 0x2c (size before relaxing)
 .comment       0x0000002b        0x0 /opt/wonderful/toolchain/gcc-arm-none-eabi/lib/gcc/arm-none-eabi/15.2.1/../../../../arm-none-eabi/lib/thumb/arm946e-s/libc.a(libc_tinystdio_dtoa_ryu.c.o)
                                 0x2c (size before relaxing)
 .comment       0x0000002b        0x0 /opt/wonderful/toolchain/gcc-arm-none-eabi/lib/gcc/arm-none-eabi/15.2.1/../../../../arm-none-eabi/lib/thumb/arm946e-s/libc.a(libc_tinystdio_ryu_log10.c.o)
                                 0x2c (size before relaxing)
 .comment       0x0000002b        0x0 /opt/wonderful/toolchain/gcc-arm-none-eabi/lib/gcc/arm-none-eabi/15.2.1/../../../../arm-none-eabi/lib/thumb/arm946e-s/libc.a(libc_tinystdio_ryu_pow5bits.c.o)
                                 0x2c (size before relaxing)
 .comment       0x0000002b        0x0 /opt/wonderful/toolchain/gcc-arm-none-eabi/lib/gcc/arm-none-eabi/15.2.1/../../../../arm-none-eabi/lib/thumb/arm946e-s/libc.a(libc_tinystdio_ryu_table.c.o)
                                 0x2c (size before relaxing)
 .comment       0x0000002b        0x0 /opt/wonderful/toolchain/gcc-arm-none-eabi/lib/gcc/arm-none-eabi/15.2.1/../../../../arm-none-eabi/lib/thumb/arm946e-s/libc.a(libc_tinystdio_ryu_umul128.c.o)
                                 0x2c (size before relaxing)
 .comment       0x0000002b        0x0 /opt/wonderful/toolchain/gcc-arm-none-eabi/lib/gcc/arm-none-eabi/15.2.1/../../../../arm-none-eabi/lib/thumb/arm946e-s/libc.a(libc_misc_fini.c.o)
                                 0x2c (size before relaxing)
 .comment       0x0000002b        0x0 /opt/wonderful/toolchain/gcc-arm-none-eabi/lib/gcc/arm-none-eabi/15.2.1/../../../../arm-none-eabi/lib/thumb/arm946e-s/libc.a(libc_string_strnlen.c.o)
                                 0x2c (size before relaxing)
 .comment       0x0000002b        0x0 /opt/wonderful/toolchain/gcc-arm-none-eabi/lib/gcc/arm-none-eabi/15.2.1/../../../../arm-none-eabi/lib/thumb/arm946e-s/libc.a(libc_tinystdio_dtox_engine.c.o)
                                 0x2c (size before relaxing)
 .comment       0x0000002b        0x0 /opt/wonderful/toolchain/gcc-arm-none-eabi/lib/gcc/arm-none-eabi/15.2.1/../../../../arm-none-eabi/lib/thumb/arm946e-s/libc.a(libc_tinystdio_fputc.c.o)
                                 0x2c (size before relaxing)
 .comment       0x0000002b        0x0 /opt/wonderful/toolchain/gcc-arm-none-eabi/lib/gcc/arm-none-eabi/15.2.1/thumb/arm946e-s/libgcc.a(_udivmoddi4.o)
                                 0x2c (size before relaxing)
 .comment       0x0000002b        0x0 /opt/wonderful/toolchain/gcc-arm-none-eabi/lib/gcc/arm-none-eabi/15.2.1/thumb/arm946e-s/crtend.o
                                 0x2c (size before relaxing)

.gnu.build.attributes
 *(.gnu.build.attributes .gnu.build.attributes.*)

.debug
 *(.debug)

.line
 *(.line)

.debug_srcinfo
 *(.debug_srcinfo)

.debug_sfnames
 *(.debug_sfnames)

.debug_aranges  0x00000000      0xf38
 *(.debug_aranges)
 .debug_aranges
                0x00000000       0x20 /opt/blocksds/core/sys/crts/ds_arm9_crt0.o
 .debug_aranges
                0x00000020       0x48 /opt/blocksds/core/libs/libnds/lib/libnds9.a(mpu_setup.s.o)
 .debug_aranges
                0x00000068      0x1b0 /opt/blocksds/core/libs/libnds/lib/libnds9.a(cp15.s.o)
 .debug_aranges
                0x00000218       0x40 /opt/blocksds/core/libs/libnds/lib/libnds9.a(memset.s.o)
 .debug_aranges
                0x00000258       0x20 /opt/blocksds/core/libs/libnds/lib/libnds9.a(crt0_argv.c.o)
 .debug_aranges
                0x00000278       0x20 /opt/blocksds/core/libs/libnds/lib/libnds9.a(initSystem.c.o)
 .debug_aranges
                0x00000298       0x60 /opt/blocksds/core/libs/libnds/lib/libnds9.a(keys.c.o)
 .debug_aranges
                0x000002f8       0x18 /opt/blocksds/core/libs/libnds/lib/libnds9.a(securearea.c.o)
 .debug_aranges
                0x00000310       0x88 /opt/blocksds/core/libs/libnds/lib/libnds9.a(system.c.o)
 .debug_aranges
                0x00000398       0x48 /opt/blocksds/core/libs/libnds/lib/libnds9.a(exceptions.c.o)
 .debug_aranges
                0x000003e0       0xd8 /opt/blocksds/core/libs/libnds/lib/libnds9.a(console.c.o)
 .debug_aranges
                0x000004b8       0x20 /opt/blocksds/core/libs/libnds/lib/libnds9.a(sassert.c.o)
 .debug_aranges
                0x000004d8       0x20 /opt/blocksds/core/libs/libnds/lib/libnds9.a(sbrk.c.o)
 .debug_aranges
                0x000004f8       0x38 /opt/blocksds/core/libs/libnds/lib/libnds9.a(exit.c.o)
 .debug_aranges
                0x00000530       0x38 /opt/blocksds/core/libs/libnds/lib/libnds9.a(heapfuncs.c.o)
 .debug_aranges
                0x00000568       0xd8 /opt/blocksds/core/libs/libnds/lib/libnds9.a(fifosystem.c.o)
 .debug_aranges
                0x00000640       0x48 /opt/blocksds/core/libs/libnds/lib/libnds9.a(interrupts.c.o)
 .debug_aranges
                0x00000688       0x90 /opt/blocksds/core/libs/libnds/lib/libnds9.a(threads.c.o)
 .debug_aranges
                0x00000718       0x28 /opt/blocksds/core/libs/libnds/lib/libnds9.a(swiIntrWait.c.o)
 .debug_aranges
                0x00000740       0x38 /opt/blocksds/core/libs/libnds/lib/libnds9.a(exceptions.c.o)
 .debug_aranges
                0x00000778       0x18 /opt/blocksds/core/libs/libnds/lib/libnds9.a(default_font.png.o)
 .debug_aranges
                0x00000790       0x20 /opt/blocksds/core/libs/libnds/lib/libnds9.a(cpu_clock.s.o)
 .debug_aranges
                0x000007b0       0x20 /opt/blocksds/core/libs/libnds/lib/libnds9.a(interruptDispatcher.s.o)
 .debug_aranges
                0x000007d0       0x38 /opt/blocksds/core/libs/libnds/lib/libnds9.a(coroutine.s.o)
 .debug_aranges
                0x00000808       0x30 /opt/blocksds/core/libs/libnds/lib/libnds9.a(memcpy.s.o)
 .debug_aranges
                0x00000838       0x20 /opt/blocksds/core/libs/libnds/lib/libnds9.a(aeabi_read_tp.s.o)
 .debug_aranges
                0x00000858       0x28 /opt/blocksds/core/libs/libnds/lib/libnds9.a(dma.s.o)
 .debug_aranges
                0x00000880       0x28 /opt/blocksds/core/libs/libnds/lib/libnds9.a(cpu.s.o)
 .debug_aranges
                0x000008a8       0x20 /opt/blocksds/core/libs/libnds/lib/libnds9.a(exceptionHandler.s.o)
 .debug_aranges
                0x000008c8       0x38 /opt/blocksds/core/libs/libnds/lib/libnds9.a(iob.c.o)
 .debug_aranges
                0x00000900       0x38 /opt/blocksds/core/libs/libnds/lib/libnds9.a(video.c.o)
 .debug_aranges
                0x00000938       0x40 /opt/blocksds/core/libs/libnds/lib/libnds9.a(background.c.o)
 .debug_aranges
                0x00000978       0x30 /opt/blocksds/core/libs/libnds/lib/libnds9.a(cache.c.o)
 .debug_aranges
                0x000009a8       0x68 /opt/blocksds/core/libs/libnds/lib/libnds9.a(locks.c.o)
 .debug_aranges
                0x00000a10       0x28 /opt/blocksds/core/libs/libnds/lib/libnds9.a(coroutine.c.o)
 .debug_aranges
                0x00000a38       0x60 /opt/blocksds/core/libs/libnds/lib/libnds9.a(trig.c.o)
 .debug_aranges
                0x00000a98       0x20 /opt/wonderful/toolchain/gcc-arm-none-eabi/lib/gcc/arm-none-eabi/15.2.1/../../../../arm-none-eabi/lib/thumb/arm946e-s/libc.a(strlen.S.o)
 .debug_aranges
                0x00000ab8       0x28 /opt/wonderful/toolchain/gcc-arm-none-eabi/lib/gcc/arm-none-eabi/15.2.1/../../../../arm-none-eabi/lib/thumb/arm946e-s/libc.a(malloc-free.c.o)
 .debug_aranges
                0x00000ae0       0x20 /opt/wonderful/toolchain/gcc-arm-none-eabi/lib/gcc/arm-none-eabi/15.2.1/../../../../arm-none-eabi/lib/thumb/arm946e-s/libc.a(malloc-malloc.c.o)
 .debug_aranges
                0x00000b00       0x18 /opt/wonderful/toolchain/gcc-arm-none-eabi/lib/gcc/arm-none-eabi/15.2.1/../../../../arm-none-eabi/lib/thumb/arm946e-s/libc.a(libc_errno_errno.c.o)
 .debug_aranges
                0x00000b18       0x20 /opt/wonderful/toolchain/gcc-arm-none-eabi/lib/gcc/arm-none-eabi/15.2.1/../../../../arm-none-eabi/lib/thumb/arm946e-s/libc.a(libc_misc_init.c.o)
 .debug_aranges
                0x00000b38       0x20 /opt/wonderful/toolchain/gcc-arm-none-eabi/lib/gcc/arm-none-eabi/15.2.1/../../../../arm-none-eabi/lib/thumb/arm946e-s/libc.a(libc_stdlib_pico-exit.c.o)
 .debug_aranges
                0x00000b58       0x20 /opt/wonderful/toolchain/gcc-arm-none-eabi/lib/gcc/arm-none-eabi/15.2.1/../../../../arm-none-eabi/lib/thumb/arm946e-s/libc.a(libc_tinystdio_fflush.c.o)
 .debug_aranges
                0x00000b78       0x20 /opt/wonderful/toolchain/gcc-arm-none-eabi/lib/gcc/arm-none-eabi/15.2.1/../../../../arm-none-eabi/lib/thumb/arm946e-s/libc.a(libc_tinystdio_printf.c.o)
 .debug_aranges
                0x00000b98       0x20 /opt/wonderful/toolchain/gcc-arm-none-eabi/lib/gcc/arm-none-eabi/15.2.1/../../../../arm-none-eabi/lib/thumb/arm946e-s/libc.a(libc_tinystdio_putchar.c.o)
 .debug_aranges
                0x00000bb8       0x20 /opt/wonderful/toolchain/gcc-arm-none-eabi/lib/gcc/arm-none-eabi/15.2.1/../../../../arm-none-eabi/lib/thumb/arm946e-s/libc.a(libc_tinystdio_puts.c.o)
 .debug_aranges
                0x00000bd8       0x20 /opt/wonderful/toolchain/gcc-arm-none-eabi/lib/gcc/arm-none-eabi/15.2.1/../../../../arm-none-eabi/lib/thumb/arm946e-s/libc.a(libc_tinystdio_setvbuf.c.o)
 .debug_aranges
                0x00000bf8       0x30 /opt/wonderful/toolchain/gcc-arm-none-eabi/lib/gcc/arm-none-eabi/15.2.1/../../../../arm-none-eabi/lib/thumb/arm946e-s/libc.a(libc_tinystdio_vfprintf.c.o)
 .debug_aranges
                0x00000c28       0x20 /opt/wonderful/toolchain/gcc-arm-none-eabi/lib/gcc/arm-none-eabi/15.2.1/../../../../arm-none-eabi/lib/thumb/arm946e-s/libc.a(libc_tinystdio_vprintf.c.o)
 .debug_aranges
                0x00000c48       0x30 /opt/wonderful/toolchain/gcc-arm-none-eabi/lib/gcc/arm-none-eabi/15.2.1/../../../../arm-none-eabi/lib/thumb/arm946e-s/libc.a(libc_tinystdio_dtoa_ryu.c.o)
 .debug_aranges
                0x00000c78       0x28 /opt/wonderful/toolchain/gcc-arm-none-eabi/lib/gcc/arm-none-eabi/15.2.1/../../../../arm-none-eabi/lib/thumb/arm946e-s/libc.a(libc_tinystdio_ryu_log10.c.o)
 .debug_aranges
                0x00000ca0       0x20 /opt/wonderful/toolchain/gcc-arm-none-eabi/lib/gcc/arm-none-eabi/15.2.1/../../../../arm-none-eabi/lib/thumb/arm946e-s/libc.a(libc_tinystdio_ryu_pow5bits.c.o)
 .debug_aranges
                0x00000cc0       0x30 /opt/wonderful/toolchain/gcc-arm-none-eabi/lib/gcc/arm-none-eabi/15.2.1/../../../../arm-none-eabi/lib/thumb/arm946e-s/libc.a(libc_tinystdio_ryu_table.c.o)
 .debug_aranges
                0x00000cf0       0x28 /opt/wonderful/toolchain/gcc-arm-none-eabi/lib/gcc/arm-none-eabi/15.2.1/../../../../arm-none-eabi/lib/thumb/arm946e-s/libc.a(libc_tinystdio_ryu_umul128.c.o)
 .debug_aranges
                0x00000d18       0x20 /opt/wonderful/toolchain/gcc-arm-none-eabi/lib/gcc/arm-none-eabi/15.2.1/../../../../arm-none-eabi/lib/thumb/arm946e-s/libc.a(libc_misc_fini.c.o)
 .debug_aranges
                0x00000d38       0x20 /opt/wonderful/toolchain/gcc-arm-none-eabi/lib/gcc/arm-none-eabi/15.2.1/../../../../arm-none-eabi/lib/thumb/arm946e-s/libc.a(libc_string_strnlen.c.o)
 .debug_aranges
                0x00000d58       0x20 /opt/wonderful/toolchain/gcc-arm-none-eabi/lib/gcc/arm-none-eabi/15.2.1/../../../../arm-none-eabi/lib/thumb/arm946e-s/libc.a(libc_tinystdio_dtox_engine.c.o)
 .debug_aranges
                0x00000d78       0x20 /opt/wonderful/toolchain/gcc-arm-none-eabi/lib/gcc/arm-none-eabi/15.2.1/../../../../arm-none-eabi/lib/thumb/arm946e-s/libc.a(libc_tinystdio_fputc.c.o)
 .debug_aranges
                0x00000d98       0x20 /opt/wonderful/toolchain/gcc-arm-none-eabi/lib/gcc/arm-none-eabi/15.2.1/thumb/arm946e-s/libgcc.a(_thumb1_case_uqi.o)
 .debug_aranges
                0x00000db8       0x20 /opt/wonderful/toolchain/gcc-arm-none-eabi/lib/gcc/arm-none-eabi/15.2.1/thumb/arm946e-s/libgcc.a(_thumb1_case_uhi.o)
 .debug_aranges
                0x00000dd8       0x20 /opt/wonderful/toolchain/gcc-arm-none-eabi/lib/gcc/arm-none-eabi/15.2.1/thumb/arm946e-s/libgcc.a(_udivsi3.o)
 .debug_aranges
                0x00000df8       0x20 /opt/wonderful/toolchain/gcc-arm-none-eabi/lib/gcc/arm-none-eabi/15.2.1/thumb/arm946e-s/libgcc.a(_divsi3.o)
 .debug_aranges
                0x00000e18       0x20 /opt/wonderful/toolchain/gcc-arm-none-eabi/lib/gcc/arm-none-eabi/15.2.1/thumb/arm946e-s/libgcc.a(_dvmd_tls.o)
 .debug_aranges
                0x00000e38       0x20 /opt/wonderful/toolchain/gcc-arm-none-eabi/lib/gcc/arm-none-eabi/15.2.1/thumb/arm946e-s/libgcc.a(_lshrdi3.o)
 .debug_aranges
                0x00000e58       0x20 /opt/wonderful/toolchain/gcc-arm-none-eabi/lib/gcc/arm-none-eabi/15.2.1/thumb/arm946e-s/libgcc.a(_ashrdi3.o)
 .debug_aranges
                0x00000e78       0x20 /opt/wonderful/toolchain/gcc-arm-none-eabi/lib/gcc/arm-none-eabi/15.2.1/thumb/arm946e-s/libgcc.a(_ashldi3.o)
 .debug_aranges
                0x00000e98       0x20 /opt/wonderful/toolchain/gcc-arm-none-eabi/lib/gcc/arm-none-eabi/15.2.1/thumb/arm946e-s/libgcc.a(_clzsi2.o)
 .debug_aranges
                0x00000eb8       0x20 /opt/wonderful/toolchain/gcc-arm-none-eabi/lib/gcc/arm-none-eabi/15.2.1/thumb/arm946e-s/libgcc.a(_aeabi_uldivmod.o)
 .debug_aranges
                0x00000ed8       0x20 /opt/wonderful/toolchain/gcc-arm-none-eabi/lib/gcc/arm-none-eabi/15.2.1/thumb/arm946e-s/libgcc.a(_udivmoddi4.o)
 .debug_aranges
                0x00000ef8       0x20 /opt/wonderful/toolchain/gcc-arm-none-eabi/lib/gcc/arm-none-eabi/15.2.1/thumb/arm946e-s/libgcc.a(muldi3.o)
 .debug_aranges
                0x00000f18       0x20 /opt/wonderful/toolchain/gcc-arm-none-eabi/lib/gcc/arm-none-eabi/15.2.1/thumb/arm946e-s/libgcc.a(_clzdi2.o)

.debug_pubnames
 *(.debug_pubnames)

.debug_info     0x00000000    0x12384
 *(.debug_info .gnu.linkonce.wi.*)
 .debug_info    0x00000000       0x25 /opt/blocksds/core/sys/crts/ds_arm9_crt0.o
 .debug_info    0x00000025       0x23 /opt/blocksds/core/libs/libnds/lib/libnds9.a(mpu_setup.s.o)
 .debug_info    0x00000048       0x23 /opt/blocksds/core/libs/libnds/lib/libnds9.a(cp15.s.o)
 .debug_info    0x0000006b       0x23 /opt/blocksds/core/libs/libnds/lib/libnds9.a(memset.s.o)
 .debug_info    0x0000008e      0x1f8 /opt/blocksds/core/libs/libnds/lib/libnds9.a(crt0_argv.c.o)
 .debug_info    0x00000286      0x910 /opt/blocksds/core/libs/libnds/lib/libnds9.a(initSystem.c.o)
 .debug_info    0x00000b96      0x749 /opt/blocksds/core/libs/libnds/lib/libnds9.a(keys.c.o)
 .debug_info    0x000012df       0x5f /opt/blocksds/core/libs/libnds/lib/libnds9.a(securearea.c.o)
 .debug_info    0x0000133e     0x10fd /opt/blocksds/core/libs/libnds/lib/libnds9.a(system.c.o)
 .debug_info    0x0000243b      0x98d /opt/blocksds/core/libs/libnds/lib/libnds9.a(exceptions.c.o)
 .debug_info    0x00002dc8     0x278a /opt/blocksds/core/libs/libnds/lib/libnds9.a(console.c.o)
 .debug_info    0x00005552      0x628 /opt/blocksds/core/libs/libnds/lib/libnds9.a(sassert.c.o)
 .debug_info    0x00005b7a      0x121 /opt/blocksds/core/libs/libnds/lib/libnds9.a(sbrk.c.o)
 .debug_info    0x00005c9b      0x4de /opt/blocksds/core/libs/libnds/lib/libnds9.a(exit.c.o)
 .debug_info    0x00006179      0x1d4 /opt/blocksds/core/libs/libnds/lib/libnds9.a(heapfuncs.c.o)
 .debug_info    0x0000634d     0x2290 /opt/blocksds/core/libs/libnds/lib/libnds9.a(fifosystem.c.o)
 .debug_info    0x000085dd      0x5c7 /opt/blocksds/core/libs/libnds/lib/libnds9.a(interrupts.c.o)
 .debug_info    0x00008ba4     0x1290 /opt/blocksds/core/libs/libnds/lib/libnds9.a(threads.c.o)
 .debug_info    0x00009e34      0x16f /opt/blocksds/core/libs/libnds/lib/libnds9.a(swiIntrWait.c.o)
 .debug_info    0x00009fa3      0x3e5 /opt/blocksds/core/libs/libnds/lib/libnds9.a(exceptions.c.o)
 .debug_info    0x0000a388       0x58 /opt/blocksds/core/libs/libnds/lib/libnds9.a(default_font.png.o)
 .debug_info    0x0000a3e0       0x24 /opt/blocksds/core/libs/libnds/lib/libnds9.a(cpu_clock.s.o)
 .debug_info    0x0000a404       0x25 /opt/blocksds/core/libs/libnds/lib/libnds9.a(interruptDispatcher.s.o)
 .debug_info    0x0000a429       0x23 /opt/blocksds/core/libs/libnds/lib/libnds9.a(coroutine.s.o)
 .debug_info    0x0000a44c       0x23 /opt/blocksds/core/libs/libnds/lib/libnds9.a(memcpy.s.o)
 .debug_info    0x0000a46f       0x24 /opt/blocksds/core/libs/libnds/lib/libnds9.a(aeabi_read_tp.s.o)
 .debug_info    0x0000a493       0x23 /opt/blocksds/core/libs/libnds/lib/libnds9.a(dma.s.o)
 .debug_info    0x0000a4b6       0x23 /opt/blocksds/core/libs/libnds/lib/libnds9.a(cpu.s.o)
 .debug_info    0x0000a4d9       0x25 /opt/blocksds/core/libs/libnds/lib/libnds9.a(exceptionHandler.s.o)
 .debug_info    0x0000a4fe      0x6a6 /opt/blocksds/core/libs/libnds/lib/libnds9.a(iob.c.o)
 .debug_info    0x0000aba4      0x96d /opt/blocksds/core/libs/libnds/lib/libnds9.a(video.c.o)
 .debug_info    0x0000b511      0xa52 /opt/blocksds/core/libs/libnds/lib/libnds9.a(background.c.o)
 .debug_info    0x0000bf63      0x351 /opt/blocksds/core/libs/libnds/lib/libnds9.a(cache.c.o)
 .debug_info    0x0000c2b4      0x8cb /opt/blocksds/core/libs/libnds/lib/libnds9.a(locks.c.o)
 .debug_info    0x0000cb7f      0x324 /opt/blocksds/core/libs/libnds/lib/libnds9.a(coroutine.c.o)
 .debug_info    0x0000cea3      0x777 /opt/blocksds/core/libs/libnds/lib/libnds9.a(trig.c.o)
 .debug_info    0x0000d61a       0x31 /opt/wonderful/toolchain/gcc-arm-none-eabi/lib/gcc/arm-none-eabi/15.2.1/../../../../arm-none-eabi/lib/thumb/arm946e-s/libc.a(strlen.S.o)
 .debug_info    0x0000d64b      0x419 /opt/wonderful/toolchain/gcc-arm-none-eabi/lib/gcc/arm-none-eabi/15.2.1/../../../../arm-none-eabi/lib/thumb/arm946e-s/libc.a(malloc-free.c.o)
 .debug_info    0x0000da64      0x577 /opt/wonderful/toolchain/gcc-arm-none-eabi/lib/gcc/arm-none-eabi/15.2.1/../../../../arm-none-eabi/lib/thumb/arm946e-s/libc.a(malloc-malloc.c.o)
 .debug_info    0x0000dfdb       0x85 /opt/wonderful/toolchain/gcc-arm-none-eabi/lib/gcc/arm-none-eabi/15.2.1/../../../../arm-none-eabi/lib/thumb/arm946e-s/libc.a(libc_errno_errno.c.o)
 .debug_info    0x0000e060       0xd9 /opt/wonderful/toolchain/gcc-arm-none-eabi/lib/gcc/arm-none-eabi/15.2.1/../../../../arm-none-eabi/lib/thumb/arm946e-s/libc.a(libc_misc_init.c.o)
 .debug_info    0x0000e139       0xd3 /opt/wonderful/toolchain/gcc-arm-none-eabi/lib/gcc/arm-none-eabi/15.2.1/../../../../arm-none-eabi/lib/thumb/arm946e-s/libc.a(libc_stdlib_pico-exit.c.o)
 .debug_info    0x0000e20c      0x1d0 /opt/wonderful/toolchain/gcc-arm-none-eabi/lib/gcc/arm-none-eabi/15.2.1/../../../../arm-none-eabi/lib/thumb/arm946e-s/libc.a(libc_tinystdio_fflush.c.o)
 .debug_info    0x0000e3dc      0x21b /opt/wonderful/toolchain/gcc-arm-none-eabi/lib/gcc/arm-none-eabi/15.2.1/../../../../arm-none-eabi/lib/thumb/arm946e-s/libc.a(libc_tinystdio_printf.c.o)
 .debug_info    0x0000e5f7      0x1bd /opt/wonderful/toolchain/gcc-arm-none-eabi/lib/gcc/arm-none-eabi/15.2.1/../../../../arm-none-eabi/lib/thumb/arm946e-s/libc.a(libc_tinystdio_putchar.c.o)
 .debug_info    0x0000e7b4      0x249 /opt/wonderful/toolchain/gcc-arm-none-eabi/lib/gcc/arm-none-eabi/15.2.1/../../../../arm-none-eabi/lib/thumb/arm946e-s/libc.a(libc_tinystdio_puts.c.o)
 .debug_info    0x0000e9fd      0x2fd /opt/wonderful/toolchain/gcc-arm-none-eabi/lib/gcc/arm-none-eabi/15.2.1/../../../../arm-none-eabi/lib/thumb/arm946e-s/libc.a(libc_tinystdio_setvbuf.c.o)
 .debug_info    0x0000ecfa      0xce5 /opt/wonderful/toolchain/gcc-arm-none-eabi/lib/gcc/arm-none-eabi/15.2.1/../../../../arm-none-eabi/lib/thumb/arm946e-s/libc.a(libc_tinystdio_vfprintf.c.o)
 .debug_info    0x0000f9df      0x20e /opt/wonderful/toolchain/gcc-arm-none-eabi/lib/gcc/arm-none-eabi/15.2.1/../../../../arm-none-eabi/lib/thumb/arm946e-s/libc.a(libc_tinystdio_vprintf.c.o)
 .debug_info    0x0000fbed     0x111a /opt/wonderful/toolchain/gcc-arm-none-eabi/lib/gcc/arm-none-eabi/15.2.1/../../../../arm-none-eabi/lib/thumb/arm946e-s/libc.a(libc_tinystdio_dtoa_ryu.c.o)
 .debug_info    0x00010d07       0xf9 /opt/wonderful/toolchain/gcc-arm-none-eabi/lib/gcc/arm-none-eabi/15.2.1/../../../../arm-none-eabi/lib/thumb/arm946e-s/libc.a(libc_tinystdio_ryu_log10.c.o)
 .debug_info    0x00010e00       0xd0 /opt/wonderful/toolchain/gcc-arm-none-eabi/lib/gcc/arm-none-eabi/15.2.1/../../../../arm-none-eabi/lib/thumb/arm946e-s/libc.a(libc_tinystdio_ryu_pow5bits.c.o)
 .debug_info    0x00010ed0      0x614 /opt/wonderful/toolchain/gcc-arm-none-eabi/lib/gcc/arm-none-eabi/15.2.1/../../../../arm-none-eabi/lib/thumb/arm946e-s/libc.a(libc_tinystdio_ryu_table.c.o)
 .debug_info    0x000114e4      0x2b8 /opt/wonderful/toolchain/gcc-arm-none-eabi/lib/gcc/arm-none-eabi/15.2.1/../../../../arm-none-eabi/lib/thumb/arm946e-s/libc.a(libc_tinystdio_ryu_umul128.c.o)
 .debug_info    0x0001179c       0xd9 /opt/wonderful/toolchain/gcc-arm-none-eabi/lib/gcc/arm-none-eabi/15.2.1/../../../../arm-none-eabi/lib/thumb/arm946e-s/libc.a(libc_misc_fini.c.o)
 .debug_info    0x00011875       0xe3 /opt/wonderful/toolchain/gcc-arm-none-eabi/lib/gcc/arm-none-eabi/15.2.1/../../../../arm-none-eabi/lib/thumb/arm946e-s/libc.a(libc_string_strnlen.c.o)
 .debug_info    0x00011958      0x269 /opt/wonderful/toolchain/gcc-arm-none-eabi/lib/gcc/arm-none-eabi/15.2.1/../../../../arm-none-eabi/lib/thumb/arm946e-s/libc.a(libc_tinystdio_dtox_engine.c.o)
 .debug_info    0x00011bc1      0x1a3 /opt/wonderful/toolchain/gcc-arm-none-eabi/lib/gcc/arm-none-eabi/15.2.1/../../../../arm-none-eabi/lib/thumb/arm946e-s/libc.a(libc_tinystdio_fputc.c.o)
 .debug_info    0x00011d64       0x31 /opt/wonderful/toolchain/gcc-arm-none-eabi/lib/gcc/arm-none-eabi/15.2.1/thumb/arm946e-s/libgcc.a(_thumb1_case_uqi.o)
 .debug_info    0x00011d95       0x31 /opt/wonderful/toolchain/gcc-arm-none-eabi/lib/gcc/arm-none-eabi/15.2.1/thumb/arm946e-s/libgcc.a(_thumb1_case_uhi.o)
 .debug_info    0x00011dc6       0x3e /opt/wonderful/toolchain/gcc-arm-none-eabi/lib/gcc/arm-none-eabi/15.2.1/thumb/arm946e-s/libgcc.a(_udivsi3.o)
 .debug_info    0x00011e04       0x3e /opt/wonderful/toolchain/gcc-arm-none-eabi/lib/gcc/arm-none-eabi/15.2.1/thumb/arm946e-s/libgcc.a(_divsi3.o)
 .debug_info    0x00011e42       0x3c /opt/wonderful/toolchain/gcc-arm-none-eabi/lib/gcc/arm-none-eabi/15.2.1/thumb/arm946e-s/libgcc.a(_dvmd_tls.o)
 .debug_info    0x00011e7e       0x3c /opt/wonderful/toolchain/gcc-arm-none-eabi/lib/gcc/arm-none-eabi/15.2.1/thumb/arm946e-s/libgcc.a(_lshrdi3.o)
 .debug_info    0x00011eba       0x3c /opt/wonderful/toolchain/gcc-arm-none-eabi/lib/gcc/arm-none-eabi/15.2.1/thumb/arm946e-s/libgcc.a(_ashrdi3.o)
 .debug_info    0x00011ef6       0x3c /opt/wonderful/toolchain/gcc-arm-none-eabi/lib/gcc/arm-none-eabi/15.2.1/thumb/arm946e-s/libgcc.a(_ashldi3.o)
 .debug_info    0x00011f32       0x31 /opt/wonderful/toolchain/gcc-arm-none-eabi/lib/gcc/arm-none-eabi/15.2.1/thumb/arm946e-s/libgcc.a(_clzsi2.o)
 .debug_info    0x00011f63       0x24 /opt/wonderful/toolchain/gcc-arm-none-eabi/lib/gcc/arm-none-eabi/15.2.1/thumb/arm946e-s/libgcc.a(_aeabi_uldivmod.o)
 .debug_info    0x00011f87      0x3a8 /opt/wonderful/toolchain/gcc-arm-none-eabi/lib/gcc/arm-none-eabi/15.2.1/thumb/arm946e-s/libgcc.a(_udivmoddi4.o)
 .debug_info    0x0001232f       0x24 /opt/wonderful/toolchain/gcc-arm-none-eabi/lib/gcc/arm-none-eabi/15.2.1/thumb/arm946e-s/libgcc.a(muldi3.o)
 .debug_info    0x00012353       0x31 /opt/wonderful/toolchain/gcc-arm-none-eabi/lib/gcc/arm-none-eabi/15.2.1/thumb/arm946e-s/libgcc.a(_clzdi2.o)

.debug_abbrev   0x00000000     0x5bc5
 *(.debug_abbrev)
 .debug_abbrev  0x00000000       0x14 /opt/blocksds/core/sys/crts/ds_arm9_crt0.o
 .debug_abbrev  0x00000014       0x12 /opt/blocksds/core/libs/libnds/lib/libnds9.a(mpu_setup.s.o)
 .debug_abbrev  0x00000026       0x12 /opt/blocksds/core/libs/libnds/lib/libnds9.a(cp15.s.o)
 .debug_abbrev  0x00000038       0x12 /opt/blocksds/core/libs/libnds/lib/libnds9.a(memset.s.o)
 .debug_abbrev  0x0000004a       0xf4 /opt/blocksds/core/libs/libnds/lib/libnds9.a(crt0_argv.c.o)
 .debug_abbrev  0x0000013e      0x34a /opt/blocksds/core/libs/libnds/lib/libnds9.a(initSystem.c.o)
 .debug_abbrev  0x00000488      0x283 /opt/blocksds/core/libs/libnds/lib/libnds9.a(keys.c.o)
 .debug_abbrev  0x0000070b       0x4d /opt/blocksds/core/libs/libnds/lib/libnds9.a(securearea.c.o)
 .debug_abbrev  0x00000758      0x421 /opt/blocksds/core/libs/libnds/lib/libnds9.a(system.c.o)
 .debug_abbrev  0x00000b79      0x2e7 /opt/blocksds/core/libs/libnds/lib/libnds9.a(exceptions.c.o)
 .debug_abbrev  0x00000e60      0x605 /opt/blocksds/core/libs/libnds/lib/libnds9.a(console.c.o)
 .debug_abbrev  0x00001465      0x25e /opt/blocksds/core/libs/libnds/lib/libnds9.a(sassert.c.o)
 .debug_abbrev  0x000016c3       0xd3 /opt/blocksds/core/libs/libnds/lib/libnds9.a(sbrk.c.o)
 .debug_abbrev  0x00001796      0x2d3 /opt/blocksds/core/libs/libnds/lib/libnds9.a(exit.c.o)
 .debug_abbrev  0x00001a69      0x167 /opt/blocksds/core/libs/libnds/lib/libnds9.a(heapfuncs.c.o)
 .debug_abbrev  0x00001bd0      0x526 /opt/blocksds/core/libs/libnds/lib/libnds9.a(fifosystem.c.o)
 .debug_abbrev  0x000020f6      0x2e7 /opt/blocksds/core/libs/libnds/lib/libnds9.a(interrupts.c.o)
 .debug_abbrev  0x000023dd      0x61a /opt/blocksds/core/libs/libnds/lib/libnds9.a(threads.c.o)
 .debug_abbrev  0x000029f7      0x119 /opt/blocksds/core/libs/libnds/lib/libnds9.a(swiIntrWait.c.o)
 .debug_abbrev  0x00002b10      0x19d /opt/blocksds/core/libs/libnds/lib/libnds9.a(exceptions.c.o)
 .debug_abbrev  0x00002cad       0x50 /opt/blocksds/core/libs/libnds/lib/libnds9.a(default_font.png.o)
 .debug_abbrev  0x00002cfd       0x14 /opt/blocksds/core/libs/libnds/lib/libnds9.a(cpu_clock.s.o)
 .debug_abbrev  0x00002d11       0x14 /opt/blocksds/core/libs/libnds/lib/libnds9.a(interruptDispatcher.s.o)
 .debug_abbrev  0x00002d25       0x12 /opt/blocksds/core/libs/libnds/lib/libnds9.a(coroutine.s.o)
 .debug_abbrev  0x00002d37       0x12 /opt/blocksds/core/libs/libnds/lib/libnds9.a(memcpy.s.o)
 .debug_abbrev  0x00002d49       0x14 /opt/blocksds/core/libs/libnds/lib/libnds9.a(aeabi_read_tp.s.o)
 .debug_abbrev  0x00002d5d       0x12 /opt/blocksds/core/libs/libnds/lib/libnds9.a(dma.s.o)
 .debug_abbrev  0x00002d6f       0x12 /opt/blocksds/core/libs/libnds/lib/libnds9.a(cpu.s.o)
 .debug_abbrev  0x00002d81       0x14 /opt/blocksds/core/libs/libnds/lib/libnds9.a(exceptionHandler.s.o)
 .debug_abbrev  0x00002d95      0x2ca /opt/blocksds/core/libs/libnds/lib/libnds9.a(iob.c.o)
 .debug_abbrev  0x0000305f      0x26d /opt/blocksds/core/libs/libnds/lib/libnds9.a(video.c.o)
 .debug_abbrev  0x000032cc      0x373 /opt/blocksds/core/libs/libnds/lib/libnds9.a(background.c.o)
 .debug_abbrev  0x0000363f      0x164 /opt/blocksds/core/libs/libnds/lib/libnds9.a(cache.c.o)
 .debug_abbrev  0x000037a3      0x2e7 /opt/blocksds/core/libs/libnds/lib/libnds9.a(locks.c.o)
 .debug_abbrev  0x00003a8a      0x17d /opt/blocksds/core/libs/libnds/lib/libnds9.a(coroutine.c.o)
 .debug_abbrev  0x00003c07      0x223 /opt/blocksds/core/libs/libnds/lib/libnds9.a(trig.c.o)
 .debug_abbrev  0x00003e2a       0x28 /opt/wonderful/toolchain/gcc-arm-none-eabi/lib/gcc/arm-none-eabi/15.2.1/../../../../arm-none-eabi/lib/thumb/arm946e-s/libc.a(strlen.S.o)
 .debug_abbrev  0x00003e52      0x1df /opt/wonderful/toolchain/gcc-arm-none-eabi/lib/gcc/arm-none-eabi/15.2.1/../../../../arm-none-eabi/lib/thumb/arm946e-s/libc.a(malloc-free.c.o)
 .debug_abbrev  0x00004031      0x234 /opt/wonderful/toolchain/gcc-arm-none-eabi/lib/gcc/arm-none-eabi/15.2.1/../../../../arm-none-eabi/lib/thumb/arm946e-s/libc.a(malloc-malloc.c.o)
 .debug_abbrev  0x00004265       0x4e /opt/wonderful/toolchain/gcc-arm-none-eabi/lib/gcc/arm-none-eabi/15.2.1/../../../../arm-none-eabi/lib/thumb/arm946e-s/libc.a(libc_errno_errno.c.o)
 .debug_abbrev  0x000042b3       0xa2 /opt/wonderful/toolchain/gcc-arm-none-eabi/lib/gcc/arm-none-eabi/15.2.1/../../../../arm-none-eabi/lib/thumb/arm946e-s/libc.a(libc_misc_init.c.o)
 .debug_abbrev  0x00004355       0xad /opt/wonderful/toolchain/gcc-arm-none-eabi/lib/gcc/arm-none-eabi/15.2.1/../../../../arm-none-eabi/lib/thumb/arm946e-s/libc.a(libc_stdlib_pico-exit.c.o)
 .debug_abbrev  0x00004402      0x11a /opt/wonderful/toolchain/gcc-arm-none-eabi/lib/gcc/arm-none-eabi/15.2.1/../../../../arm-none-eabi/lib/thumb/arm946e-s/libc.a(libc_tinystdio_fflush.c.o)
 .debug_abbrev  0x0000451c      0x14d /opt/wonderful/toolchain/gcc-arm-none-eabi/lib/gcc/arm-none-eabi/15.2.1/../../../../arm-none-eabi/lib/thumb/arm946e-s/libc.a(libc_tinystdio_printf.c.o)
 .debug_abbrev  0x00004669      0x103 /opt/wonderful/toolchain/gcc-arm-none-eabi/lib/gcc/arm-none-eabi/15.2.1/../../../../arm-none-eabi/lib/thumb/arm946e-s/libc.a(libc_tinystdio_putchar.c.o)
 .debug_abbrev  0x0000476c      0x14f /opt/wonderful/toolchain/gcc-arm-none-eabi/lib/gcc/arm-none-eabi/15.2.1/../../../../arm-none-eabi/lib/thumb/arm946e-s/libc.a(libc_tinystdio_puts.c.o)
 .debug_abbrev  0x000048bb      0x146 /opt/wonderful/toolchain/gcc-arm-none-eabi/lib/gcc/arm-none-eabi/15.2.1/../../../../arm-none-eabi/lib/thumb/arm946e-s/libc.a(libc_tinystdio_setvbuf.c.o)
 .debug_abbrev  0x00004a01      0x38c /opt/wonderful/toolchain/gcc-arm-none-eabi/lib/gcc/arm-none-eabi/15.2.1/../../../../arm-none-eabi/lib/thumb/arm946e-s/libc.a(libc_tinystdio_vfprintf.c.o)
 .debug_abbrev  0x00004d8d      0x128 /opt/wonderful/toolchain/gcc-arm-none-eabi/lib/gcc/arm-none-eabi/15.2.1/../../../../arm-none-eabi/lib/thumb/arm946e-s/libc.a(libc_tinystdio_vprintf.c.o)
 .debug_abbrev  0x00004eb5      0x389 /opt/wonderful/toolchain/gcc-arm-none-eabi/lib/gcc/arm-none-eabi/15.2.1/../../../../arm-none-eabi/lib/thumb/arm946e-s/libc.a(libc_tinystdio_dtoa_ryu.c.o)
 .debug_abbrev  0x0000523e       0x94 /opt/wonderful/toolchain/gcc-arm-none-eabi/lib/gcc/arm-none-eabi/15.2.1/../../../../arm-none-eabi/lib/thumb/arm946e-s/libc.a(libc_tinystdio_ryu_log10.c.o)
 .debug_abbrev  0x000052d2       0x75 /opt/wonderful/toolchain/gcc-arm-none-eabi/lib/gcc/arm-none-eabi/15.2.1/../../../../arm-none-eabi/lib/thumb/arm946e-s/libc.a(libc_tinystdio_ryu_pow5bits.c.o)
 .debug_abbrev  0x00005347      0x175 /opt/wonderful/toolchain/gcc-arm-none-eabi/lib/gcc/arm-none-eabi/15.2.1/../../../../arm-none-eabi/lib/thumb/arm946e-s/libc.a(libc_tinystdio_ryu_table.c.o)
 .debug_abbrev  0x000054bc       0xe8 /opt/wonderful/toolchain/gcc-arm-none-eabi/lib/gcc/arm-none-eabi/15.2.1/../../../../arm-none-eabi/lib/thumb/arm946e-s/libc.a(libc_tinystdio_ryu_umul128.c.o)
 .debug_abbrev  0x000055a4       0xa2 /opt/wonderful/toolchain/gcc-arm-none-eabi/lib/gcc/arm-none-eabi/15.2.1/../../../../arm-none-eabi/lib/thumb/arm946e-s/libc.a(libc_misc_fini.c.o)
 .debug_abbrev  0x00005646       0x95 /opt/wonderful/toolchain/gcc-arm-none-eabi/lib/gcc/arm-none-eabi/15.2.1/../../../../arm-none-eabi/lib/thumb/arm946e-s/libc.a(libc_string_strnlen.c.o)
 .debug_abbrev  0x000056db      0x12a /opt/wonderful/toolchain/gcc-arm-none-eabi/lib/gcc/arm-none-eabi/15.2.1/../../../../arm-none-eabi/lib/thumb/arm946e-s/libc.a(libc_tinystdio_dtox_engine.c.o)
 .debug_abbrev  0x00005805       0xe4 /opt/wonderful/toolchain/gcc-arm-none-eabi/lib/gcc/arm-none-eabi/15.2.1/../../../../arm-none-eabi/lib/thumb/arm946e-s/libc.a(libc_tinystdio_fputc.c.o)
 .debug_abbrev  0x000058e9       0x28 /opt/wonderful/toolchain/gcc-arm-none-eabi/lib/gcc/arm-none-eabi/15.2.1/thumb/arm946e-s/libgcc.a(_thumb1_case_uqi.o)
 .debug_abbrev  0x00005911       0x28 /opt/wonderful/toolchain/gcc-arm-none-eabi/lib/gcc/arm-none-eabi/15.2.1/thumb/arm946e-s/libgcc.a(_thumb1_case_uhi.o)
 .debug_abbrev  0x00005939       0x28 /opt/wonderful/toolchain/gcc-arm-none-eabi/lib/gcc/arm-none-eabi/15.2.1/thumb/arm946e-s/libgcc.a(_udivsi3.o)
 .debug_abbrev  0x00005961       0x28 /opt/wonderful/toolchain/gcc-arm-none-eabi/lib/gcc/arm-none-eabi/15.2.1/thumb/arm946e-s/libgcc.a(_divsi3.o)
 .debug_abbrev  0x00005989       0x26 /opt/wonderful/toolchain/gcc-arm-none-eabi/lib/gcc/arm-none-eabi/15.2.1/thumb/arm946e-s/libgcc.a(_dvmd_tls.o)
 .debug_abbrev  0x000059af       0x28 /opt/wonderful/toolchain/gcc-arm-none-eabi/lib/gcc/arm-none-eabi/15.2.1/thumb/arm946e-s/libgcc.a(_lshrdi3.o)
 .debug_abbrev  0x000059d7       0x28 /opt/wonderful/toolchain/gcc-arm-none-eabi/lib/gcc/arm-none-eabi/15.2.1/thumb/arm946e-s/libgcc.a(_ashrdi3.o)
 .debug_abbrev  0x000059ff       0x28 /opt/wonderful/toolchain/gcc-arm-none-eabi/lib/gcc/arm-none-eabi/15.2.1/thumb/arm946e-s/libgcc.a(_ashldi3.o)
 .debug_abbrev  0x00005a27       0x28 /opt/wonderful/toolchain/gcc-arm-none-eabi/lib/gcc/arm-none-eabi/15.2.1/thumb/arm946e-s/libgcc.a(_clzsi2.o)
 .debug_abbrev  0x00005a4f       0x14 /opt/wonderful/toolchain/gcc-arm-none-eabi/lib/gcc/arm-none-eabi/15.2.1/thumb/arm946e-s/libgcc.a(_aeabi_uldivmod.o)
 .debug_abbrev  0x00005a63      0x126 /opt/wonderful/toolchain/gcc-arm-none-eabi/lib/gcc/arm-none-eabi/15.2.1/thumb/arm946e-s/libgcc.a(_udivmoddi4.o)
 .debug_abbrev  0x00005b89       0x14 /opt/wonderful/toolchain/gcc-arm-none-eabi/lib/gcc/arm-none-eabi/15.2.1/thumb/arm946e-s/libgcc.a(muldi3.o)
 .debug_abbrev  0x00005b9d       0x28 /opt/wonderful/toolchain/gcc-arm-none-eabi/lib/gcc/arm-none-eabi/15.2.1/thumb/arm946e-s/libgcc.a(_clzdi2.o)

.debug_line     0x00000000     0xd9e4
 *(.debug_line .debug_line.* .debug_line_end)
 .debug_line    0x00000000      0x112 /opt/blocksds/core/sys/crts/ds_arm9_crt0.o
 .debug_line    0x00000112      0x144 /opt/blocksds/core/libs/libnds/lib/libnds9.a(mpu_setup.s.o)
 .debug_line    0x00000256      0x3a5 /opt/blocksds/core/libs/libnds/lib/libnds9.a(cp15.s.o)
 .debug_line    0x000005fb       0xb8 /opt/blocksds/core/libs/libnds/lib/libnds9.a(memset.s.o)
 .debug_line    0x000006b3      0x232 /opt/blocksds/core/libs/libnds/lib/libnds9.a(crt0_argv.c.o)
 .debug_line    0x000008e5      0x40f /opt/blocksds/core/libs/libnds/lib/libnds9.a(initSystem.c.o)
 .debug_line    0x00000cf4      0x5a9 /opt/blocksds/core/libs/libnds/lib/libnds9.a(keys.c.o)
 .debug_line    0x0000129d       0x40 /opt/blocksds/core/libs/libnds/lib/libnds9.a(securearea.c.o)