Archive member included to satisfy reference by file (symbol)

/opt/blocksds/external/nflib/lib/libnflib.a(nf_basic.c.o)
                              build/LaRosaDelsVents/source/Game.cpp.o (NF_SetRootFolder)
/opt/blocksds/external/nflib/lib/libnflib.a(nf_tiledbg.c.o)
                              build/LaRosaDelsVents/source/Game.cpp.o (NF_InitTiledBgBuffers)
/opt/blocksds/external/nflib/lib/libnflib.a(nf_sprite256.c.o)
                              build/LaRosaDelsVents/source/Game.cpp.o (NF_InitSpriteBuffers)
/opt/blocksds/external/nflib/lib/libnflib.a(nf_2d.c.o)
                              build/LaRosaDelsVents/source/Game.cpp.o (NF_Set2D)
/opt/blocksds/core/libs/libnds/lib/libnds9.a(mpu_setup.s.o)
                              /opt/blocksds/core/sys/crts/ds_arm9_crt0.o (__libnds_mpu_setup)
/opt/blocksds/core/libs/libnds/lib/libnds9.a(cp15.s.o)
                              /opt/blocksds/core/libs/libnds/lib/libnds9.a(mpu_setup.s.o) (CP15_FlushICache)
/opt/blocksds/core/libs/libnds/lib/libnds9.a(memcpy.s.o)
                              /opt/blocksds/external/nflib/lib/libnflib.a(nf_basic.c.o) (memcpy)
/opt/blocksds/core/libs/libnds/lib/libnds9.a(memset.s.o)
                              /opt/blocksds/external/nflib/lib/libnflib.a(nf_tiledbg.c.o) (memset)
/opt/blocksds/core/libs/libnds/lib/libnds9.a(dma.s.o)
                              /opt/blocksds/external/nflib/lib/libnflib.a(nf_basic.c.o) (dmaSetParams)
/opt/blocksds/core/libs/libnds/lib/libnds9.a(nitrofs.c.o)
                              build/LaRosaDelsVents/source/Game.cpp.o (nitroFSInit)
/opt/blocksds/core/libs/libnds/lib/libnds9.a(crt0_argv.c.o)
                              /opt/blocksds/core/sys/crts/ds_arm9_crt0.o (build_argv)
/opt/blocksds/core/libs/libnds/lib/libnds9.a(filesystem.c.o)
                              /opt/blocksds/external/nflib/lib/libnflib.a(nf_basic.c.o) (access)
/opt/blocksds/core/libs/libnds/lib/libnds9.a(chdir.c.o)
                              build/LaRosaDelsVents/source/Game.cpp.o (chdir)
/opt/blocksds/core/libs/libnds/lib/libnds9.a(cache.c.o)
                              /opt/blocksds/core/libs/libnds/lib/libnds9.a(nitrofs.c.o) (cache_initialized)
/opt/blocksds/core/libs/libnds/lib/libnds9.a(fatfs.c.o)
                              /opt/blocksds/core/libs/libnds/lib/libnds9.a(filesystem.c.o) (fatfs_error_to_posix)
/opt/blocksds/core/libs/libnds/lib/libnds9.a(video.c.o)
                              /opt/blocksds/external/nflib/lib/libnflib.a(nf_basic.c.o) (setBrightness)
/opt/blocksds/core/libs/libnds/lib/libnds9.a(sprite.c.o)
                              /opt/blocksds/external/nflib/lib/libnflib.a(nf_sprite256.c.o) (oamInit)
/opt/blocksds/core/libs/libnds/lib/libnds9.a(cache.c.o)
                              /opt/blocksds/external/nflib/lib/libnflib.a(nf_basic.c.o) (CP15_CleanAndFlushDCacheRange)
/opt/blocksds/core/libs/libnds/lib/libnds9.a(initSystem.c.o)
                              /opt/blocksds/core/sys/crts/ds_arm9_crt0.o (__debugger_unit)
/opt/blocksds/core/libs/libnds/lib/libnds9.a(keys.c.o)
                              build/LaRosaDelsVents/source/Game.cpp.o (scanKeys)
/opt/blocksds/core/libs/libnds/lib/libnds9.a(securearea.c.o)
                              /opt/blocksds/core/sys/crts/ds_arm9_crt0.o (__secure_area__)
/opt/blocksds/core/libs/libnds/lib/libnds9.a(system.c.o)
                              /opt/blocksds/core/libs/libnds/lib/libnds9.a(initSystem.c.o) (systemValueHandler)
/opt/blocksds/core/libs/libnds/lib/libnds9.a(exceptions.c.o)
                              /opt/blocksds/core/libs/libnds/lib/libnds9.a(system.c.o) (exceptionStatePrint)
/opt/blocksds/core/libs/libnds/lib/libnds9.a(nandfs.c.o)
                              /opt/blocksds/core/libs/libnds/lib/libnds9.a(fatfs.c.o) (nand_WriteProtect)
/opt/blocksds/core/libs/libnds/lib/libnds9.a(sdmmc.c.o)
                              /opt/blocksds/core/libs/libnds/lib/libnds9.a(nandfs.c.o) (nand_Startup)
/opt/blocksds/core/libs/libnds/lib/libnds9.a(dldi.c.o)
                              /opt/blocksds/core/libs/libnds/lib/libnds9.a(nitrofs.c.o) (dldiGetMode)
/opt/blocksds/core/libs/libnds/lib/libnds9.a(card.c.o)
                              /opt/blocksds/core/libs/libnds/lib/libnds9.a(nitrofs.c.o) (cardReadArm7)
/opt/blocksds/core/libs/libnds/lib/libnds9.a(console.c.o)
                              /opt/blocksds/core/libs/libnds/lib/libnds9.a(exceptions.c.o) (consolePrintChar)
/opt/blocksds/core/libs/libnds/lib/libnds9.a(sassert.c.o)
                              /opt/blocksds/core/libs/libnds/lib/libnds9.a(system.c.o) (__sassert)
/opt/blocksds/core/libs/libnds/lib/libnds9.a(debugprint.c.o)
                              /opt/blocksds/core/libs/libnds/lib/libnds9.a(console.c.o) (nocash_putc_buffered)
/opt/blocksds/core/libs/libnds/lib/libnds9.a(sbrk.c.o)
                              /opt/blocksds/core/sys/crts/ds_arm9_crt0.o (fake_heap_start)
/opt/blocksds/core/libs/libnds/lib/libnds9.a(exit.c.o)
[...]
Memory Configuration

Name             Origin             Length             Attributes
ewram            0x02000000         0x00380000
dtcm             0x02ff0000         0x00004000
itcm             0x01000000         0x00008000
*default*        0x00000000         0xffffffff

Linker script and memory map

                0x00000000                        PROVIDE (__dtcm_data_size = 0x0)
                0x00000001                        ASSERT (((__dtcm_data_size & 0x3) == 0x0), __dtcm_data_size must be a multiple of 4)
                0x00004000                        PROVIDE (__dldi_size = 0x4000)
                0x00000040                        PROVIDE (__dtcm_reserved_size = 0x40)
                0x00000001                        ASSERT (((__dtcm_reserved_size & 0x3) == 0x0), __dtcm_reserved_size must be a multiple of 4)
                0x00000100                        PROVIDE (__svc_stack_size = 0x100)
                0x00000001                        ASSERT (((__svc_stack_size & 0x3) == 0x0), __svc_stack_size must be a multiple of 4)
                0x00000100                        PROVIDE (__irq_stack_size = 0x100)
                0x00000001                        ASSERT (((__irq_stack_size & 0x3) == 0x0), __irq_stack_size must be a multiple of 4)
                0x00000000                        PROVIDE (__usr_stack_size = 0x0)
                0x00000001                        ASSERT (((__usr_stack_size & 0x3) == 0x0), __usr_stack_size must be a multiple of 4)
                0x02380000                        __ewram_end = (ORIGIN (ewram) + LENGTH (ewram))
                0x02380000                        __eheap_end = (ORIGIN (ewram) + LENGTH (ewram))
                0x02ff0000                        __dtcm_start = ORIGIN (dtcm)
                0x02ff4000                        __dtcm_top = (ORIGIN (dtcm) + LENGTH (dtcm))
                0x02ff3ff8                        __irq_flags = (__dtcm_top - 0x8)
                0x02ff3ffc                        __irq_vector = (__dtcm_top - 0x4)
                0x02ff3fc0                        __sp_svc = (__dtcm_top - __dtcm_reserved_size)
                0x02ff3ec0                        __sp_irq = (__sp_svc - __svc_stack_size)
                0x02ff3dc0                        __sp_usr = ((__sp_irq - __irq_stack_size) - __dtcm_data_size)
                0x02ff0000                        __dtcm_data_start = (__dtcm_data_size > 0x0)?__sp_usr:ORIGIN (dtcm)
                0x02ff3dc0                        __dtcm_data_top = (__dtcm_data_size > 0x0)?(__sp_irq - __irq_stack_size):(__sp_usr - __usr_stack_size)
                0x0000000e                        __dldi_log2_size = (LOG2CEIL ((__dldi_size + 0x1)) - 0x1)

.secure         0x02000000      0x800
 *(.secure)
 .secure        0x02000000      0x800 /opt/blocksds/core/libs/libnds/lib/libnds9.a(securearea.c.o)
                0x02000000                __secure_area__

.crt0           0x02000800      0x2d4
                0x02000800                        __text_start = .
 *(.crt0)
 .crt0          0x02000800      0x2d4 /opt/blocksds/core/sys/crts/ds_arm9_crt0.o
                0x02000800                _start
                0x02000ad4                        . = ALIGN (0x4)

.dldi           0x02000b00     0x4000
                0x02000b00                        __dldi_start = .
 *(.dldi)
 .dldi          0x02000b00       0x88 /opt/blocksds/core/libs/libnds/lib/libnds9.a(dldi_stub.s.o)
                0x02000b00                _io_dldi_stub
                0x02000b88                        . = ALIGN (0x4)
                0x02000b88                        __dldi_data_end = .
                0x02004b00                        __dldi_end = (__dldi_data_end > __dldi_start)?(__dldi_start + __dldi_size):__dldi_start
                0x02004b00                        . = __dldi_end
 *fill*         0x02000b88     0x3f78 00
                0x02004b00                        . = ALIGN (0x4)

.plt
 *(.plt)

.init           0x02004b00        0x8
 *(SORT_NONE(.init))
 .init          0x02004b00        0x8 /opt/wonderful/toolchain/gcc-arm-none-eabi/lib/gcc/arm-none-eabi/15.2.1/thumb/arm946e-s/crtn.o

.text           0x02004b08     0xe8e8
 *(EXCLUDE_FILE(*.twl* *.itcm*) .text)
 .text          0x02004b08       0x14 /opt/wonderful/toolchain/gcc-arm-none-eabi/lib/gcc/arm-none-eabi/15.2.1/../../../../arm-none-eabi/lib/thumb/arm946e-s/libc.a(strcmp.S.o)
                0x02004b08                strcmp
 .text          0x02004b1c        0xe /opt/wonderful/toolchain/gcc-arm-none-eabi/lib/gcc/arm-none-eabi/15.2.1/../../../../arm-none-eabi/lib/thumb/arm946e-s/libc.a(strlen.S.o)
                0x02004b1c                strlen
 *fill*         0x02004b2a        0x2 ff
 .text          0x02004b2c       0x14 /opt/wonderful/toolchain/gcc-arm-none-eabi/lib/gcc/arm-none-eabi/15.2.1/thumb/arm946e-s/libgcc.a(_thumb1_case_uqi.o)
                0x02004b2c                __gnu_thumb1_case_uqi
 .text          0x02004b40       0x14 /opt/wonderful/toolchain/gcc-arm-none-eabi/lib/gcc/arm-none-eabi/15.2.1/thumb/arm946e-s/libgcc.a(_thumb1_case_uhi.o)
                0x02004b40                __gnu_thumb1_case_uhi
 .text          0x02004b54      0x214 /opt/wonderful/toolchain/gcc-arm-none-eabi/lib/gcc/arm-none-eabi/15.2.1/thumb/arm946e-s/libgcc.a(_udivsi3.o)
                0x02004b54                __udivsi3
                0x02004b54                __aeabi_uidiv
                0x02004d48                __aeabi_uidivmod
 .text          0x02004d68      0x248 /opt/wonderful/toolchain/gcc-arm-none-eabi/lib/gcc/arm-none-eabi/15.2.1/thumb/arm946e-s/libgcc.a(_divsi3.o)
                0x02004d68                __aeabi_idiv
                0x02004d68                __divsi3
                0x02004f90                __aeabi_idivmod
 .text          0x02004fb0        0x4 /opt/wonderful/toolchain/gcc-arm-none-eabi/lib/gcc/arm-none-eabi/15.2.1/thumb/arm946e-s/libgcc.a(_dvmd_tls.o)
                0x02004fb0                __aeabi_ldiv0
                0x02004fb0                __aeabi_idiv0
 .text          0x02004fb4       0x18 /opt/wonderful/toolchain/gcc-arm-none-eabi/lib/gcc/arm-none-eabi/15.2.1/thumb/arm946e-s/libgcc.a(_lshrdi3.o)
                0x02004fb4                __aeabi_llsr
                0x02004fb4                __lshrdi3
 .text          0x02004fcc       0x1c /opt/wonderful/toolchain/gcc-arm-none-eabi/lib/gcc/arm-none-eabi/15.2.1/thumb/arm946e-s/libgcc.a(_ashrdi3.o)
                0x02004fcc                __ashrdi3
                0x02004fcc                __aeabi_lasr
 .text          0x02004fe8       0x18 /opt/wonderful/toolchain/gcc-arm-none-eabi/lib/gcc/arm-none-eabi/15.2.1/thumb/arm946e-s/libgcc.a(_ashldi3.o)
                0x02004fe8                __ashldi3
                0x02004fe8                __aeabi_llsl
 .text          0x02005000      0x3c0 /opt/wonderful/toolchain/gcc-arm-none-eabi/lib/gcc/arm-none-eabi/15.2.1/thumb/arm946e-s/libgcc.a(_arm_addsubdf3.o)
                0x02005000                __aeabi_drsub
                0x02005008                __subdf3
                0x02005008                __aeabi_dsub
                0x0200500c                __adddf3
                0x0200500c                __aeabi_dadd
                0x020052b8                __aeabi_ui2d
                0x020052b8                __floatunsidf
                0x020052dc                __floatsidf
                0x020052dc                __aeabi_i2d
                0x02005304                __extendsfdf2
                0x02005304                __aeabi_f2d
                0x0200534c                __aeabi_ul2d
                0x0200534c                __floatundidf
                0x02005360                __aeabi_l2d
                0x02005360                __floatdidf
 .text          0x020053c0       0xa0 /opt/wonderful/toolchain/gcc-arm-none-eabi/lib/gcc/arm-none-eabi/15.2.1/thumb/arm946e-s/libgcc.a(_arm_truncdfsf2.o)
                0x020053c0                __aeabi_d2f
                0x020053c0                __truncdfsf2
 .text          0x02005460        0x8 /opt/wonderful/toolchain/gcc-arm-none-eabi/lib/gcc/arm-none-eabi/15.2.1/thumb/arm946e-s/libgcc.a(_clzsi2.o)
                0x02005460                __clzsi2
 .text          0x02005468       0x14 /opt/wonderful/toolchain/gcc-arm-none-eabi/lib/gcc/arm-none-eabi/15.2.1/thumb/arm946e-s/libgcc.a(_clzdi2.o)
                0x02005468                __clzdi2
 .text          0x0200547c       0xd4 /opt/wonderful/toolchain/gcc-arm-none-eabi/lib/gcc/arm-none-eabi/15.2.1/thumb/arm946e-s/libgcc.a(_aeabi_ldivmod.o)
                0x0200547c                __aeabi_ldivmod
 .text          0x02005550       0x3c /opt/wonderful/toolchain/gcc-arm-none-eabi/lib/gcc/arm-none-eabi/15.2.1/thumb/arm946e-s/libgcc.a(_aeabi_uldivmod.o)
                0x02005550                __aeabi_uldivmod
 .text          0x0200558c      0x190 /opt/wonderful/toolchain/gcc-arm-none-eabi/lib/gcc/arm-none-eabi/15.2.1/thumb/arm946e-s/libgcc.a(_udivmoddi4.o)
                0x0200558c                __udivmoddi4
 .text          0x0200571c       0x14 /opt/wonderful/toolchain/gcc-arm-none-eabi/lib/gcc/arm-none-eabi/15.2.1/thumb/arm946e-s/libgcc.a(muldi3.o)
                0x0200571c                __aeabi_lmul
                0x0200571c                __muldi3
 *(EXCLUDE_FILE(*.twl* *.itcm*) .stub)
 *(EXCLUDE_FILE(*.twl* *.itcm*) .text.*)
 .text._ZN4Game6initFsEv
                0x02005730       0x28 build/LaRosaDelsVents/source/Game.cpp.o
                0x02005730                Game::initFs()
 .text._ZN4Game9initVideoEv
                0x02005758       0x30 build/LaRosaDelsVents/source/Game.cpp.o
                0x02005758                Game::initVideo()
 .text._ZN4Game13loadResourcesEv
                0x02005788       0x60 build/LaRosaDelsVents/source/Game.cpp.o
                0x02005788                Game::loadResources()
 .text._ZN4Game17createBackgroundsEv
                0x020057e8       0x20 build/LaRosaDelsVents/source/Game.cpp.o
                0x020057e8                Game::createBackgrounds()
 .text._ZN4Game3runEv
                0x02005808       0x68 build/LaRosaDelsVents/source/Game.cpp.o
                0x02005808                Game::run()
 .text._ZN5BoardC2Ev
                0x02005870       0x1c build/LaRosaDelsVents/source/Board.cpp.o
                0x02005870                Board::Board()
                0x02005870                Board::Board()
 .text._ZN5Board4initEv
                0x0200588c       0x6c build/LaRosaDelsVents/source/Board.cpp.o
                0x0200588c                Board::init()
 .text._ZN5Board11handleTouchERK13touchPositiont
                0x020058f8       0x6c build/LaRosaDelsVents/source/Board.cpp.o
                0x020058f8                Board::handleTouch(touchPosition const&, unsigned short)
 .text._ZN5Board5resetEv
                0x02005964       0x24 build/LaRosaDelsVents/source/Board.cpp.o
                0x02005964                Board::reset()
 .text.startup.main
                0x02005988       0x10 build/LaRosaDelsVents/source/main.cpp.o
                0x02005988                main
 .text.NF_Error
                0x02005998      0x2d8 /opt/blocksds/external/nflib/lib/libnflib.a(nf_basic.c.o)
                0x02005998                NF_Error
 .text.NF_SetRootFolder
                0x02005c70      0x1e0 /opt/blocksds/external/nflib/lib/libnflib.a(nf_basic.c.o)
                0x02005c70                NF_SetRootFolder
 .text.NF_DmaMemCopy
                0x02005e50       0x70 /opt/blocksds/external/nflib/lib/libnflib.a(nf_basic.c.o)
                0x02005e50                NF_DmaMemCopy
 .text.NF_FileLoad
                0x02005ec0       0xac /opt/blocksds/external/nflib/lib/libnflib.a(nf_basic.c.o)
                0x02005ec0                NF_FileLoad
 .text.NF_InitTiledBgBuffers
                0x02005f6c       0x98 /opt/blocksds/external/nflib/lib/libnflib.a(nf_tiledbg.c.o)
                0x02005f6c                NF_InitTiledBgBuffers
 .text.NF_InitTiledBgSys
                0x02006004      0x148 /opt/blocksds/external/nflib/lib/libnflib.a(nf_tiledbg.c.o)
                0x02006004                NF_InitTiledBgSys
 .text.NF_LoadTiledBg
                0x0200614c      0x1a4 /opt/blocksds/external/nflib/lib/libnflib.a(nf_tiledbg.c.o)
                0x0200614c                NF_LoadTiledBg
 .text.NF_DeleteTiledBg
                0x020062f0      0x17c /opt/blocksds/external/nflib/lib/libnflib.a(nf_tiledbg.c.o)
                0x020062f0                NF_DeleteTiledBg
 .text.NF_CreateTiledBg
                0x0200646c      0x5ac /opt/blocksds/external/nflib/lib/libnflib.a(nf_tiledbg.c.o)
                0x0200646c                NF_CreateTiledBg
 .text.NF_InitSpriteBuffers
                0x02006a18       0x5c /opt/blocksds/external/nflib/lib/libnflib.a(nf_sprite256.c.o)
                0x02006a18                NF_InitSpriteBuffers
 .text.NF_InitSpriteSys
                0x02006a74      0x1f8 /opt/blocksds/external/nflib/lib/libnflib.a(nf_sprite256.c.o)
                0x02006a74                NF_InitSpriteSys
 .text.NF_LoadSpriteGfx
                0x02006c6c       0x94 /opt/blocksds/external/nflib/lib/libnflib.a(nf_sprite256.c.o)
                0x02006c6c                NF_LoadSpriteGfx
 .text.NF_LoadSpritePal
                0x02006d00       0x7c /opt/blocksds/external/nflib/lib/libnflib.a(nf_sprite256.c.o)
                0x02006d00                NF_LoadSpritePal
 .text.NF_VramSpriteGfx
                0x02006d7c      0x27c /opt/blocksds/external/nflib/lib/libnflib.a(nf_sprite256.c.o)
                0x02006d7c                NF_VramSpriteGfx
 .text.NF_VramSpritePal
                0x02006ff8       0xb0 /opt/blocksds/external/nflib/lib/libnflib.a(nf_sprite256.c.o)
                0x02006ff8                NF_VramSpritePal
 .text.NF_CreateSprite
                0x020070a8      0x1c8 /opt/blocksds/external/nflib/lib/libnflib.a(nf_sprite256.c.o)
                0x020070a8                NF_CreateSprite
 .text.NF_SpriteOamSet
                0x02007270       0xc0 /opt/blocksds/external/nflib/lib/libnflib.a(nf_sprite256.c.o)
                0x02007270                NF_SpriteOamSet
 .text.NF_Set2D
                0x02007330       0x64 /opt/blocksds/external/nflib/lib/libnflib.a(nf_2d.c.o)
                0x02007330                NF_Set2D
 .text.NF_ShowBg
                0x02007394       0x74 /opt/blocksds/external/nflib/lib/libnflib.a(nf_2d.c.o)
                0x02007394                NF_ShowBg
 .text.NF_HideBg
                0x02007408       0x9c /opt/blocksds/external/nflib/lib/libnflib.a(nf_2d.c.o)
                0x02007408                NF_HideBg
 .text.NF_ScrollBg
                0x020074a4      0x2fc /opt/blocksds/external/nflib/lib/libnflib.a(nf_2d.c.o)
                0x020074a4                NF_ScrollBg
 .text.NF_SpriteFrame
                0x020077a0       0xbc /opt/blocksds/external/nflib/lib/libnflib.a(nf_2d.c.o)
                0x020077a0                NF_SpriteFrame
 .text.__libnds_mpu_setup
                0x0200785c      0x1c4 /opt/blocksds/core/libs/libnds/lib/libnds9.a(mpu_setup.s.o)
                0x0200785c                __libnds_mpu_setup
 .text.CP15_MPUDisable
                0x02007a20       0x3c /opt/blocksds/core/libs/libnds/lib/libnds9.a(mpu_setup.s.o)
                0x02007a20                CP15_MPUDisable
 .text.memUncached
                0x02007a5c       0x20 /opt/blocksds/core/libs/libnds/lib/libnds9.a(mpu_setup.s.o)
                0x02007a5c                memUncached
 .text.CP15_FlushICache
                0x02007a7c        0xc /opt/blocksds/core/libs/libnds/lib/libnds9.a(cp15.s.o)
                0x02007a7c                CP15_FlushICache
 .text.CP15_FlushDCache
                0x02007a88        0xc /opt/blocksds/core/libs/libnds/lib/libnds9.a(cp15.s.o)
                0x02007a88                CP15_FlushDCache
 .text.CP15_CleanAndFlushDCache
                0x02007a94       0x34 /opt/blocksds/core/libs/libnds/lib/libnds9.a(cp15.s.o)
                0x02007a94                CP15_CleanAndFlushDCache
 .text.__aeabi_memcpy
                0x02007ac8       0xc8 /opt/blocksds/core/libs/libnds/lib/libnds9.a(memcpy.s.o)
                0x02007ac8                __aeabi_memcpy
                0x02007b00                __aeabi_memcpy4
                0x02007b00                __aeabi_memcpy8
                0x02007b6c                __ndsabi_memcpy2
 .text.__ndsabi_memcpy1
                0x02007b90       0x14 /opt/blocksds/core/libs/libnds/lib/libnds9.a(memcpy.s.o)
                0x02007b90                __ndsabi_memcpy1
 .text.memcpy   0x02007ba4       0x10 /opt/blocksds/core/libs/libnds/lib/libnds9.a(memcpy.s.o)
                0x02007ba4                memcpy
 .text.__aeabi_memset
                0x02007bb4       0x9c /opt/blocksds/core/libs/libnds/lib/libnds9.a(memset.s.o)
                0x02007bb4                __aeabi_memset
                0x02007bd8                __aeabi_memset8
                0x02007bd8                __aeabi_memset4
                0x02007be4                __ndsabi_wordset4
                0x02007be8                __ndsabi_lwordset4
 .text.__ndsabi_memset1
                0x02007c50       0x10 /opt/blocksds/core/libs/libnds/lib/libnds9.a(memset.s.o)
                0x02007c50                __ndsabi_memset1
 .text.memset   0x02007c60       0x1c /opt/blocksds/core/libs/libnds/lib/libnds9.a(memset.s.o)
                0x02007c60                memset
 .text.dmaSetParams
                0x02007c7c       0x1c /opt/blocksds/core/libs/libnds/lib/libnds9.a(dma.s.o)
                0x02007c7c                dmaSetParams
 .text.nitrofs_read_internal
                0x02007c98       0xe8 /opt/blocksds/core/libs/libnds/lib/libnds9.a(nitrofs.c.o)
 .text.nitrofs_dir_state_init
                0x02007d80       0x9c /opt/blocksds/core/libs/libnds/lib/libnds9.a(nitrofs.c.o)
 .text.nitrofs_dir_state_next
                0x02007e1c       0xb0 /opt/blocksds/core/libs/libnds/lib/libnds9.a(nitrofs.c.o)
 .text.nitrofs_dir_step
                0x02007ecc       0xf0 /opt/blocksds/core/libs/libnds/lib/libnds9.a(nitrofs.c.o)
 .text.nitrofs_use_for_path
                0x02007fbc       0x30 /opt/blocksds/core/libs/libnds/lib/libnds9.a(nitrofs.c.o)
                0x02007fbc                nitrofs_use_for_path
 .text.nitrofs_path_resolve
                0x02007fec       0x68 /opt/blocksds/core/libs/libnds/lib/libnds9.a(nitrofs.c.o)
                0x02007fec                nitrofs_path_resolve
 .text.nitrofs_chdir
                0x02008054       0x24 /opt/blocksds/core/libs/libnds/lib/libnds9.a(nitrofs.c.o)
                0x02008054                nitrofs_chdir
 .text.nitrofs_read
                0x02008078       0x30 /opt/blocksds/core/libs/libnds/lib/libnds9.a(nitrofs.c.o)
                0x02008078                nitrofs_read
 .text.nitrofs_lseek
                0x020080a8       0x58 /opt/blocksds/core/libs/libnds/lib/libnds9.a(nitrofs.c.o)
                0x020080a8                nitrofs_lseek
 .text.nitrofs_close
                0x02008100       0x10 /opt/blocksds/core/libs/libnds/lib/libnds9.a(nitrofs.c.o)
                0x02008100                nitrofs_close
 .text.nitroFSOpenById
                0x02008110       0x6c /opt/blocksds/core/libs/libnds/lib/libnds9.a(nitrofs.c.o)
                0x02008110                nitroFSOpenById
 .text.nitrofs_open
                0x0200817c       0x4c /opt/blocksds/core/libs/libnds/lib/libnds9.a(nitrofs.c.o)
                0x0200817c                nitrofs_open
 .text.nitroFSInit
                0x020081c8      0x1b8 /opt/blocksds/core/libs/libnds/lib/libnds9.a(nitrofs.c.o)
                0x020081c8                nitroFSInit
 .text.build_argv
                0x02008380       0x58 /opt/blocksds/core/libs/libnds/lib/libnds9.a(crt0_argv.c.o)
                0x02008380                build_argv
 .text.open     0x020083d8       0xfc /opt/blocksds/core/libs/libnds/lib/libnds9.a(filesystem.c.o)
                0x020083d8                open
 .text.read     0x020084d4       0x5c /opt/blocksds/core/libs/libnds/lib/libnds9.a(filesystem.c.o)
                0x020084d4                read
 .text.write    0x02008530       0x6c /opt/blocksds/core/libs/libnds/lib/libnds9.a(filesystem.c.o)
                0x02008530                write
 .text.close    0x0200859c       0x68 /opt/blocksds/core/libs/libnds/lib/libnds9.a(filesystem.c.o)
                0x0200859c                close
 .text.lseek    0x02008604       0x78 /opt/blocksds/core/libs/libnds/lib/libnds9.a(filesystem.c.o)
                0x02008604                lseek
 .text.access   0x0200867c       0x98 /opt/blocksds/core/libs/libnds/lib/libnds9.a(filesystem.c.o)
                0x0200867c                access
 .text.chdir    0x02008714      0x11c /opt/blocksds/core/libs/libnds/lib/libnds9.a(chdir.c.o)
                0x02008714                chdir
 .text.cache_initialized
                0x02008830       0x10 /opt/blocksds/core/libs/libnds/lib/libnds9.a(cache.c.o)
                0x02008830                cache_initialized
 .text.cache_init
                0x02008840       0xac /opt/blocksds/core/libs/libnds/lib/libnds9.a(cache.c.o)
                0x02008840                cache_init
 .text.cache_sector_get
                0x020088ec       0x70 /opt/blocksds/core/libs/libnds/lib/libnds9.a(cache.c.o)
                0x020088ec                cache_sector_get
 .text.cache_sector_add
                0x0200895c       0xb0 /opt/blocksds/core/libs/libnds/lib/libnds9.a(cache.c.o)
                0x0200895c                cache_sector_add
 .text.cache_sector_invalidate
                0x02008a0c       0x4c /opt/blocksds/core/libs/libnds/lib/libnds9.a(cache.c.o)
                0x02008a0c                cache_sector_invalidate
 .text.fatfs_error_to_posix
                0x02008a58       0x24 /opt/blocksds/core/libs/libnds/lib/libnds9.a(fatfs.c.o)
                0x02008a58                fatfs_error_to_posix
 .text.fatfs_timestamp_to_fattime
                0x02008a7c       0x28 /opt/blocksds/core/libs/libnds/lib/libnds9.a(fatfs.c.o)
                0x02008a7c                fatfs_timestamp_to_fattime
 .text.get_dirname
                0x02008aa4       0x98 /opt/blocksds/core/libs/libnds/lib/libnds9.a(fatfs.c.o)
                0x02008aa4                get_dirname
 .text.fatGetDefaultCwd
                0x02008b3c       0x70 /opt/blocksds/core/libs/libnds/lib/libnds9.a(fatfs.c.o)
                0x02008b3c                fatGetDefaultCwd
 .text.nandInit
                0x02008bac       0x9c /opt/blocksds/core/libs/libnds/lib/libnds9.a(fatfs.c.o)
                0x02008bac                nandInit
 .text.fatInit.part.0
                0x02008c48      0x1dc /opt/blocksds/core/libs/libnds/lib/libnds9.a(fatfs.c.o)
 .text.fatInitDefault
                0x02008e24       0x24 /opt/blocksds/core/libs/libnds/lib/libnds9.a(fatfs.c.o)
                0x02008e24                fatInitDefault
 .text.fatInitLookupCache
                0x02008e48       0x60 /opt/blocksds/core/libs/libnds/lib/libnds9.a(fatfs.c.o)
                0x02008e48                fatInitLookupCache
 .text.setBrightness
                0x02008ea8       0x40 /opt/blocksds/core/libs/libnds/lib/libnds9.a(video.c.o)
                0x02008ea8                setBrightness
 .text.vramDefault
                0x02008ee8       0xe4 /opt/blocksds/core/libs/libnds/lib/libnds9.a(video.c.o)
                0x02008ee8                vramDefault
 .text.oamInit  0x02008fcc      0x100 /opt/blocksds/core/libs/libnds/lib/libnds9.a(sprite.c.o)
                0x02008fcc                oamInit
 .text.oamGfxPtrToOffset
                0x020090cc       0x34 /opt/blocksds/core/libs/libnds/lib/libnds9.a(sprite.c.o)
                0x020090cc                oamGfxPtrToOffset
 .text.oamSet   0x02009100      0x10c /opt/blocksds/core/libs/libnds/lib/libnds9.a(sprite.c.o)
                0x02009100                oamSet
 .text.oamUpdate
                0x0200920c       0x50 /opt/blocksds/core/libs/libnds/lib/libnds9.a(sprite.c.o)
                0x0200920c                oamUpdate
 .text.initSystem
                0x0200925c      0x130 /opt/blocksds/core/libs/libnds/lib/libnds9.a(initSystem.c.o)
                0x0200925c                initSystem
 .text.scanKeys
                0x0200938c       0xcc /opt/blocksds/core/libs/libnds/lib/libnds9.a(keys.c.o)
                0x0200938c                scanKeys
 .text.keysHeld
                0x02009458        0xc /opt/blocksds/core/libs/libnds/lib/libnds9.a(keys.c.o)
                0x02009458                keysHeld
 .text.keysDown
                0x02009464        0xc /opt/blocksds/core/libs/libnds/lib/libnds9.a(keys.c.o)
                0x02009464                keysDown
 .text.keysCurrent
                0x02009470       0x50 /opt/blocksds/core/libs/libnds/lib/libnds9.a(keys.c.o)
                0x02009470                keysCurrent
 .text.touchRead
                0x020094c0       0x24 /opt/blocksds/core/libs/libnds/lib/libnds9.a(keys.c.o)
                0x020094c0                touchRead
 .text.setTransferInputData
                0x020094e4       0x1c /opt/blocksds/core/libs/libnds/lib/libnds9.a(keys.c.o)
                0x020094e4                setTransferInputData
 .text.systemValueHandler
                0x02009500       0xc4 /opt/blocksds/core/libs/libnds/lib/libnds9.a(system.c.o)
                0x02009500                systemValueHandler
 .text.systemMsgHandler
                0x020095c4       0x2c /opt/blocksds/core/libs/libnds/lib/libnds9.a(system.c.o)
                0x020095c4                systemMsgHandler
 .text.powerOn  0x020095f0       0x2c /opt/blocksds/core/libs/libnds/lib/libnds9.a(system.c.o)
                0x020095f0                powerOn
 .text.memBufferIsInMainRam
                0x0200961c       0x1c /opt/blocksds/core/libs/libnds/lib/libnds9.a(system.c.o)
                0x0200961c                memBufferIsInMainRam
 .text.releaseCrashHandler
                0x02009638       0x7c /opt/blocksds/core/libs/libnds/lib/libnds9.a(exceptions.c.o)
 .text.exceptionStatePrint
                0x020096b4       0xf4 /opt/blocksds/core/libs/libnds/lib/libnds9.a(exceptions.c.o)
                0x020096b4                exceptionStatePrint
 .text.releaseExceptionHandler
                0x020097a8       0x10 /opt/blocksds/core/libs/libnds/lib/libnds9.a(exceptions.c.o)
                0x020097a8                releaseExceptionHandler
 .text.get_io_dsinand
                0x020097b8       0x18 /opt/blocksds/core/libs/libnds/lib/libnds9.a(nandfs.c.o)
                0x020097b8                get_io_dsinand
 .text.get_io_dsisd
                0x020097d0       0x24 /opt/blocksds/core/libs/libnds/lib/libnds9.a(sdmmc.c.o)
                0x020097d0                get_io_dsisd
 .text.dldi_arm7_read_sectors
                0x020097f4       0x64 /opt/blocksds/core/libs/libnds/lib/libnds9.a(dldi.c.o)
 .text.dldi_arm7_shutdown
                0x02009858       0x3c /opt/blocksds/core/libs/libnds/lib/libnds9.a(dldi.c.o)
 .text.dldi_arm7_clear_status
                0x02009894       0x3c /opt/blocksds/core/libs/libnds/lib/libnds9.a(dldi.c.o)
 .text.dldi_arm7_is_inserted
                0x020098d0       0x3c /opt/blocksds/core/libs/libnds/lib/libnds9.a(dldi.c.o)
 .text.dldi_arm7_startup
                0x0200990c       0x50 /opt/blocksds/core/libs/libnds/lib/libnds9.a(dldi.c.o)
 .text.dldi_arm7_write_sectors
                0x0200995c       0x64 /opt/blocksds/core/libs/libnds/lib/libnds9.a(dldi.c.o)
 .text.dldiGetMode
                0x020099c0        0xc /opt/blocksds/core/libs/libnds/lib/libnds9.a(dldi.c.o)
                0x020099c0                dldiGetMode
 .text.dldiGetInternal
                0x020099cc       0xac /opt/blocksds/core/libs/libnds/lib/libnds9.a(dldi.c.o)
                0x020099cc                dldiGetInternal
 .text.dldiGetStubDataEnd
                0x02009a78       0x1c /opt/blocksds/core/libs/libnds/lib/libnds9.a(dldi.c.o)
                0x02009a78                dldiGetStubDataEnd
 .text.dldiGetStubEnd
                0x02009a94        0x8 /opt/blocksds/core/libs/libnds/lib/libnds9.a(dldi.c.o)
                0x02009a94                dldiGetStubEnd
 .text.cardReadArm7
                0x02009a9c       0x74 /opt/blocksds/core/libs/libnds/lib/libnds9.a(card.c.o)
                0x02009a9c                cardReadArm7
 .text.newRow   0x02009b10       0x88 /opt/blocksds/core/libs/libnds/lib/libnds9.a(console.c.o)
 .text.consolePrintChar.part.0
                0x02009b98      0x100 /opt/blocksds/core/libs/libnds/lib/libnds9.a(console.c.o)
 .text.consolePrintChar
                0x02009c98       0x2c /opt/blocksds/core/libs/libnds/lib/libnds9.a(console.c.o)
                0x02009c98                consolePrintChar
 .text.con_write
                0x02009cc4      0x330 /opt/blocksds/core/libs/libnds/lib/libnds9.a(console.c.o)
 .text.consoleLoadFont
                0x02009ff4      0x24c /opt/blocksds/core/libs/libnds/lib/libnds9.a(console.c.o)
                0x02009ff4                consoleLoadFont
 .text.consoleInitEx
                0x0200a240      0x19c /opt/blocksds/core/libs/libnds/lib/libnds9.a(console.c.o)
                0x0200a240                consoleInitEx
 .text.consoleDemoInit
                0x0200a3dc       0x48 /opt/blocksds/core/libs/libnds/lib/libnds9.a(console.c.o)
                0x0200a3dc                consoleDemoInit
 .text.consoleSetCursor
                0x0200a424       0x24 /opt/blocksds/core/libs/libnds/lib/libnds9.a(console.c.o)
                0x0200a424                consoleSetCursor
 .text.consoleSetColor
                0x0200a448       0x18 /opt/blocksds/core/libs/libnds/lib/libnds9.a(console.c.o)
                0x0200a448                consoleSetColor
 .text.consoleArm7Flush
                0x0200a460       0x90 /opt/blocksds/core/libs/libnds/lib/libnds9.a(console.c.o)
                0x0200a460                consoleArm7Flush
 .text.__sassert
                0x0200a4f0       0x90 /opt/blocksds/core/libs/libnds/lib/libnds9.a(sassert.c.o)
                0x0200a4f0                __sassert
 .text.sbrk     0x0200a580       0x44 /opt/blocksds/core/libs/libnds/lib/libnds9.a(sbrk.c.o)
                0x0200a580                sbrk
 .text.systemErrorExit
                0x0200a5c4        0x4 /opt/blocksds/core/libs/libnds/lib/libnds9.a(exit.c.o)
                0x0200a5c4                systemErrorExit
 .text.__libnds_exit
                0x0200a5c8        0x8 /opt/blocksds/core/libs/libnds/lib/libnds9.a(exit.c.o)
                0x0200a5c8                __libnds_exit
 .text._exit    0x0200a5d0       0x88 /opt/blocksds/core/libs/libnds/lib/libnds9.a(exit.c.o)
                0x0200a5d0                _exit
 .text.reduceHeapSize
                0x0200a658       0x2c /opt/blocksds/core/libs/libnds/lib/libnds9.a(heapfuncs.c.o)
                0x0200a658                reduceHeapSize
 .text.fifo_buffer_wait_block
                0x0200a684       0x74 /opt/blocksds/core/libs/libnds/lib/libnds9.a(fifosystem.c.o)
 .text.fifoFillTxFifoFromBuffer
                0x0200a6f8       0xa0 /opt/blocksds/core/libs/libnds/lib/libnds9.a(fifosystem.c.o)
 .text.fifoInternalSendInterrupt
                0x0200a798        0x8 /opt/blocksds/core/libs/libnds/lib/libnds9.a(fifosystem.c.o)
 .text.fifoInternalSend
                0x0200a7a0       0xd8 /opt/blocksds/core/libs/libnds/lib/libnds9.a(fifosystem.c.o)
 .text.fifoSendValue32
                0x0200a878       0x3c /opt/blocksds/core/libs/libnds/lib/libnds9.a(fifosystem.c.o)
                0x0200a878                fifoSendValue32
 .text.fifoSendDatamsg
                0x0200a8b4       0x84 /opt/blocksds/core/libs/libnds/lib/libnds9.a(fifosystem.c.o)
                0x0200a8b4                fifoSendDatamsg
 .text.fifoGetDatamsg
                0x0200a938       0xe0 /opt/blocksds/core/libs/libnds/lib/libnds9.a(fifosystem.c.o)
                0x0200a938                fifoGetDatamsg
 .text.fifoReadRxFifoAndProcessBuffer
                0x0200aa18      0x344 /opt/blocksds/core/libs/libnds/lib/libnds9.a(fifosystem.c.o)
 .text.fifoGetValue32
                0x0200ad5c       0x7c /opt/blocksds/core/libs/libnds/lib/libnds9.a(fifosystem.c.o)
                0x0200ad5c                fifoGetValue32
 .text.fifoInternalRecvInterrupt
                0x0200add8        0x8 /opt/blocksds/core/libs/libnds/lib/libnds9.a(fifosystem.c.o)
 .text.fifoSetValue32Handler
                0x0200ade0       0x80 /opt/blocksds/core/libs/libnds/lib/libnds9.a(fifosystem.c.o)
                0x0200ade0                fifoSetValue32Handler
 .text.fifoSetDatamsgHandler
                0x0200ae60       0xa8 /opt/blocksds/core/libs/libnds/lib/libnds9.a(fifosystem.c.o)
                0x0200ae60                fifoSetDatamsgHandler
 .text.fifoCheckValue32
                0x0200af08       0x34 /opt/blocksds/core/libs/libnds/lib/libnds9.a(fifosystem.c.o)
                0x0200af08                fifoCheckValue32
 .text.fifoInit
                0x0200af3c      0x138 /opt/blocksds/core/libs/libnds/lib/libnds9.a(fifosystem.c.o)
                0x0200af3c                fifoInit
 .text.fifoMutexAcquire
                0x0200b074       0x34 /opt/blocksds/core/libs/libnds/lib/libnds9.a(fifosystem.c.o)
                0x0200b074                fifoMutexAcquire
 .text.fifoMutexRelease
                0x0200b0a8       0x20 /opt/blocksds/core/libs/libnds/lib/libnds9.a(fifosystem.c.o)
                0x0200b0a8                fifoMutexRelease
 .text.irqSet   0x0200b0c8       0x90 /opt/blocksds/core/libs/libnds/lib/libnds9.a(interrupts.c.o)
                0x0200b0c8                irqSet
 .text.irqInit  0x0200b158       0x44 /opt/blocksds/core/libs/libnds/lib/libnds9.a(interrupts.c.o)
                0x0200b158                irqInit
 .text.irqEnable
                0x0200b19c       0x64 /opt/blocksds/core/libs/libnds/lib/libnds9.a(interrupts.c.o)
                0x0200b19c                irqEnable
 .text.cothread_delete_internal
                0x0200b200       0xa0 /opt/blocksds/core/libs/libnds/lib/libnds9.a(threads.c.o)
 .text.cothread_main
                0x0200b2a0       0x18 /opt/blocksds/core/libs/libnds/lib/libnds9.a(threads.c.o)
                0x0200b2a0                cothread_main
 .text.cothread_yield
                0x0200b2b8       0x20 /opt/blocksds/core/libs/libnds/lib/libnds9.a(threads.c.o)
                0x0200b2b8                cothread_yield
 .text.cothread_yield_irq
                0x0200b2d8       0xa8 /opt/blocksds/core/libs/libnds/lib/libnds9.a(threads.c.o)
                0x0200b2d8                cothread_yield_irq
 .text.cothread_start
                0x0200b380      0x114 /opt/blocksds/core/libs/libnds/lib/libnds9.a(threads.c.o)
                0x0200b380                cothread_start
 .text.cardPolledTransfer
                0x0200b494       0x5c /opt/blocksds/core/libs/libnds/lib/libnds9.a(card.c.o)
                0x0200b494                cardPolledTransfer
 .text.cardRead
                0x0200b4f0      0x190 /opt/blocksds/core/libs/libnds/lib/libnds9.a(card.c.o)
                0x0200b4f0                cardRead
 .text.setExceptionHandler
                0x0200b680       0x18 /opt/blocksds/core/libs/libnds/lib/libnds9.a(exceptions.c.o)
                0x0200b680                setExceptionHandler
 .text.libndsCrash
                0x0200b698        0xc /opt/blocksds/core/libs/libnds/lib/libnds9.a(exceptions.c.o)
                0x0200b698                libndsCrash
 .text.tchar2uni
                0x0200b6a4       0xb4 /opt/blocksds/core/libs/libnds/lib/libnds9.a(ff.c.o)
 .text.get_ldnumber
                0x0200b758       0xdc /opt/blocksds/core/libs/libnds/lib/libnds9.a(ff.c.o)
 .text.put_utf  0x0200b834       0xfc /opt/blocksds/core/libs/libnds/lib/libnds9.a(ff.c.o)
 .text.get_fileinfo
                0x0200b930      0x190 /opt/blocksds/core/libs/libnds/lib/libnds9.a(ff.c.o)
 .text.dir_clear
                0x0200bac0      0x10c /opt/blocksds/core/libs/libnds/lib/libnds9.a(ff.c.o)
 .text.unlock_volume.part.0.isra.0
                0x0200bbcc        0x8 /opt/blocksds/core/libs/libnds/lib/libnds9.a(ff.c.o)
 .text.sync_fs  0x0200bbd4       0xb8 /opt/blocksds/core/libs/libnds/lib/libnds9.a(ff.c.o)
 .text.move_window
                0x0200bc8c       0x78 /opt/blocksds/core/libs/libnds/lib/libnds9.a(ff.c.o)
 .text.put_fat.part.0
                0x0200bd04      0x10c /opt/blocksds/core/libs/libnds/lib/libnds9.a(ff.c.o)
 .text.get_fat.isra.0
                0x0200be10       0xb8 /opt/blocksds/core/libs/libnds/lib/libnds9.a(ff.c.o)
 .text.remove_chain
                0x0200bec8       0x84 /opt/blocksds/core/libs/libnds/lib/libnds9.a(ff.c.o)
 .text.create_chain
                0x0200bf4c      0x124 /opt/blocksds/core/libs/libnds/lib/libnds9.a(ff.c.o)
 .text.dir_next
                0x0200c070       0xd4 /opt/blocksds/core/libs/libnds/lib/libnds9.a(ff.c.o)
 .text.dir_sdi  0x0200c144       0x9c /opt/blocksds/core/libs/libnds/lib/libnds9.a(ff.c.o)
 .text.dir_alloc
                0x0200c1e0       0x4c /opt/blocksds/core/libs/libnds/lib/libnds9.a(ff.c.o)
 .text.dir_find
                0x0200c22c      0x1d0 /opt/blocksds/core/libs/libnds/lib/libnds9.a(ff.c.o)
 .text.follow_path
                0x0200c3fc      0x41c /opt/blocksds/core/libs/libnds/lib/libnds9.a(ff.c.o)
 .text.dir_register
                0x0200c818      0x304 /opt/blocksds/core/libs/libnds/lib/libnds9.a(ff.c.o)
 .text.validate
                0x0200cb1c       0x58 /opt/blocksds/core/libs/libnds/lib/libnds9.a(ff.c.o)
 .text.check_fs
                0x0200cb74      0x150 /opt/blocksds/core/libs/libnds/lib/libnds9.a(ff.c.o)
 .text.mount_volume
                0x0200ccc4      0x348 /opt/blocksds/core/libs/libnds/lib/libnds9.a(ff.c.o)
 .text.f_mount  0x0200d00c       0x94 /opt/blocksds/core/libs/libnds/lib/libnds9.a(ff.c.o)
                0x0200d00c                libnds_f_mount
 .text.f_open   0x0200d0a0      0x2c0 /opt/blocksds/core/libs/libnds/lib/libnds9.a(ff.c.o)
                0x0200d0a0                libnds_f_open
 .text.f_read   0x0200d360      0x298 /opt/blocksds/core/libs/libnds/lib/libnds9.a(ff.c.o)
                0x0200d360                libnds_f_read
 .text.f_write  0x0200d5f8      0x2ec /opt/blocksds/core/libs/libnds/lib/libnds9.a(ff.c.o)
                0x0200d5f8                libnds_f_write
 .text.f_sync   0x0200d8e4       0xd8 /opt/blocksds/core/libs/libnds/lib/libnds9.a(ff.c.o)
                0x0200d8e4                libnds_f_sync
 .text.f_close  0x0200d9bc       0x30 /opt/blocksds/core/libs/libnds/lib/libnds9.a(ff.c.o)
                0x0200d9bc                libnds_f_close
 .text.f_chdrive
                0x0200d9ec       0x24 /opt/blocksds/core/libs/libnds/lib/libnds9.a(ff.c.o)
                0x0200d9ec                libnds_f_chdrive
 .text.f_chdir  0x0200da10       0xb0 /opt/blocksds/core/libs/libnds/lib/libnds9.a(ff.c.o)
                0x0200da10                libnds_f_chdir
 .text.f_lseek  0x0200dac0      0x310 /opt/blocksds/core/libs/libnds/lib/libnds9.a(ff.c.o)
                0x0200dac0                libnds_f_lseek
 .text.f_stat   0x0200ddd0       0xd8 /opt/blocksds/core/libs/libnds/lib/libnds9.a(ff.c.o)
                0x0200ddd0                libnds_f_stat
 .text.ff_uni2oem
                0x0200dea8       0x44 /opt/blocksds/core/libs/libnds/lib/libnds9.a(ffunicode.c.o)
                0x0200dea8                libnds_ff_uni2oem
 .text.ff_oem2uni
                0x0200deec       0x28 /opt/blocksds/core/libs/libnds/lib/libnds9.a(ffunicode.c.o)
                0x0200deec                libnds_ff_oem2uni
 .text.ff_wtoupper
                0x0200df14       0xcc /opt/blocksds/core/libs/libnds/lib/libnds9.a(ffunicode.c.o)
                0x0200df14                libnds_ff_wtoupper
 .text.__ndsabi_coro_resume
                0x0200dfe0       0x18 /opt/blocksds/core/libs/libnds/lib/libnds9.a(coroutine.s.o)
                0x0200dfe0                __ndsabi_coro_resume
 .text.__ndsabi_coro_yield
                0x0200dff8       0x1c /opt/blocksds/core/libs/libnds/lib/libnds9.a(coroutine.s.o)
                0x0200dff8                __ndsabi_coro_yield
 .text.__ndsabi_coro_pop_noctx
                0x0200e014       0x34 /opt/blocksds/core/libs/libnds/lib/libnds9.a(coroutine.s.o)
                0x0200e014                __ndsabi_coro_pop_noctx
 .text.__aeabi_read_tp
                0x0200e048        0xc /opt/blocksds/core/libs/libnds/lib/libnds9.a(aeabi_read_tp.s.o)
                0x0200e048                __aeabi_read_tp
 .text.getCPSR  0x0200e054        0x8 /opt/blocksds/core/libs/libnds/lib/libnds9.a(cpu.s.o)
                0x0200e054                getCPSR
 .text.enterException
                0x0200e05c       0xd4 /opt/blocksds/core/libs/libnds/lib/libnds9.a(exceptionHandler.s.o)
                0x0200e05c                enterException
                0x0200e0d0                exceptionC
                0x0200e0d4                exceptionStack
                0x0200e0d8                exceptionRegisters
 .text.putc_buffered
                0x0200e130       0x94 /opt/blocksds/core/libs/libnds/lib/libnds9.a(iob.c.o)
 .text.stderr_putc_buffered
                0x0200e1c4       0x20 /opt/blocksds/core/libs/libnds/lib/libnds9.a(iob.c.o)
 .text.stdin_getc_keyboard
                0x0200e1e4       0xf0 /opt/blocksds/core/libs/libnds/lib/libnds9.a(iob.c.o)
 .text.stdout_putc_buffered
                0x0200e2d4       0x40 /opt/blocksds/core/libs/libnds/lib/libnds9.a(iob.c.o)
 .text.ff_mutex_create
                0x0200e314       0x10 /opt/blocksds/core/libs/libnds/lib/libnds9.a(ffsystem.c.o)
                0x0200e314                libnds_ff_mutex_create
 .text.ff_mutex_delete
                0x0200e324        0x4 /opt/blocksds/core/libs/libnds/lib/libnds9.a(ffsystem.c.o)
                0x0200e324                libnds_ff_mutex_delete
 .text.ff_mutex_take
                0x0200e328       0x18 /opt/blocksds/core/libs/libnds/lib/libnds9.a(ffsystem.c.o)
                0x0200e328                libnds_ff_mutex_take
 .text.ff_mutex_give
                0x0200e340       0x1c /opt/blocksds/core/libs/libnds/lib/libnds9.a(ffsystem.c.o)
                0x0200e340                libnds_ff_mutex_give
 .text.disk_status
                0x0200e35c       0x6c /opt/blocksds/core/libs/libnds/lib/libnds9.a(diskio.c.o)
                0x0200e35c                libnds_disk_status
 .text.disk_initialize
                0x0200e3c8       0x74 /opt/blocksds/core/libs/libnds/lib/libnds9.a(diskio.c.o)
                0x0200e3c8                libnds_disk_initialize
 .text.disk_read
                0x0200e43c      0x104 /opt/blocksds/core/libs/libnds/lib/libnds9.a(diskio.c.o)
                0x0200e43c                libnds_disk_read
 .text.disk_write
                0x0200e540       0xbc /opt/blocksds/core/libs/libnds/lib/libnds9.a(diskio.c.o)
                0x0200e540                libnds_disk_write
 .text.disk_ioctl
                0x0200e5fc       0x48 /opt/blocksds/core/libs/libnds/lib/libnds9.a(diskio.c.o)
                0x0200e5fc                libnds_disk_ioctl
 .text.get_fattime
                0x0200e644       0x1c /opt/blocksds/core/libs/libnds/lib/libnds9.a(diskio.c.o)
                0x0200e644                libnds_ff_get_fattime
 .text.sinLutLookup
                0x0200e660       0x4c /opt/blocksds/core/libs/libnds/lib/libnds9.a(trig.c.o)
                0x0200e660                sinLutLookup
 .text.sinLerp  0x0200e6ac       0x38 /opt/blocksds/core/libs/libnds/lib/libnds9.a(trig.c.o)
                0x0200e6ac                sinLerp
 .text.cosLerp  0x0200e6e4       0x44 /opt/blocksds/core/libs/libnds/lib/libnds9.a(trig.c.o)
                0x0200e6e4                cosLerp
 .text.oamAllocReset
                0x0200e728       0x1c /opt/blocksds/core/libs/libnds/lib/libnds9.a(sprite_alloc.c.o)
                0x0200e728                oamAllocReset
 .text.checkIfText
                0x0200e744       0x6c /opt/blocksds/core/libs/libnds/lib/libnds9.a(background.c.o)
                0x0200e744                checkIfText
 .text.bgUpdate
                0x0200e7b0       0xe8 /opt/blocksds/core/libs/libnds/lib/libnds9.a(background.c.o)
                0x0200e7b0                bgUpdate
 .text.bgInit_call
                0x0200e898       0xa8 /opt/blocksds/core/libs/libnds/lib/libnds9.a(background.c.o)
                0x0200e898                bgInit_call
 .text.bgInitSub_call
                0x0200e940       0xb0 /opt/blocksds/core/libs/libnds/lib/libnds9.a(background.c.o)
                0x0200e940                bgInitSub_call
 .text.keyboardShiftState.part.0
                0x0200e9f0       0x78 /opt/blocksds/core/libs/libnds/lib/libnds9.a(keyboard.c.o)
 .text.swapKeyGfx.part.0
                0x0200ea68      0x134 /opt/blocksds/core/libs/libnds/lib/libnds9.a(keyboard.c.o)
 .text.keyboardGetKey
                0x0200eb9c       0x64 /opt/blocksds/core/libs/libnds/lib/libnds9.a(keyboard.c.o)
                0x0200eb9c                keyboardGetKey
 .text.keyboardUpdate
                0x0200ec00      0x11c /opt/blocksds/core/libs/libnds/lib/libnds9.a(keyboard.c.o)
                0x0200ec00                keyboardUpdate
 .text.keyboardShow
                0x0200ed1c      0x140 /opt/blocksds/core/libs/libnds/lib/libnds9.a(keyboard.c.o)
                0x0200ed1c                keyboardShow
 .text.keyboardHide
                0x0200ee5c       0x90 /opt/blocksds/core/libs/libnds/lib/libnds9.a(keyboard.c.o)
                0x0200ee5c                keyboardHide
 .text.__retarget_lock_init_recursive
                0x0200eeec       0x44 /opt/blocksds/core/libs/libnds/lib/libnds9.a(locks.c.o)
                0x0200eeec                __retarget_lock_init_recursive
 .text.__retarget_lock_acquire_recursive
                0x0200ef30       0x70 /opt/blocksds/core/libs/libnds/lib/libnds9.a(locks.c.o)
                0x0200ef30                __retarget_lock_acquire_recursive
 .text.__retarget_lock_release_recursive
                0x0200efa0       0x58 /opt/blocksds/core/libs/libnds/lib/libnds9.a(locks.c.o)
                0x0200efa0                __retarget_lock_release_recursive
 .text.__retarget_lock_init
                0x0200eff8        0x8 /opt/blocksds/core/libs/libnds/lib/libnds9.a(locks.c.o)
                0x0200eff8                __retarget_lock_init
 .text.__retarget_lock_close
                0x0200f000       0x30 /opt/blocksds/core/libs/libnds/lib/libnds9.a(locks.c.o)
                0x0200f000                __retarget_lock_close
 .text.__retarget_lock_acquire
                0x0200f030        0x8 /opt/blocksds/core/libs/libnds/lib/libnds9.a(locks.c.o)
                0x0200f030                __retarget_lock_acquire
 .text.__retarget_lock_release
                0x0200f038        0x8 /opt/blocksds/core/libs/libnds/lib/libnds9.a(locks.c.o)
                0x0200f038                __retarget_lock_release
 .text.__ndsabi_coro_make_noctx
                0x0200f040       0x28 /opt/blocksds/core/libs/libnds/lib/libnds9.a(coroutine.c.o)
                0x0200f040                __ndsabi_coro_make_noctx
 .text.calloc   0x0200f068       0xb4 /opt/wonderful/toolchain/gcc-arm-none-eabi/lib/gcc/arm-none-eabi/15.2.1/../../../../arm-none-eabi/lib/thumb/arm946e-s/libc.a(malloc-calloc.c.o)
                0x0200f068                calloc
 .text.malloc_trim
                0x0200f11c       0x9c /opt/wonderful/toolchain/gcc-arm-none-eabi/lib/gcc/arm-none-eabi/15.2.1/../../../../arm-none-eabi/lib/thumb/arm946e-s/libc.a(malloc-free.c.o)
                0x0200f11c                malloc_trim
 .text.free     0x0200f1b8      0x164 /opt/wonderful/toolchain/gcc-arm-none-eabi/lib/gcc/arm-none-eabi/15.2.1/../../../../arm-none-eabi/lib/thumb/arm946e-s/libc.a(malloc-free.c.o)
                0x0200f1b8                __malloc_free
                0x0200f1b8                free
 .text.malloc   0x0200f31c      0x434 /opt/wonderful/toolchain/gcc-arm-none-eabi/lib/gcc/arm-none-eabi/15.2.1/../../../../arm-none-eabi/lib/thumb/arm946e-s/libc.a(malloc-malloc.c.o)
                0x0200f31c                malloc
 .text.realloc  0x0200f750      0x32c /opt/wonderful/toolchain/gcc-arm-none-eabi/lib/gcc/arm-none-eabi/15.2.1/../../../../arm-none-eabi/lib/thumb/arm946e-s/libc.a(malloc-realloc.c.o)
                0x0200f750                realloc
 .text.__libc_init_array
                0x0200fa7c       0x1c /opt/wonderful/toolchain/gcc-arm-none-eabi/lib/gcc/arm-none-eabi/15.2.1/../../../../arm-none-eabi/lib/thumb/arm946e-s/libc.a(libc_misc_init.c.o)
                0x0200fa7c                __libc_init_array
 .text.exit     0x0200fa98        0xe /opt/wonderful/toolchain/gcc-arm-none-eabi/lib/gcc/arm-none-eabi/15.2.1/../../../../arm-none-eabi/lib/thumb/arm946e-s/libc.a(libc_stdlib_pico-exit.c.o)
                0x0200fa98                exit
 .text.memcmp   0x0200faa6       0x1c /opt/wonderful/toolchain/gcc-arm-none-eabi/lib/gcc/arm-none-eabi/15.2.1/../../../../arm-none-eabi/lib/thumb/arm946e-s/libc.a(libc_string_memcmp.c.o)
                0x0200faa6                memcmp
 .text.strchr   0x0200fac2       0x1e /opt/wonderful/toolchain/gcc-arm-none-eabi/lib/gcc/arm-none-eabi/15.2.1/../../../../arm-none-eabi/lib/thumb/arm946e-s/libc.a(libc_string_strchr.c.o)
                0x0200fac2                strchr
 .text.strdup   0x0200fae0       0x20 /opt/wonderful/toolchain/gcc-arm-none-eabi/lib/gcc/arm-none-eabi/15.2.1/../../../../arm-none-eabi/lib/thumb/arm946e-s/libc.a(libc_string_strdup.c.o)
                0x0200fae0                strdup
 .text.strncmp  0x0200fb00       0x24 /opt/wonderful/toolchain/gcc-arm-none-eabi/lib/gcc/arm-none-eabi/15.2.1/../../../../arm-none-eabi/lib/thumb/arm946e-s/libc.a(libc_string_strncmp.c.o)
                0x0200fb00                strncmp
 .text.strstr   0x0200fb24       0x2c /opt/wonderful/toolchain/gcc-arm-none-eabi/lib/gcc/arm-none-eabi/15.2.1/../../../../arm-none-eabi/lib/thumb/arm946e-s/libc.a(libc_string_strstr.c.o)
                0x0200fb24                strstr
 .text.localtime
                0x0200fb50       0x18 /opt/wonderful/toolchain/gcc-arm-none-eabi/lib/gcc/arm-none-eabi/15.2.1/../../../../arm-none-eabi/lib/thumb/arm946e-s/libc.a(libc_time_lcltime.c.o)
                0x0200fb50                localtime
 .text.localtime_r
                0x0200fb68      0x1f8 /opt/wonderful/toolchain/gcc-arm-none-eabi/lib/gcc/arm-none-eabi/15.2.1/../../../../arm-none-eabi/lib/thumb/arm946e-s/libc.a(libc_time_lcltime_r.c.o)
                0x0200fb68                localtime_r
 .text.time     0x0200fd60       0x28 /opt/wonderful/toolchain/gcc-arm-none-eabi/lib/gcc/arm-none-eabi/15.2.1/../../../../arm-none-eabi/lib/thumb/arm946e-s/libc.a(libc_time_time.c.o)
                0x0200fd60                time
 .text.__tzcalc_limits
                0x0200fd88      0x178 /opt/wonderful/toolchain/gcc-arm-none-eabi/lib/gcc/arm-none-eabi/15.2.1/../../../../arm-none-eabi/lib/thumb/arm946e-s/libc.a(libc_time_tzcalc_limits.c.o)
                0x0200fd88                __tzcalc_limits
 .text._tzset_unlocked
                0x0200ff00      0x3e0 /opt/wonderful/toolchain/gcc-arm-none-eabi/lib/gcc/arm-none-eabi/15.2.1/../../../../arm-none-eabi/lib/thumb/arm946e-s/libc.a(libc_time_tzset.c.o)
                0x0200ff00                _tzset_unlocked
 .text.fclose   0x020102e0       0x18 /opt/wonderful/toolchain/gcc-arm-none-eabi/lib/gcc/arm-none-eabi/15.2.1/../../../../arm-none-eabi/lib/thumb/arm946e-s/libc.a(libc_tinystdio_fclose.c.o)
                0x020102e0                fclose
 .text.fdopen   0x020102f8       0xa4 /opt/wonderful/toolchain/gcc-arm-none-eabi/lib/gcc/arm-none-eabi/15.2.1/../../../../arm-none-eabi/lib/thumb/arm946e-s/libc.a(libc_tinystdio_fdopen.c.o)
                0x020102f8                fdopen
 .text.fflush   0x0201039c       0x10 /opt/wonderful/toolchain/gcc-arm-none-eabi/lib/gcc/arm-none-eabi/15.2.1/../../../../arm-none-eabi/lib/thumb/arm946e-s/libc.a(libc_tinystdio_fflush.c.o)
                0x0201039c                fflush
 .text.fileno   0x020103ac       0x10 /opt/wonderful/toolchain/gcc-arm-none-eabi/lib/gcc/arm-none-eabi/15.2.1/../../../../arm-none-eabi/lib/thumb/arm946e-s/libc.a(libc_tinystdio_fileno.c.o)
                0x020103ac                fileno
 .text.fopen    0x020103bc       0x2e /opt/wonderful/toolchain/gcc-arm-none-eabi/lib/gcc/arm-none-eabi/15.2.1/../../../../arm-none-eabi/lib/thumb/arm946e-s/libc.a(libc_tinystdio_fopen.c.o)
                0x020103bc                fopen
 *fill*         0x020103ea        0x2 ff
 .text.fread    0x020103ec      0x1b8 /opt/wonderful/toolchain/gcc-arm-none-eabi/lib/gcc/arm-none-eabi/15.2.1/../../../../arm-none-eabi/lib/thumb/arm946e-s/libc.a(libc_tinystdio_fread.c.o)
                0x020103ec                fread
 .text.fseek    0x020105a4       0x40 /opt/wonderful/toolchain/gcc-arm-none-eabi/lib/gcc/arm-none-eabi/15.2.1/../../../../arm-none-eabi/lib/thumb/arm946e-s/libc.a(libc_tinystdio_fseek.c.o)
                0x020105a4                fseek
 .text.fseeko   0x020105e4       0x40 /opt/wonderful/toolchain/gcc-arm-none-eabi/lib/gcc/arm-none-eabi/15.2.1/../../../../arm-none-eabi/lib/thumb/arm946e-s/libc.a(libc_tinystdio_fseeko.c.o)
                0x020105e4                fseeko
 .text.ftell    0x02010624       0x3c /opt/wonderful/toolchain/gcc-arm-none-eabi/lib/gcc/arm-none-eabi/15.2.1/../../../../arm-none-eabi/lib/thumb/arm946e-s/libc.a(libc_tinystdio_ftell.c.o)
                0x02010624                ftell
 .text.printf   0x02010660       0x20 /opt/wonderful/toolchain/gcc-arm-none-eabi/lib/gcc/arm-none-eabi/15.2.1/../../../../arm-none-eabi/lib/thumb/arm946e-s/libc.a(libc_tinystdio_printf.c.o)
                0x02010660                printf
 .text.putchar  0x02010680       0x10 /opt/wonderful/toolchain/gcc-arm-none-eabi/lib/gcc/arm-none-eabi/15.2.1/../../../../arm-none-eabi/lib/thumb/arm946e-s/libc.a(libc_tinystdio_putchar.c.o)
                0x02010680                putchar
                0x02010680                putchar_unlocked
 .text.puts     0x02010690       0x44 /opt/wonderful/toolchain/gcc-arm-none-eabi/lib/gcc/arm-none-eabi/15.2.1/../../../../arm-none-eabi/lib/thumb/arm946e-s/libc.a(libc_tinystdio_puts.c.o)
                0x02010690                puts
 .text.rewind   0x020106d4       0x16 /opt/wonderful/toolchain/gcc-arm-none-eabi/lib/gcc/arm-none-eabi/15.2.1/../../../../arm-none-eabi/lib/thumb/arm946e-s/libc.a(libc_tinystdio_rewind.c.o)
                0x020106d4                rewind
 .text.setvbuf  0x020106ea       0x18 /opt/wonderful/toolchain/gcc-arm-none-eabi/lib/gcc/arm-none-eabi/15.2.1/../../../../arm-none-eabi/lib/thumb/arm946e-s/libc.a(libc_tinystdio_setvbuf.c.o)
                0x020106ea                setvbuf
 *fill*         0x02010702        0x2 ff
 .text.__stdio_flags
                0x02010704       0x58 /opt/wonderful/toolchain/gcc-arm-none-eabi/lib/gcc/arm-none-eabi/15.2.1/../../../../arm-none-eabi/lib/thumb/arm946e-s/libc.a(libc_tinystdio_sflags.c.o)
                0x02010704                __stdio_flags
 .text.snprintf
                0x0201075c       0x54 /opt/wonderful/toolchain/gcc-arm-none-eabi/lib/gcc/arm-none-eabi/15.2.1/../../../../arm-none-eabi/lib/thumb/arm946e-s/libc.a(libc_tinystdio_snprintf.c.o)
                0x0201075c                snprintf
 .text.sscanf   0x020107b0       0x3c /opt/wonderful/toolchain/gcc-arm-none-eabi/lib/gcc/arm-none-eabi/15.2.1/../../../../arm-none-eabi/lib/thumb/arm946e-s/libc.a(libc_tinystdio_sscanf.c.o)
                0x020107b0                sscanf
 .text.strtoul  0x020107ec      0x12c /opt/wonderful/toolchain/gcc-arm-none-eabi/lib/gcc/arm-none-eabi/15.2.1/../../../../arm-none-eabi/lib/thumb/arm946e-s/libc.a(libc_tinystdio_strtoul.c.o)
                0x020107ec                strtoul
 .text.__ultoa_invert
                0x02010918       0x52 /opt/wonderful/toolchain/gcc-arm-none-eabi/lib/gcc/arm-none-eabi/15.2.1/../../../../arm-none-eabi/lib/thumb/arm946e-s/libc.a(libc_tinystdio_vfprintf.c.o)
 *fill*         0x0201096a        0x2 ff
 .text.skip_to_arg
                0x0201096c      0x13c /opt/wonderful/toolchain/gcc-arm-none-eabi/lib/gcc/arm-none-eabi/15.2.1/../../../../arm-none-eabi/lib/thumb/arm946e-s/libc.a(libc_tinystdio_vfprintf.c.o)
 .text.vfprintf
                0x02010aa8      0x9c4 /opt/wonderful/toolchain/gcc-arm-none-eabi/lib/gcc/arm-none-eabi/15.2.1/../../../../arm-none-eabi/lib/thumb/arm946e-s/libc.a(libc_tinystdio_vfprintf.c.o)
                0x02010aa8                __d_vfprintf
                0x02010aa8                vfprintf
 .text.scanf_getc
                0x0201146c       0x14 /opt/wonderful/toolchain/gcc-arm-none-eabi/lib/gcc/arm-none-eabi/15.2.1/../../../../arm-none-eabi/lib/thumb/arm946e-s/libc.a(libc_tinystdio_vfscanf.c.o)
 .text.scanf_ungetc
                0x02011480       0x12 /opt/wonderful/toolchain/gcc-arm-none-eabi/lib/gcc/arm-none-eabi/15.2.1/../../../../arm-none-eabi/lib/thumb/arm946e-s/libc.a(libc_tinystdio_vfscanf.c.o)
 .text.skip_spaces
                0x02011492       0x2a /opt/wonderful/toolchain/gcc-arm-none-eabi/lib/gcc/arm-none-eabi/15.2.1/../../../../arm-none-eabi/lib/thumb/arm946e-s/libc.a(libc_tinystdio_vfscanf.c.o)
 .text.putval   0x020114bc       0x2a /opt/wonderful/toolchain/gcc-arm-none-eabi/lib/gcc/arm-none-eabi/15.2.1/../../../../arm-none-eabi/lib/thumb/arm946e-s/libc.a(libc_tinystdio_vfscanf.c.o)
 *fill*         0x020114e6        0x2 ff
 .text.vfscanf  0x020114e8      0x990 /opt/wonderful/toolchain/gcc-arm-none-eabi/lib/gcc/arm-none-eabi/15.2.1/../../../../arm-none-eabi/lib/thumb/arm946e-s/libc.a(libc_tinystdio_vfscanf.c.o)
                0x020114e8                __d_vfscanf
                0x020114e8                vfscanf
 .text.vprintf  0x02011e78       0x14 /opt/wonderful/toolchain/gcc-arm-none-eabi/lib/gcc/arm-none-eabi/15.2.1/../../../../arm-none-eabi/lib/thumb/arm946e-s/libc.a(libc_tinystdio_vprintf.c.o)
                0x02011e78                vprintf
 .text.mulShift64
                0x02011e8c       0x62 /opt/wonderful/toolchain/gcc-arm-none-eabi/lib/gcc/arm-none-eabi/15.2.1/../../../../arm-none-eabi/lib/thumb/arm946e-s/libc.a(libc_tinystdio_atod_ryu.c.o)
 *fill*         0x02011eee        0x2 ff
 .text.__atod_engine
                0x02011ef0      0x158 /opt/wonderful/toolchain/gcc-arm-none-eabi/lib/gcc/arm-none-eabi/15.2.1/../../../../arm-none-eabi/lib/thumb/arm946e-s/libc.a(libc_tinystdio_atod_ryu.c.o)
                0x02011ef0                __atod_engine
 .text.__atof_engine
                0x02012048      0x120 /opt/wonderful/toolchain/gcc-arm-none-eabi/lib/gcc/arm-none-eabi/15.2.1/../../../../arm-none-eabi/lib/thumb/arm946e-s/libc.a(libc_tinystdio_atof_ryu.c.o)
                0x02012048                __atof_engine
 .text.mulShiftAll64
                0x02012168      0x202 /opt/wonderful/toolchain/gcc-arm-none-eabi/lib/gcc/arm-none-eabi/15.2.1/../../../../arm-none-eabi/lib/thumb/arm946e-s/libc.a(libc_tinystdio_dtoa_ryu.c.o)
 *fill*         0x0201236a        0x2 ff
 .text.div10    0x0201236c       0x28 /opt/wonderful/toolchain/gcc-arm-none-eabi/lib/gcc/arm-none-eabi/15.2.1/../../../../arm-none-eabi/lib/thumb/arm946e-s/libc.a(libc_tinystdio_dtoa_ryu.c.o)
 .text.__dtoa_engine
                0x02012394      0x4b8 /opt/wonderful/toolchain/gcc-arm-none-eabi/lib/gcc/arm-none-eabi/15.2.1/../../../../arm-none-eabi/lib/thumb/arm946e-s/libc.a(libc_tinystdio_dtoa_ryu.c.o)
                0x02012394                __dtoa_engine
 .text.mulShift32
                0x0201284c       0x44 /opt/wonderful/toolchain/gcc-arm-none-eabi/lib/gcc/arm-none-eabi/15.2.1/../../../../arm-none-eabi/lib/thumb/arm946e-s/libc.a(libc_tinystdio_ryu_divpow2.c.o)
 .text.__mulPow5InvDivPow2
                0x02012890       0x28 /opt/wonderful/toolchain/gcc-arm-none-eabi/lib/gcc/arm-none-eabi/15.2.1/../../../../arm-none-eabi/lib/thumb/arm946e-s/libc.a(libc_tinystdio_ryu_divpow2.c.o)
                0x02012890                __mulPow5InvDivPow2
 .text.__mulPow5divPow2
                0x020128b8       0x20 /opt/wonderful/toolchain/gcc-arm-none-eabi/lib/gcc/arm-none-eabi/15.2.1/../../../../arm-none-eabi/lib/thumb/arm946e-s/libc.a(libc_tinystdio_ryu_divpow2.c.o)
                0x020128b8                __mulPow5divPow2
 .text.__log10Pow2
                0x020128d8        0xc /opt/wonderful/toolchain/gcc-arm-none-eabi/lib/gcc/arm-none-eabi/15.2.1/../../../../arm-none-eabi/lib/thumb/arm946e-s/libc.a(libc_tinystdio_ryu_log10.c.o)
                0x020128d8                __log10Pow2
 .text.__log10Pow5
                0x020128e4        0xc /opt/wonderful/toolchain/gcc-arm-none-eabi/lib/gcc/arm-none-eabi/15.2.1/../../../../arm-none-eabi/lib/thumb/arm946e-s/libc.a(libc_tinystdio_ryu_log10.c.o)
                0x020128e4                __log10Pow5
 .text.__log2pow5
                0x020128f0        0xc /opt/wonderful/toolchain/gcc-arm-none-eabi/lib/gcc/arm-none-eabi/15.2.1/../../../../arm-none-eabi/lib/thumb/arm946e-s/libc.a(libc_tinystdio_ryu_log2pow5.c.o)
                0x020128f0                __log2pow5
 .text.__ceil_log2pow5
                0x020128fc       0x10 /opt/wonderful/toolchain/gcc-arm-none-eabi/lib/gcc/arm-none-eabi/15.2.1/../../../../arm-none-eabi/lib/thumb/arm946e-s/libc.a(libc_tinystdio_ryu_log2pow5.c.o)
                0x020128fc                __ceil_log2pow5
 .text.__pow5bits
                0x0201290c       0x10 /opt/wonderful/toolchain/gcc-arm-none-eabi/lib/gcc/arm-none-eabi/15.2.1/../../../../arm-none-eabi/lib/thumb/arm946e-s/libc.a(libc_tinystdio_ryu_pow5bits.c.o)
                0x0201290c                __pow5bits
 .text.__pow5Factor
                0x0201291c       0x2c /opt/wonderful/toolchain/gcc-arm-none-eabi/lib/gcc/arm-none-eabi/15.2.1/../../../../arm-none-eabi/lib/thumb/arm946e-s/libc.a(libc_tinystdio_ryu_table.c.o)
                0x0201291c                __pow5Factor
 .text.__double_computePow5
                0x02012948      0x100 /opt/wonderful/toolchain/gcc-arm-none-eabi/lib/gcc/arm-none-eabi/15.2.1/../../../../arm-none-eabi/lib/thumb/arm946e-s/libc.a(libc_tinystdio_ryu_table.c.o)
                0x02012948                __double_computePow5
 .text.__double_computeInvPow5
                0x02012a48       0xfc /opt/wonderful/toolchain/gcc-arm-none-eabi/lib/gcc/arm-none-eabi/15.2.1/../../../../arm-none-eabi/lib/thumb/arm946e-s/libc.a(libc_tinystdio_ryu_table.c.o)
                0x02012a48                __double_computeInvPow5
 .text.__umul128
                0x02012b44       0x6c /opt/wonderful/toolchain/gcc-arm-none-eabi/lib/gcc/arm-none-eabi/15.2.1/../../../../arm-none-eabi/lib/thumb/arm946e-s/libc.a(libc_tinystdio_ryu_umul128.c.o)
                0x02012b44                __umul128
 .text.__shiftright128
                0x02012bb0       0x28 /opt/wonderful/toolchain/gcc-arm-none-eabi/lib/gcc/arm-none-eabi/15.2.1/../../../../arm-none-eabi/lib/thumb/arm946e-s/libc.a(libc_tinystdio_ryu_umul128.c.o)
                0x02012bb0                __shiftright128
 .text.isnan    0x02012bd8       0x18 /opt/wonderful/toolchain/gcc-arm-none-eabi/lib/gcc/arm-none-eabi/15.2.1/../../../../arm-none-eabi/lib/thumb/arm946e-s/libc.a(libm_common_s_isnan.c.o)
                0x02012bd8                __isnanl
                0x02012bd8                isnan
                0x02012bd8                isnanl
                0x02012bd8                __isnand
 .text.memmove  0x02012bf0       0x26 /opt/wonderful/toolchain/gcc-arm-none-eabi/lib/gcc/arm-none-eabi/15.2.1/../../../../arm-none-eabi/lib/thumb/arm946e-s/libc.a(memmove.c.o)
                0x02012bf0                memmove
                0x02012bf0                __aeabi_memmove8
                0x02012bf0                __aeabi_memmove
                0x02012bf0                __aeabi_memmove4
 *fill*         0x02012c16        0x2 ff
 .text.__libc_fini_array
                0x02012c18       0x1c /opt/wonderful/toolchain/gcc-arm-none-eabi/lib/gcc/arm-none-eabi/15.2.1/../../../../arm-none-eabi/lib/thumb/arm946e-s/libc.a(libc_misc_fini.c.o)
                0x02012c18                __libc_fini_array
 .text.getenv   0x02012c34        0xa /opt/wonderful/toolchain/gcc-arm-none-eabi/lib/gcc/arm-none-eabi/15.2.1/../../../../arm-none-eabi/lib/thumb/arm946e-s/libc.a(libc_stdlib_getenv.c.o)
                0x02012c34                getenv
 *fill*         0x02012c3e        0x2 ff
 .text._findenv
                0x02012c40       0x7c /opt/wonderful/toolchain/gcc-arm-none-eabi/lib/gcc/arm-none-eabi/15.2.1/../../../../arm-none-eabi/lib/thumb/arm946e-s/libc.a(libc_stdlib_getenv_r.c.o)
                0x02012c40                _findenv
 .text.strnlen  0x02012cbc       0x16 /opt/wonderful/toolchain/gcc-arm-none-eabi/lib/gcc/arm-none-eabi/15.2.1/../../../../arm-none-eabi/lib/thumb/arm946e-s/libc.a(libc_string_strnlen.c.o)
                0x02012cbc                strnlen
 *fill*         0x02012cd2        0x2 ff
 .text.__gettzinfo
                0x02012cd4        0x8 /opt/wonderful/toolchain/gcc-arm-none-eabi/lib/gcc/arm-none-eabi/15.2.1/../../../../arm-none-eabi/lib/thumb/arm946e-s/libc.a(libc_time_gettzinfo.c.o)
                0x02012cd4                __gettzinfo
 .text.gmtime_r
                0x02012cdc      0x1bc /opt/wonderful/toolchain/gcc-arm-none-eabi/lib/gcc/arm-none-eabi/15.2.1/../../../../arm-none-eabi/lib/thumb/arm946e-s/libc.a(libc_time_gmtime_r.c.o)
                0x02012cdc                gmtime_r
 .text.__picolibc_non_atomic_load_ungetc
                0x02012e98        0x4 /opt/wonderful/toolchain/gcc-arm-none-eabi/lib/gcc/arm-none-eabi/15.2.1/../../../../arm-none-eabi/lib/thumb/arm946e-s/libc.a(libc_tinystdio_atomic_load.c.o)
                0x02012e98                __atomic_load_ungetc
                0x02012e98                __picolibc_non_atomic_load_ungetc
 .text.__bufio_lock
                0x02012e9c       0x18 /opt/wonderful/toolchain/gcc-arm-none-eabi/lib/gcc/arm-none-eabi/15.2.1/../../../../arm-none-eabi/lib/thumb/arm946e-s/libc.a(libc_tinystdio_bufio.c.o)
 .text.__bufio_flush_locked
                0x02012eb4       0x66 /opt/wonderful/toolchain/gcc-arm-none-eabi/lib/gcc/arm-none-eabi/15.2.1/../../../../arm-none-eabi/lib/thumb/arm946e-s/libc.a(libc_tinystdio_bufio.c.o)
                0x02012eb4                __bufio_flush_locked
 .text.__bufio_fill_locked
                0x02012f1a       0x2c /opt/wonderful/toolchain/gcc-arm-none-eabi/lib/gcc/arm-none-eabi/15.2.1/../../../../arm-none-eabi/lib/thumb/arm946e-s/libc.a(libc_tinystdio_bufio.c.o)
                0x02012f1a                __bufio_fill_locked
 .text.__bufio_flush
                0x02012f46       0x1a /opt/wonderful/toolchain/gcc-arm-none-eabi/lib/gcc/arm-none-eabi/15.2.1/../../../../arm-none-eabi/lib/thumb/arm946e-s/libc.a(libc_tinystdio_bufio.c.o)
                0x02012f46                __bufio_flush
 .text.__bufio_setdir_locked
                0x02012f60       0x1a /opt/wonderful/toolchain/gcc-arm-none-eabi/lib/gcc/arm-none-eabi/15.2.1/../../../../arm-none-eabi/lib/thumb/arm946e-s/libc.a(libc_tinystdio_bufio.c.o)
                0x02012f60                __bufio_setdir_locked
 .text.__bufio_put
                0x02012f7a       0x50 /opt/wonderful/toolchain/gcc-arm-none-eabi/lib/gcc/arm-none-eabi/15.2.1/../../../../arm-none-eabi/lib/thumb/arm946e-s/libc.a(libc_tinystdio_bufio.c.o)
                0x02012f7a                __bufio_put
 *fill*         0x02012fca        0x2 ff
 .text.__bufio_get
                0x02012fcc       0x70 /opt/wonderful/toolchain/gcc-arm-none-eabi/lib/gcc/arm-none-eabi/15.2.1/../../../../arm-none-eabi/lib/thumb/arm946e-s/libc.a(libc_tinystdio_bufio.c.o)
                0x02012fcc                __bufio_get
 .text.__bufio_seek
                0x0201303c       0x6a /opt/wonderful/toolchain/gcc-arm-none-eabi/lib/gcc/arm-none-eabi/15.2.1/../../../../arm-none-eabi/lib/thumb/arm946e-s/libc.a(libc_tinystdio_bufio.c.o)
                0x0201303c                __bufio_seek
 .text.__bufio_setvbuf
                0x020130a6       0x88 /opt/wonderful/toolchain/gcc-arm-none-eabi/lib/gcc/arm-none-eabi/15.2.1/../../../../arm-none-eabi/lib/thumb/arm946e-s/libc.a(libc_tinystdio_bufio.c.o)
                0x020130a6                __bufio_setvbuf
 .text.__bufio_close
                0x0201312e       0x4a /opt/wonderful/toolchain/gcc-arm-none-eabi/lib/gcc/arm-none-eabi/15.2.1/../../../../arm-none-eabi/lib/thumb/arm946e-s/libc.a(libc_tinystdio_bufio.c.o)
                0x0201312e                __bufio_close
 .text.__dtox_engine
                0x02013178      0x128 /opt/wonderful/toolchain/gcc-arm-none-eabi/lib/gcc/arm-none-eabi/15.2.1/../../../../arm-none-eabi/lib/thumb/arm946e-s/libc.a(libc_tinystdio_dtox_engine.c.o)
                0x02013178                __dtox_engine
 .text.__picolibc_non_atomic_exchange_ungetc
                0x020132a0        0x8 /opt/wonderful/toolchain/gcc-arm-none-eabi/lib/gcc/arm-none-eabi/15.2.1/../../../../arm-none-eabi/lib/thumb/arm946e-s/libc.a(libc_tinystdio_exchange.c.o)
                0x020132a0                __atomic_exchange_ungetc
                0x020132a0                __picolibc_non_atomic_exchange_ungetc
 .text.getc     0x020132a8       0x44 /opt/wonderful/toolchain/gcc-arm-none-eabi/lib/gcc/arm-none-eabi/15.2.1/../../../../arm-none-eabi/lib/thumb/arm946e-s/libc.a(libc_tinystdio_fgetc.c.o)
                0x020132a8                getc_unlocked
                0x020132a8                getc
                0x020132a8                fgetc
 .text.__file_str_get
                0x020132ec       0x16 /opt/wonderful/toolchain/gcc-arm-none-eabi/lib/gcc/arm-none-eabi/15.2.1/../../../../arm-none-eabi/lib/thumb/arm946e-s/libc.a(libc_tinystdio_filestrget.c.o)
                0x020132ec                __file_str_get
 .text.__file_str_put
                0x02013302       0x10 /opt/wonderful/toolchain/gcc-arm-none-eabi/lib/gcc/arm-none-eabi/15.2.1/../../../../arm-none-eabi/lib/thumb/arm946e-s/libc.a(libc_tinystdio_filestrput.c.o)
                0x02013302                __file_str_put
 .text.putc     0x02013312       0x2c /opt/wonderful/toolchain/gcc-arm-none-eabi/lib/gcc/arm-none-eabi/15.2.1/../../../../arm-none-eabi/lib/thumb/arm946e-s/libc.a(libc_tinystdio_fputc.c.o)
                0x02013312                putc_unlocked
                0x02013312                putc
                0x02013312                fputc
 .text.ungetc   0x0201333e       0x36 /opt/wonderful/toolchain/gcc-arm-none-eabi/lib/gcc/arm-none-eabi/15.2.1/../../../../arm-none-eabi/lib/thumb/arm946e-s/libc.a(libc_tinystdio_ungetc.c.o)
                0x0201333e                ungetc
 .text.__picolibc_non_atomic_compare_exchange_ungetc
                0x02013374       0x12 /opt/wonderful/toolchain/gcc-arm-none-eabi/lib/gcc/arm-none-eabi/15.2.1/../../../../arm-none-eabi/lib/thumb/arm946e-s/libc.a(libc_tinystdio_compare_exchange.c.o)
                0x02013374                __picolibc_non_atomic_compare_exchange_ungetc
                0x02013374                __atomic_compare_exchange_ungetc
 *fill*         0x02013386        0x2 ff
 .text.gettimeofday
                0x02013388       0x1c /opt/blocksds/core/libs/libnds/lib/libnds9.a(syscalls.c.o)
                0x02013388                gettimeofday
 *fill*         0x020133a4        0x4 ff
 .text.gettimeofday.__stub
                0x020133a8       0x48 linker stubs
 *(EXCLUDE_FILE(*.twl*) .gnu.warning)
 *(EXCLUDE_FILE(*.twl*) .gnu.linkonce.t*)
 *(.glue_7)
 .glue_7        0x020133f0        0x0 linker stubs
 *(.glue_7t)
 .glue_7t       0x020133f0        0x0 linker stubs
                0x020133f0                        . = ALIGN (0x4)

.vfp11_veneer   0x020133f0        0x0
 .vfp11_veneer  0x020133f0        0x0 linker stubs

.v4_bx          0x020133f0        0x0
 .v4_bx         0x020133f0        0x0 linker stubs

.iplt           0x020133f0        0x0
 .iplt          0x020133f0        0x0 /opt/blocksds/core/sys/crts/ds_arm9_crt0.o

.fini           0x020133f0        0x8
 *(.fini)
 .fini          0x020133f0        0x8 /opt/wonderful/toolchain/gcc-arm-none-eabi/lib/gcc/arm-none-eabi/15.2.1/thumb/arm946e-s/crtn.o
                0x020133f8                        __text_end = .

.rodata         0x020133f8     0x18b4
 *(EXCLUDE_FILE(*.twl*) .rodata)
 .rodata        0x020133f8       0x90 /opt/blocksds/external/nflib/lib/libnflib.a(nf_sprite256.c.o)
 .rodata        0x02013488       0x14 /opt/blocksds/core/libs/libnds/lib/libnds9.a(fatfs.c.o)
 .rodata        0x0201349c       0x40 /opt/blocksds/core/libs/libnds/lib/libnds9.a(exceptions.c.o)
 .rodata        0x020134dc       0x18 /opt/wonderful/toolchain/gcc-arm-none-eabi/lib/gcc/arm-none-eabi/15.2.1/../../../../arm-none-eabi/lib/thumb/arm946e-s/libc.a(libc_time_month_lengths.c.o)
                0x020134dc                __month_lengths
 .rodata        0x020134f4        0xb /opt/wonderful/toolchain/gcc-arm-none-eabi/lib/gcc/arm-none-eabi/15.2.1/../../../../arm-none-eabi/lib/thumb/arm946e-s/libc.a(libc_tinystdio_vfscanf.c.o)
 *fill*         0x020134ff        0x1 ff
 .rodata        0x02013500      0x340 /opt/wonderful/toolchain/gcc-arm-none-eabi/lib/gcc/arm-none-eabi/15.2.1/../../../../arm-none-eabi/lib/thumb/arm946e-s/libc.a(libc_tinystdio_ryu_table.c.o)
 .rodata        0x02013840        0x4 /opt/wonderful/toolchain/gcc-arm-none-eabi/lib/gcc/arm-none-eabi/15.2.1/../../../../arm-none-eabi/lib/thumb/arm946e-s/libc.a(libc_stdlib_environ.c.o)
 *all.rodata*(*)
 *(EXCLUDE_FILE(*.twl*) .roda)
 *(EXCLUDE_FILE(*.twl*) .rodata.*)
 .rodata._ZN4Game6initFsEv.str1.4
                0x02013844      0x965 build/LaRosaDelsVents/source/Game.cpp.o
                                 0x10 (size before relaxing)
 .rodata._ZN4Game13loadResourcesEv.str1.4
                0x020141a9        0x0 build/LaRosaDelsVents/source/Game.cpp.o
                                 0x4e (size before relaxing)
 .rodata.NF_Error.str1.4
                0x020141a9        0x0 /opt/blocksds/external/nflib/lib/libnflib.a(nf_basic.c.o)
                                0x408 (size before relaxing)
 *fill*         0x020141a9        0x3 ff
 .rodata.NF_Error
                0x020141ac       0x5c /opt/blocksds/external/nflib/lib/libnflib.a(nf_basic.c.o)
 .rodata.NF_SetRootFolder.str1.4
                0x02014208        0x0 /opt/blocksds/external/nflib/lib/libnflib.a(nf_basic.c.o)
                                0x256 (size before relaxing)
 .rodata.NF_FileLoad.str1.4
                0x02014208        0x0 /opt/blocksds/external/nflib/lib/libnflib.a(nf_basic.c.o)
                                  0x3 (size before relaxing)
 .rodata.NF_InitTiledBgBuffers.str1.4
                0x02014208        0x0 /opt/blocksds/external/nflib/lib/libnflib.a(nf_tiledbg.c.o)
                                  0xd (size before relaxing)
 .rodata.NF_LoadTiledBg.str1.4
                0x02014208        0x0 /opt/blocksds/external/nflib/lib/libnflib.a(nf_tiledbg.c.o)
                                 0x37 (size before relaxing)
 .rodata.NF_DeleteTiledBg.str1.4
                0x02014208        0x0 /opt/blocksds/external/nflib/lib/libnflib.a(nf_tiledbg.c.o)
                                  0x3 (size before relaxing)
 .rodata.NF_LoadSpriteGfx.str1.4
                0x02014208        0x0 /opt/blocksds/external/nflib/lib/libnflib.a(nf_sprite256.c.o)
                                 0x1a (size before relaxing)
 .rodata.NF_LoadSpritePal.str1.4
                0x02014208        0x0 /opt/blocksds/external/nflib/lib/libnflib.a(nf_sprite256.c.o)
                                 0x1a (size before relaxing)
 .rodata.NF_VramSpriteGfx.str1.4
                0x02014208        0x0 /opt/blocksds/external/nflib/lib/libnflib.a(nf_sprite256.c.o)
                                 0x20 (size before relaxing)
 .rodata.NF_VramSpritePal.str1.4
                0x02014208        0x0 /opt/blocksds/external/nflib/lib/libnflib.a(nf_sprite256.c.o)
                                 0x14 (size before relaxing)
 .rodata.NF_CreateSprite.str1.4
                0x02014208        0x0 /opt/blocksds/external/nflib/lib/libnflib.a(nf_sprite256.c.o)
                                 0x18 (size before relaxing)
 .rodata.NF_SpriteFrame.str1.4
                0x02014208        0x0 /opt/blocksds/external/nflib/lib/libnflib.a(nf_2d.c.o)
                                 0x15 (size before relaxing)
 .rodata.nitrofs_use_for_path.str1.4
                0x02014208        0x0 /opt/blocksds/core/libs/libnds/lib/libnds9.a(nitrofs.c.o)
                                  0xc (size before relaxing)
 .rodata.nitroFSInit.str1.4
                0x02014208        0x0 /opt/blocksds/core/libs/libnds/lib/libnds9.a(nitrofs.c.o)
                                  0x2 (size before relaxing)
 .rodata.CSWTCH.37
                0x02014208        0xc /opt/blocksds/core/libs/libnds/lib/libnds9.a(filesystem.c.o)
 .rodata.chdir.str1.4
                0x02014214        0x0 /opt/blocksds/core/libs/libnds/lib/libnds9.a(chdir.c.o)
                                  0xb (size before relaxing)
 .rodata.fatGetDefaultCwd.str1.4
                0x02014214        0x0 /opt/blocksds/core/libs/libnds/lib/libnds9.a(fatfs.c.o)
                                  0xd (size before relaxing)
 .rodata.nandInit.str1.4
                0x02014214        0x0 /opt/blocksds/core/libs/libnds/lib/libnds9.a(fatfs.c.o)
                                  0x7 (size before relaxing)
 .rodata.systemValueHandler.str1.4
                0x02014214        0x0 /opt/blocksds/core/libs/libnds/lib/libnds9.a(system.c.o)
                                 0x2b (size before relaxing)
 .rodata.systemValueHandler
                0x02014214       0x10 /opt/blocksds/core/libs/libnds/lib/libnds9.a(system.c.o)
 .rodata.releaseCrashHandler.str1.4
                0x02014224        0x0 /opt/blocksds/core/libs/libnds/lib/libnds9.a(exceptions.c.o)
                                 0x33 (size before relaxing)
 .rodata.exceptionStatePrint.str1.4
                0x02014224        0x0 /opt/blocksds/core/libs/libnds/lib/libnds9.a(exceptions.c.o)
                                 0x58 (size before relaxing)
 .rodata.str1.4
                0x02014224        0x0 /opt/blocksds/core/libs/libnds/lib/libnds9.a(exceptions.c.o)
                                 0x40 (size before relaxing)
 .rodata.con_write
                0x02014224      0x118 /opt/blocksds/core/libs/libnds/lib/libnds9.a(console.c.o)
 .rodata.__sassert.str1.4
                0x0201433c        0x0 /opt/blocksds/core/libs/libnds/lib/libnds9.a(sassert.c.o)
                                 0x73 (size before relaxing)
 .rodata.fifoReadRxFifoAndProcessBuffer.str1.4
                0x0201433c        0x0 /opt/blocksds/core/libs/libnds/lib/libnds9.a(fifosystem.c.o)
                                 0x15 (size before relaxing)
 .rodata.__func__.0
                0x0201433c       0x19 /opt/blocksds/core/libs/libnds/lib/libnds9.a(threads.c.o)
 .rodata.follow_path.str1.4
                0x02014355        0x0 /opt/blocksds/core/libs/libnds/lib/libnds9.a(ff.c.o)
                                 0x13 (size before relaxing)
 .rodata.check_fs.str1.4
                0x02014355        0x0 /opt/blocksds/core/libs/libnds/lib/libnds9.a(ff.c.o)
                                  0x9 (size before relaxing)
 *fill*         0x02014355        0x3 ff
 .rodata.ExCvt  0x02014358       0x80 /opt/blocksds/core/libs/libnds/lib/libnds9.a(ff.c.o)
 .rodata.LfnOfs
                0x020143d8        0xd /opt/blocksds/core/libs/libnds/lib/libnds9.a(ff.c.o)
 .rodata.str1.4
                0x020143e5        0x0 /opt/blocksds/core/libs/libnds/lib/libnds9.a(ff.c.o)
                                  0xd (size before relaxing)
 *fill*         0x020143e5        0x3 ff
 .rodata.VolumeStr
                0x020143e8        0xc /opt/blocksds/core/libs/libnds/lib/libnds9.a(ff.c.o)
 .rodata.ff_wtoupper
                0x020143f4       0x24 /opt/blocksds/core/libs/libnds/lib/libnds9.a(ffunicode.c.o)
 .rodata.cvt2.0
                0x02014418       0xbc /opt/blocksds/core/libs/libnds/lib/libnds9.a(ffunicode.c.o)
 .rodata.cvt1.1
                0x020144d4      0x1f2 /opt/blocksds/core/libs/libnds/lib/libnds9.a(ffunicode.c.o)
 *fill*         0x020146c6        0x2 ff
 .rodata.uc437  0x020146c8      0x100 /opt/blocksds/core/libs/libnds/lib/libnds9.a(ffunicode.c.o)
 .rodata.default_fontTiles
                0x020147c8      0x300 /opt/blocksds/core/libs/libnds/lib/libnds9.a(default_font.png.o)
                0x020147c8                default_fontTiles
 .rodata.stderr
                0x02014ac8        0x4 /opt/blocksds/core/libs/libnds/lib/libnds9.a(iob.c.o)
                0x02014ac8                stderr
 .rodata.stdout
                0x02014acc        0x4 /opt/blocksds/core/libs/libnds/lib/libnds9.a(iob.c.o)
                0x02014acc                stdout
 .rodata.stdin  0x02014ad0        0x4 /opt/blocksds/core/libs/libnds/lib/libnds9.a(iob.c.o)
                0x02014ad0                stdin
 .rodata.SIN_LUT
                0x02014ad4      0x102 /opt/blocksds/core/libs/libnds/lib/libnds9.a(trig.c.o)
                0x02014ad4                SIN_LUT
 *fill*         0x02014bd6        0x2 ff
 .rodata.bgTransform
                0x02014bd8       0x20 /opt/blocksds/core/libs/libnds/lib/libnds9.a(background.c.o)
                0x02014bd8                bgTransform
 .rodata.bgScrollTable
                0x02014bf8       0x20 /opt/blocksds/core/libs/libnds/lib/libnds9.a(background.c.o)
                0x02014bf8                bgScrollTable
 .rodata.bgControl
                0x02014c18       0x20 /opt/blocksds/core/libs/libnds/lib/libnds9.a(background.c.o)
                0x02014c18                bgControl
 .rodata.__retarget_lock_init_recursive.str1.4
                0x02014c38        0x0 /opt/blocksds/core/libs/libnds/lib/libnds9.a(locks.c.o)
                                  0xa (size before relaxing)
 .rodata.__retarget_lock_close_recursive.str1.4
                0x02014c38        0x0 /opt/blocksds/core/libs/libnds/lib/libnds9.a(locks.c.o)
                                  0xb (size before relaxing)
 .rodata.__retarget_lock_release_recursive.str1.4
                0x02014c38        0x0 /opt/blocksds/core/libs/libnds/lib/libnds9.a(locks.c.o)
                                  0xd (size before relaxing)
 .rodata.str1.1
                0x02014c38       0x72 /opt/wonderful/toolchain/gcc-arm-none-eabi/lib/gcc/arm-none-eabi/15.2.1/../../../../arm-none-eabi/lib/thumb/arm946e-s/libc.a(libc_time_tzset.c.o)
                                 0x61 (size before relaxing)
 .rodata.str1.1
                0x02014caa        0x0 /opt/wonderful/toolchain/gcc-arm-none-eabi/lib/gcc/arm-none-eabi/15.2.1/../../../../arm-none-eabi/lib/thumb/arm946e-s/libc.a(libc_time_tzvars.c.o)
                                  0x4 (size before relaxing)
 .rodata.str1.1
                0x02014caa        0x0 /opt/wonderful/toolchain/gcc-arm-none-eabi/lib/gcc/arm-none-eabi/15.2.1/../../../../arm-none-eabi/lib/thumb/arm946e-s/libc.a(libc_tinystdio_vfprintf.c.o)
                                  0xf (size before relaxing)
 .rodata.str1.1
                0x02014caa        0x0 /opt/wonderful/toolchain/gcc-arm-none-eabi/lib/gcc/arm-none-eabi/15.2.1/../../../../arm-none-eabi/lib/thumb/arm946e-s/libc.a(libc_tinystdio_vfscanf.c.o)
                                 0x15 (size before relaxing)
 *(EXCLUDE_FILE(*.twl*) .gnu.linkonce.r*)
                0x02014cac                        . = ALIGN (0x4)
 *fill*         0x02014caa        0x2 ff

.ARM.extab
 *(.ARM.extab* .gnu.linkonce.armextab.*)
                0x02014cac                        __exidx_start = .

ARM.exidx       0x02014cac        0x8
 *(.ARM.exidx* .gnu.linkonce.armexidx.*)
 .ARM.exidx     0x02014cac        0x8 /opt/wonderful/toolchain/gcc-arm-none-eabi/lib/gcc/arm-none-eabi/15.2.1/thumb/arm946e-s/libgcc.a(_udivmoddi4.o)
                0x02014cb4                        __exidx_end = .
                0x02014cb4                        . = ALIGN (0x4)

.init_array     0x02014cb4        0x0
                [!provide]                        PROVIDE (__preinit_array_start = .)
                0x02014cb4                        PROVIDE (__bothinit_array_start = .)
 *(.preinit_array)
                [!provide]                        PROVIDE (__preinit_array_end = .)
                [!provide]                        PROVIDE (__init_array_start = .)
 *(SORT_BY_INIT_PRIORITY(.init_array.*) SORT_BY_INIT_PRIORITY(.ctors.*))
 *(.init_array EXCLUDE_FILE(*crtend?.o *crtend.o *crtbegin?.o *crtbegin.o) .ctors)
                [!provide]                        PROVIDE (__init_array_end = .)
                0x02014cb4                        PROVIDE (__bothinit_array_end = .)

.fini_array     0x02014cb4        0x0
                0x02014cb4                        PROVIDE (__fini_array_start = .)
 *(SORT_BY_INIT_PRIORITY(.fini_array.*) SORT_BY_INIT_PRIORITY(.dtors.*))
 *(.fini_array EXCLUDE_FILE(*crtend?.o *crtend.o *crtbegin?.o *crtbegin.o) .dtors)
 *(.fini_array*)
                0x02014cb4                        PROVIDE (__fini_array_end = .)

.ctors          0x02014cb4        0x0
 *crtbegin.o(.ctors)
 *crtbegin?.o(.ctors)
 *(EXCLUDE_FILE(*crtend?.o *crtend.o) .ctors)
 *(SORT_BY_NAME(.ctors.*))
 *(.ctors)
                0x02014cb4                        . = ALIGN (0x4)

.dtors          0x02014cb4        0x0
 *crtbegin.o(.dtors)
 *crtbegin?.o(.dtors)
 *(EXCLUDE_FILE(*crtend?.o *crtend.o) .dtors)
 *(SORT_BY_NAME(.dtors.*))
 *(.dtors)
                0x02014cb4                        . = ALIGN (0x4)

.eh_frame       0x02014cb4        0x4
 *(.eh_frame)
 .eh_frame      0x02014cb4        0x4 /opt/wonderful/toolchain/gcc-arm-none-eabi/lib/gcc/arm-none-eabi/15.2.1/thumb/arm946e-s/crtend.o
                0x02014cb8                        . = ALIGN (0x4)

.rel.dyn        0x02014cb8        0x0
 .rel.iplt      0x02014cb8        0x0 /opt/blocksds/core/sys/crts/ds_arm9_crt0.o

.gcc_except_table
                0x02014cb8        0x0
 *(.gcc_except_table .gcc_except_table.*)
                0x02014cb8                        . = ALIGN (0x4)

.got            0x02014cb8       0x10
 *(.got.plt)
 .got.plt       0x02014cb8        0xc /opt/blocksds/core/sys/crts/ds_arm9_crt0.o
                0x02014cb8                _GLOBAL_OFFSET_TABLE_
 *(.got)
 .got           0x02014cc4        0x4 /opt/blocksds/core/sys/crts/ds_arm9_crt0.o
 *(.rel.got)
 .rel.got       0x02014cc8        0x0 /opt/blocksds/core/sys/crts/ds_arm9_crt0.o

.ewram          0x02014cc8        0x0
                0x02014cc8                        __ewram_start = ABSOLUTE (.)
 *(.ewram)
 *ewram.*(.text)
                0x02014cc8                        . = ALIGN (0x4)

.data           0x02014cc8      0x4d4
                0x02014cc8                        __data_start = ABSOLUTE (.)
 *(EXCLUDE_FILE(*.twl*) .data)
 .data          0x02014cc8       0x28 /opt/blocksds/core/libs/libnds/lib/libnds9.a(mpu_setup.s.o)
 .data          0x02014cf0      0x410 /opt/wonderful/toolchain/gcc-arm-none-eabi/lib/gcc/arm-none-eabi/15.2.1/../../../../arm-none-eabi/lib/thumb/arm946e-s/libc.a(malloc-malloc.c.o)
                0x02014cf0                __malloc_sbrk_base
                0x02014cf4                __malloc_trim_threshold
                0x02014cf8                __malloc_av_
 .data          0x02015100        0x8 /opt/wonderful/toolchain/gcc-arm-none-eabi/lib/gcc/arm-none-eabi/15.2.1/../../../../arm-none-eabi/lib/thumb/arm946e-s/libc.a(libc_time_tzvars.c.o)
                0x02015100                tzname
 .data          0x02015108        0x4 /opt/wonderful/toolchain/gcc-arm-none-eabi/lib/gcc/arm-none-eabi/15.2.1/../../../../arm-none-eabi/lib/thumb/arm946e-s/libc.a(libc_stdlib_environ.c.o)
                0x02015108                environ
 *(EXCLUDE_FILE(*.twl*) .data.*)
 .data.oamSub   0x0201510c       0x14 /opt/blocksds/core/libs/libnds/lib/libnds9.a(sprite.c.o)
                0x0201510c                oamSub
 .data.oamMain  0x02015120       0x14 /opt/blocksds/core/libs/libnds/lib/libnds9.a(sprite.c.o)
                0x02015120                oamMain
 .data.count    0x02015134        0x1 /opt/blocksds/core/libs/libnds/lib/libnds9.a(keys.c.o)
 .data.repeat   0x02015135        0x1 /opt/blocksds/core/libs/libnds/lib/libnds9.a(keys.c.o)
 .data.delay    0x02015136        0x1 /opt/blocksds/core/libs/libnds/lib/libnds9.a(keys.c.o)
 *fill*         0x02015137        0x1 ff
 .data.latchedArm7Buttons
                0x02015138        0x2 /opt/blocksds/core/libs/libnds/lib/libnds9.a(keys.c.o)
 .data.receivedArm7Buttons
                0x0201513a        0x2 /opt/blocksds/core/libs/libnds/lib/libnds9.a(keys.c.o)
 .data.dldi_mode
                0x0201513c        0x1 /opt/blocksds/core/libs/libnds/lib/libnds9.a(dldi.c.o)
 *fill*         0x0201513d        0x3 ff
 .data.__io_dldi_arm7_interface
                0x02015140       0x20 /opt/blocksds/core/libs/libnds/lib/libnds9.a(dldi.c.o)
                0x02015140                __io_dldi_arm7_interface
 .data.firstConsoleInit.0
                0x02015160        0x1 /opt/blocksds/core/libs/libnds/lib/libnds9.a(console.c.o)
 *fill*         0x02015161        0x3 ff
 .data.currentConsole
                0x02015164        0x4 /opt/blocksds/core/libs/libnds/lib/libnds9.a(console.c.o)
 .data.__stderr
                0x02015168       0x10 /opt/blocksds/core/libs/libnds/lib/libnds9.a(iob.c.o)
 .data.__stdout
                0x02015178       0x10 /opt/blocksds/core/libs/libnds/lib/libnds9.a(iob.c.o)
 .data.__stdin  0x02015188       0x10 /opt/blocksds/core/libs/libnds/lib/libnds9.a(iob.c.o)
 .data.lastKey  0x02015198        0x2 /opt/blocksds/core/libs/libnds/lib/libnds9.a(keyboard.c.o)
                0x02015198                lastKey
 *(EXCLUDE_FILE(*.twl*) .gnu.linkonce.d*)
                0x0201519c                        . = ALIGN (0x4)
 *fill*         0x0201519a        0x2 ff

.igot.plt       0x0201519c        0x0
 .igot.plt      0x0201519c        0x0 /opt/blocksds/core/sys/crts/ds_arm9_crt0.o

.tdata          0x0201519c        0x0
                0x0201519c                        __tdata_start = ABSOLUTE (.)
 *(.tdata .tdata.* .gnu.linkonce.td.*)
                0x0201519c                        . = ALIGN (0x4)
                0x0201519c                        __tdata_end = ABSOLUTE (.)
                0x0201519c                        __data_end = .
                0x00000000                        __tdata_size = (__tdata_end - __tdata_start)

.tbss           0x0201519c       0x28
                0x0201519c                        __tbss_start = ABSOLUTE (.)
 *(.tbss .tbss.* .gnu.linkonce.tb.*)
 .tbss          0x0201519c        0x4 /opt/wonderful/toolchain/gcc-arm-none-eabi/lib/gcc/arm-none-eabi/15.2.1/../../../../arm-none-eabi/lib/thumb/arm946e-s/libc.a(libc_errno_errno.c.o)
                0x0201519c                errno
 .tbss          0x020151a0       0x24 /opt/wonderful/toolchain/gcc-arm-none-eabi/lib/gcc/arm-none-eabi/15.2.1/../../../../arm-none-eabi/lib/thumb/arm946e-s/libc.a(libc_time_lcltime_buf.c.o)
                0x020151a0                _localtime_buf
 *(.tcommon)
                0x020151c4                        . = ALIGN (0x4)
                0x020151c4                        __tbss_end = ABSOLUTE (.)
                0x00000028                        __tbss_size = (__tbss_end - __tbss_start)
                0x0201519c                        __bss_vma = .

.dtcm           0x02ff0000        0x0 load address 0x0201519c
                0x0201519c                        __dtcm_lma = LOADADDR (.dtcm)
 *(.dtcm)
 *(.dtcm.*)
                0x02ff0000                        . = ALIGN (0x4)
                0x02ff0000                        __dtcm_end = ABSOLUTE (.)

.itcm           0x01000000      0x458 load address 0x0201519c
                0x0201519c                        __itcm_lma = LOADADDR (.itcm)
                0x01000000                        __itcm_start = ABSOLUTE (.)
 *(.vectors .vectors.*)
 *(.itcm)
 *(.itcm.*)
 .itcm.text     0x01000000       0x8c /opt/blocksds/core/libs/libnds/lib/libnds9.a(cache.c.o)
                0x01000000                CP15_CleanAndFlushDCacheRange
                0x01000034                CP15_FlushDCacheRange
                0x01000060                CP15_FlushICacheRange
 .itcm.data     0x0100008c       0x80 /opt/blocksds/core/libs/libnds/lib/libnds9.a(interrupts.c.o)
                0x0100008c                irqTable
 .itcm.text     0x0100010c       0xc0 /opt/blocksds/core/libs/libnds/lib/libnds9.a(threads.c.o)
                0x0100010c                cothread_yield_signal
                0x01000154                cothread_send_signal
 .itcm.data     0x010001cc        0x4 /opt/blocksds/core/libs/libnds/lib/libnds9.a(threads.c.o)
                0x010001cc                __tls
 .itcm.bss      0x010001d0       0x8c /opt/blocksds/core/libs/libnds/lib/libnds9.a(threads.c.o)
                0x010001d0                cothread_threads_waiting_count
                0x010001d4                cothread_threads_count
                0x010001d8                cothread_list_signal
                0x010001dc                cothread_list_irq
 .itcm.text     0x0100025c       0x90 /opt/blocksds/core/libs/libnds/lib/libnds9.a(swiIntrWait.c.o)
                0x0100025c                swiIntrWait
                0x010002e0                swiWaitForVBlank
 .itcm.setCpuClock
                0x010002ec       0x50 /opt/blocksds/core/libs/libnds/lib/libnds9.a(cpu_clock.s.o)
                0x010002ec                setCpuClock
 .itcm.IntrMain
                0x0100033c      0x110 /opt/blocksds/core/libs/libnds/lib/libnds9.a(interruptDispatcher.s.o)
                0x0100033c                IntrMain
                0x01000448                irq_nesting_level
 *fill*         0x0100044c        0x4 ff
 .itcm.IntrMain.__stub
                0x01000450        0x8 linker stubs
 *.itcm*(.text .stub .text.*)
                0x01000458                        . = ALIGN (0x4)
                0x01000458                        __itcm_end = ABSOLUTE (.)

.sbss           0x02ff0000        0x0
                0x02ff0000                        __sbss_start = ABSOLUTE (.)
                0x02ff0000                        __sbss_start__ = ABSOLUTE (.)
 *(.sbss)
 *(.sbss.*)
                0x02ff0000                        . = ALIGN (0x4)
                0x02ff0000                        __sbss_end = ABSOLUTE (.)

.bss            0x0201519c     0x89cc
                0x0201519c                        __bss_start = ABSOLUTE (.)
                0x0201519c                        __bss_start__ = ABSOLUTE (.)
 *(EXCLUDE_FILE(*.twl*) .dynbss)
 *(EXCLUDE_FILE(*.twl*) .gnu.linkonce.b*)
 *(EXCLUDE_FILE(*.twl*) .bss*)
 .bss.NF_ROOTFOLDER
                0x0201519c       0x40 /opt/blocksds/external/nflib/lib/libnflib.a(nf_basic.c.o)
                0x0201519c                NF_ROOTFOLDER
 .bss.NF_MAPBLOCKS